Warp 1.12.0 initialized:
   CUDA Toolkit 12.9, Driver 13.0
   Devices:
     "cpu"      : "x86_64"
     "cuda:0"   : "NVIDIA GeForce RTX 4060 Laptop GPU" (8 GiB, sm_89, mempool enabled)
   Kernel cache:
     /workspace/.cache/warp
torch current cudaStream_t : 0
warp current cudaStream_t  : 823333856
to drop: 537224
to drop: 537224

=== twodrop0: N=1,047,968  (two-drop sedimentation t=0 (generated, seed 0)) ===
  [gravity] reference: 6.3s  ||u_far||=1.2425e+05  ||u_self+u_far||=1.2427e+05
    pdeg=7 l=0 leaf=1024  mac=0.8   rel_far=1.133e-06  rel_total=1.133e-06  far= 8052.71 ms (trav 5929.4 p2p 1915.5 up 194.6 build 8.7)  pairs=7,335,886  asym=6.032e-04
    pdeg=7 l=1 leaf=1024  mac=0.8   rel_far=1.138e-06  rel_total=1.138e-06  far= 2372.57 ms (trav 223.1 p2p 1944.1 up 195.7 build 8.8)  pairs=7,335,886  asym=6.032e-04
    pdeg=7 l=2 leaf=1024  mac=0.8   rel_far=1.138e-06  rel_total=1.138e-06  far=  535.30 ms (trav 220.4 p2p 86.6 up 207.3 build 11.4)  pairs=7,335,886  asym=6.032e-04
    pdeg=5 l=0 leaf=1024  mac=0.8   rel_far=3.365e-05  rel_total=3.365e-05  far= 4875.47 ms (trav 2839.4 p2p 1926.7 up 95.3 build 8.8)  pairs=7,335,886  asym=3.531e-03
    pdeg=5 l=1 leaf=1024  mac=0.8   rel_far=3.365e-05  rel_total=3.365e-05  far= 2209.65 ms (trav 159.2 p2p 1940.2 up 97.0 build 8.8)  pairs=7,335,886  asym=3.531e-03
    pdeg=5 l=2 leaf=1024  mac=0.8   rel_far=3.365e-05  rel_total=3.365e-05  far=  367.76 ms (trav 151.6 p2p 84.3 up 114.1 build 11.4)  pairs=7,335,886  asym=3.531e-03
  [random] reference: 6.3s  ||u_far||=1.9981e+01  ||u_self+u_far||=2.0097e+01
    pdeg=7 l=0 leaf=1024  mac=0.8   rel_far=3.089e-04  rel_total=3.071e-04  far= 8100.32 ms (trav 5964.7 p2p 1926.7 up 195.8 build 9.0)  pairs=7,335,886  asym=6.032e-04
    pdeg=7 l=1 leaf=1024  mac=0.8   rel_far=3.089e-04  rel_total=3.072e-04  far= 2433.31 ms (trav 350.1 p2p 1951.6 up 195.7 build 9.0)  pairs=7,335,886  asym=6.032e-04
    pdeg=7 l=2 leaf=1024  mac=0.8   rel_far=3.089e-04  rel_total=3.072e-04  far=  569.87 ms (trav 246.4 p2p 89.0 up 212.9 build 11.7)  pairs=7,335,886  asym=6.032e-04
    pdeg=5 l=0 leaf=1024  mac=0.8   rel_far=1.782e-03  rel_total=1.771e-03  far= 4875.80 ms (trav 2839.6 p2p 1926.7 up 93.6 build 9.0)  pairs=7,335,886  asym=3.531e-03
    pdeg=5 l=1 leaf=1024  mac=0.8   rel_far=1.782e-03  rel_total=1.771e-03  far= 2216.15 ms (trav 160.4 p2p 1945.1 up 95.9 build 8.9)  pairs=7,335,886  asym=3.531e-03
    pdeg=5 l=2 leaf=1024  mac=0.8   rel_far=1.782e-03  rel_total=1.771e-03  far=  381.19 ms (trav 167.3 p2p 86.7 up 110.4 build 11.8)  pairs=7,335,886  asym=3.531e-03

wrote 12 rows -> data/widebvh_4060_sweep.csv
