Warp 1.12.0 initialized:
   CUDA Toolkit 12.9, Driver 13.0
   Devices:
     "cpu"      : "x86_64"
     "cuda:0"   : "NVIDIA GeForce RTX 4060 Laptop GPU" (8 GiB, sm_89, mempool enabled)
   Kernel cache:
     /workspace/.cache/warp
torch current cudaStream_t : 0
warp current cudaStream_t  : 864717536
to drop: 537224
to drop: 537224

=== twodrop0: N=1,047,968  (two-drop sedimentation t=0 (generated, seed 0)) ===
  [gravity] reference: 6.3s  ||u_far||=1.2425e+05  ||u_self+u_far||=1.2427e+05
    pdeg=7 l=2 leaf=1024  mac=0.8   rel_far=1.138e-06  rel_total=1.138e-06  far=  538.17 ms (trav 222.1 p2p 85.7 up 223.8 build 11.3)  pairs=7,335,886  asym=6.032e-04
    pdeg=7 l=3 leaf=1024  mac=0.8   rel_far=1.138e-06  rel_total=1.138e-06  far=  354.09 ms (trav 230.9 p2p 87.6 up 17.7 build 11.0)  pairs=7,335,886  asym=6.029e-04
    pdeg=5 l=2 leaf=1024  mac=0.8   rel_far=3.365e-05  rel_total=3.365e-05  far=  369.15 ms (trav 156.2 p2p 84.0 up 104.0 build 11.2)  pairs=7,335,886  asym=3.531e-03
    pdeg=5 l=3 leaf=1024  mac=0.8   rel_far=3.365e-05  rel_total=3.365e-05  far=  274.92 ms (trav 176.4 p2p 77.3 up 9.3 build 9.5)  pairs=7,335,886  asym=3.531e-03
  [random] reference: 6.3s  ||u_far||=1.9981e+01  ||u_self+u_far||=2.0097e+01
    pdeg=7 l=2 leaf=1024  mac=0.8   rel_far=3.089e-04  rel_total=3.072e-04  far=  540.27 ms (trav 214.7 p2p 88.4 up 207.9 build 11.4)  pairs=7,335,886  asym=6.032e-04
    pdeg=7 l=3 leaf=1024  mac=0.8   rel_far=3.089e-04  rel_total=3.071e-04  far=  362.12 ms (trav 236.6 p2p 89.1 up 19.3 build 11.5)  pairs=7,335,886  asym=6.029e-04
    pdeg=5 l=2 leaf=1024  mac=0.8   rel_far=1.782e-03  rel_total=1.771e-03  far=  376.70 ms (trav 157.1 p2p 85.8 up 121.6 build 11.5)  pairs=7,335,886  asym=3.531e-03
    pdeg=5 l=3 leaf=1024  mac=0.8   rel_far=1.782e-03  rel_total=1.771e-03  far=  284.49 ms (trav 172.2 p2p 84.6 up 9.6 build 11.1)  pairs=7,335,886  asym=3.531e-03

wrote 8 rows -> data/widebvh_4060_sweep.csv
