Warp 1.12.0 initialized:
   CUDA Toolkit 12.9, Driver 13.0
   Devices:
     "cpu"      : "x86_64"
     "cuda:0"   : "NVIDIA GeForce RTX 4060 Laptop GPU" (8 GiB, sm_89, mempool enabled)
   Kernel cache:
     /workspace/.cache/warp
torch current cudaStream_t : 0
warp current cudaStream_t  : 936268496
Generating Drop 1...
to drop: 537224
Generating Drop 2...
to drop: 537224
Total particles: 1047968
Initializing Mob_Nbody_Torch...
Initializing MobStkFMM...
Far field: widebvh treecode, policy=bary, mac=0.8, PDEG=7, order=0, maxLeaf=1024, fp32_level=3, pair_budget_gb=1.0
Starting simulation...
[MobFMM] far-field FMM GPU time: 363.308 ms
Building spatial grid for neighbor search...
Positions shape: (1047968,)
Counting neighbors per particle...
    Module src.hashgrid_neighbors 86a8751 load on device 'cuda:0' took 0.52 ms  (cached)
Total near-field pairs found: 21166894
Collecting neighbor edge indexes...
Warp::HashGrid took 37.75 ms
no of NN interactions: 21166894
skipping cudagraphs due to graph with symbolic shapes inputs and config.triton.cudagraph_skip_dynamic_graphs=True. Found from   File "/workspace/pinn-stokes/src/gpu_mob_2b.py", line 104, in forward
    contribution = torch.zeros_like(force)


[Mob_Nbody] Base velocity compute time: 5987.668 ms
W0818 07:41:35.208000 210 torch/_logging/_internal.py:1154] [1/0] Profiler function <class 'torch.autograd.profiler.record_function'> will be ignored
skipping cudagraphs due to graph with symbolic shapes inputs and config.triton.cudagraph_skip_dynamic_graphs=True. Found from   File "/workspace/pinn-stokes/src/gpu_nbody_mob.py", line 125, in forward
    return self.parent._nbody_chunk_velocity(
  File "/opt/venv/lib/python3.12/site-packages/torch/utils/_contextlib.py", line 120, in decorate_context
    return func(*args, **kwargs)
  File "/workspace/pinn-stokes/src/gpu_nbody_mob.py", line 279, in _nbody_chunk_velocity
    top_k_indices, neighbor_mask = self.get_k_per_pair(
  File "/opt/venv/lib/python3.12/site-packages/torch/utils/_contextlib.py", line 120, in decorate_context
    return func(*args, **kwargs)
  File "/workspace/pinn-stokes/src/gpu_nbody_mob.py", line 220, in get_k_per_pair
    candidate_mask = torch.cat([topk_mask[t_idx], topk_mask[s_idx]], dim=1)


[Mob_Nbody] Post-base path time: 6315.576 ms
[MobFMM] peak GPU memory: allocated 2394.51 MB, reserved 3322.00 MB
[MobFMM] near-field construction: 37.889 ms
[MobFMM] near-field operator time: 12303.248 ms
[MobFMM] overall Nearfield time: 12,350.362 ms
[MobFMM] near-field particles updates per sec: 84,853.22
[MobFMM] total GPU time: 12717.189 ms
[MobFMM] total particles updates per sec: 82,405.63


[MobFMM] far-field FMM GPU time: 363.529 ms
Building spatial grid for neighbor search...
Positions shape: (1047968,)
Counting neighbors per particle...
Total near-field pairs found: 21469804
Collecting neighbor edge indexes...
Warp::HashGrid took 11.93 ms
no of NN interactions: 21469804
[Mob_Nbody] Base velocity compute time: 666.931 ms
[Mob_Nbody] Post-base path time: 1553.832 ms
[MobFMM] peak GPU memory: allocated 2579.99 MB, reserved 3322.00 MB
[MobFMM] near-field construction: 12.046 ms
[MobFMM] near-field operator time: 2220.871 ms
[MobFMM] overall Nearfield time: 2,233.600 ms
[MobFMM] near-field particles updates per sec: 469,183.41
[MobFMM] total GPU time: 2598.178 ms
[MobFMM] total particles updates per sec: 403,347.31


[MobFMM] far-field FMM GPU time: 369.304 ms
Building spatial grid for neighbor search...
Positions shape: (1047968,)
Counting neighbors per particle...
Total near-field pairs found: 21835286
Collecting neighbor edge indexes...
Warp::HashGrid took 11.77 ms
no of NN interactions: 21835286
[Mob_Nbody] Base velocity compute time: 693.305 ms
[Mob_Nbody] Post-base path time: 1596.939 ms
[MobFMM] peak GPU memory: allocated 2579.99 MB, reserved 3542.00 MB
[MobFMM] near-field construction: 11.871 ms
[MobFMM] near-field operator time: 2290.343 ms
[MobFMM] overall Nearfield time: 2,302.988 ms
[MobFMM] near-field particles updates per sec: 455,047.09
[MobFMM] total GPU time: 2673.328 ms
[MobFMM] total particles updates per sec: 392,008.74


[MobFMM] far-field FMM GPU time: 384.562 ms
Building spatial grid for neighbor search...
Positions shape: (1047968,)
Counting neighbors per particle...
Total near-field pairs found: 22042150
Collecting neighbor edge indexes...
Warp::HashGrid took 11.95 ms
no of NN interactions: 22042150
[Mob_Nbody] Base velocity compute time: 674.484 ms
[Mob_Nbody] Post-base path time: 1605.797 ms
[MobFMM] peak GPU memory: allocated 2579.99 MB, reserved 3542.00 MB
[MobFMM] near-field construction: 12.052 ms
[MobFMM] near-field operator time: 2280.385 ms
[MobFMM] overall Nearfield time: 2,293.135 ms
[MobFMM] near-field particles updates per sec: 457,002.21
[MobFMM] total GPU time: 2678.704 ms
[MobFMM] total particles updates per sec: 391,222.01


[MobFMM] far-field FMM GPU time: 382.566 ms
Building spatial grid for neighbor search...
Positions shape: (1047968,)
Counting neighbors per particle...
Total near-field pairs found: 22085574
Collecting neighbor edge indexes...
Warp::HashGrid took 12.25 ms
no of NN interactions: 22085574
[Mob_Nbody] Base velocity compute time: 672.058 ms
[Mob_Nbody] Post-base path time: 1610.109 ms
[MobFMM] peak GPU memory: allocated 2579.99 MB, reserved 3542.00 MB
[MobFMM] near-field construction: 12.347 ms
[MobFMM] near-field operator time: 2282.321 ms
[MobFMM] overall Nearfield time: 2,295.363 ms
[MobFMM] near-field particles updates per sec: 456,558.81
[MobFMM] total GPU time: 2678.939 ms
[MobFMM] total particles updates per sec: 391,187.75


Saving configuration at t=0.00
Saved VTK file: figures/drop_1M_4060_leaf1024/particles_0.0.vtk
Step t=0.00
[MobFMM] far-field FMM GPU time: 354.274 ms
Building spatial grid for neighbor search...
Positions shape: (1047968,)
Counting neighbors per particle...
Total near-field pairs found: 21166894
Collecting neighbor edge indexes...
Warp::HashGrid took 10.46 ms
no of NN interactions: 21166894
[Mob_Nbody] Base velocity compute time: 636.491 ms
[Mob_Nbody] Post-base path time: 1549.711 ms
[MobFMM] peak GPU memory: allocated 2579.99 MB, reserved 3542.00 MB
[MobFMM] near-field construction: 10.548 ms
[MobFMM] near-field operator time: 2186.277 ms
[MobFMM] overall Nearfield time: 2,197.490 ms
[MobFMM] near-field particles updates per sec: 476,893.08
[MobFMM] total GPU time: 2552.868 ms
[MobFMM] total particles updates per sec: 410,506.12


Velocity computed in 2.553 seconds.
Step t=0.01
[MobFMM] far-field FMM GPU time: 372.197 ms
Building spatial grid for neighbor search...
Positions shape: (1047968,)
Counting neighbors per particle...
Total near-field pairs found: 21469804
Collecting neighbor edge indexes...
Warp::HashGrid took 11.81 ms
no of NN interactions: 21469804
[Mob_Nbody] Base velocity compute time: 659.744 ms
[Mob_Nbody] Post-base path time: 1555.691 ms
[MobFMM] peak GPU memory: allocated 2579.99 MB, reserved 3542.00 MB
[MobFMM] near-field construction: 11.909 ms
[MobFMM] near-field operator time: 2215.513 ms
[MobFMM] overall Nearfield time: 2,228.101 ms
[MobFMM] near-field particles updates per sec: 470,341.32
[MobFMM] total GPU time: 2601.295 ms
[MobFMM] total particles updates per sec: 402,864.01


Velocity computed in 2.602 seconds.
Step t=0.02
[MobFMM] far-field FMM GPU time: 366.160 ms
Building spatial grid for neighbor search...
Positions shape: (1047968,)
Counting neighbors per particle...
Total near-field pairs found: 21835288
Collecting neighbor edge indexes...
Warp::HashGrid took 11.93 ms
no of NN interactions: 21835288
[Mob_Nbody] Base velocity compute time: 669.724 ms
[Mob_Nbody] Post-base path time: 1593.262 ms
[MobFMM] peak GPU memory: allocated 2579.99 MB, reserved 3542.00 MB
[MobFMM] near-field construction: 12.020 ms
[MobFMM] near-field operator time: 2263.063 ms
[MobFMM] overall Nearfield time: 2,275.770 ms
[MobFMM] near-field particles updates per sec: 460,489.36
[MobFMM] total GPU time: 2642.912 ms
[MobFMM] total particles updates per sec: 396,520.15


Velocity computed in 2.643 seconds.
Step t=0.03
[MobFMM] far-field FMM GPU time: 376.940 ms
Building spatial grid for neighbor search...
Positions shape: (1047968,)
Counting neighbors per particle...
Total near-field pairs found: 22042148
Collecting neighbor edge indexes...
Warp::HashGrid took 12.09 ms
no of NN interactions: 22042148
[Mob_Nbody] Base velocity compute time: 673.402 ms
[Mob_Nbody] Post-base path time: 1607.738 ms
[MobFMM] peak GPU memory: allocated 2579.99 MB, reserved 3542.00 MB
[MobFMM] near-field construction: 12.212 ms
[MobFMM] near-field operator time: 2281.228 ms
[MobFMM] overall Nearfield time: 2,294.136 ms
[MobFMM] near-field particles updates per sec: 456,802.96
[MobFMM] total GPU time: 2672.094 ms
[MobFMM] total particles updates per sec: 392,189.76


Velocity computed in 2.672 seconds.
Step t=0.04
[MobFMM] far-field FMM GPU time: 383.938 ms
Building spatial grid for neighbor search...
Positions shape: (1047968,)
Counting neighbors per particle...
Total near-field pairs found: 22085562
Collecting neighbor edge indexes...
Warp::HashGrid took 12.01 ms
no of NN interactions: 22085562
[Mob_Nbody] Base velocity compute time: 674.783 ms
[Mob_Nbody] Post-base path time: 1619.307 ms
[MobFMM] peak GPU memory: allocated 2579.99 MB, reserved 3542.00 MB
[MobFMM] near-field construction: 12.104 ms
[MobFMM] near-field operator time: 2294.161 ms
[MobFMM] overall Nearfield time: 2,306.957 ms
[MobFMM] near-field particles updates per sec: 454,264.16
[MobFMM] total GPU time: 2691.863 ms
[MobFMM] total particles updates per sec: 389,309.63


Velocity computed in 2.692 seconds.
Step t=0.05
[MobFMM] far-field FMM GPU time: 391.959 ms
Building spatial grid for neighbor search...
Positions shape: (1047968,)
Counting neighbors per particle...
Total near-field pairs found: 21883830
Collecting neighbor edge indexes...
Warp::HashGrid took 11.68 ms
no of NN interactions: 21883830
[Mob_Nbody] Base velocity compute time: 669.890 ms
[Mob_Nbody] Post-base path time: 1588.370 ms
[MobFMM] peak GPU memory: allocated 2579.99 MB, reserved 3542.00 MB
[MobFMM] near-field construction: 11.763 ms
[MobFMM] near-field operator time: 2258.335 ms
[MobFMM] overall Nearfield time: 2,270.782 ms
[MobFMM] near-field particles updates per sec: 461,500.83
[MobFMM] total GPU time: 2663.725 ms
[MobFMM] total particles updates per sec: 393,421.98


Velocity computed in 2.664 seconds.
Step t=0.06
[MobFMM] far-field FMM GPU time: 366.005 ms
Building spatial grid for neighbor search...
Positions shape: (1047968,)
Counting neighbors per particle...
Total near-field pairs found: 21663046
Collecting neighbor edge indexes...
Warp::HashGrid took 11.66 ms
no of NN interactions: 21663046
[Mob_Nbody] Base velocity compute time: 700.483 ms
[Mob_Nbody] Post-base path time: 1588.933 ms
[MobFMM] peak GPU memory: allocated 2579.99 MB, reserved 3542.00 MB
[MobFMM] near-field construction: 11.744 ms
[MobFMM] near-field operator time: 2289.492 ms
[MobFMM] overall Nearfield time: 2,301.992 ms
[MobFMM] near-field particles updates per sec: 455,243.99
[MobFMM] total GPU time: 2668.971 ms
[MobFMM] total particles updates per sec: 392,648.71


Velocity computed in 2.669 seconds.
Step t=0.07
[MobFMM] far-field FMM GPU time: 375.504 ms
Building spatial grid for neighbor search...
Positions shape: (1047968,)
Counting neighbors per particle...
Total near-field pairs found: 21463432
Collecting neighbor edge indexes...
Warp::HashGrid took 11.71 ms
no of NN interactions: 21463432
[Mob_Nbody] Base velocity compute time: 664.201 ms
[Mob_Nbody] Post-base path time: 1557.143 ms
[MobFMM] peak GPU memory: allocated 2579.99 MB, reserved 3542.00 MB
[MobFMM] near-field construction: 11.800 ms
[MobFMM] near-field operator time: 2221.419 ms
[MobFMM] overall Nearfield time: 2,233.896 ms
[MobFMM] near-field particles updates per sec: 469,121.16
[MobFMM] total GPU time: 2610.899 ms
[MobFMM] total particles updates per sec: 401,382.06


Velocity computed in 2.611 seconds.
Step t=0.08
[MobFMM] far-field FMM GPU time: 366.933 ms
Building spatial grid for neighbor search...
Positions shape: (1047968,)
Counting neighbors per particle...
Total near-field pairs found: 21241750
Collecting neighbor edge indexes...
Warp::HashGrid took 11.86 ms
no of NN interactions: 21241750
[Mob_Nbody] Base velocity compute time: 659.379 ms
[Mob_Nbody] Post-base path time: 1555.183 ms
[MobFMM] peak GPU memory: allocated 2579.99 MB, reserved 3542.00 MB
[MobFMM] near-field construction: 11.965 ms
[MobFMM] near-field operator time: 2214.643 ms
[MobFMM] overall Nearfield time: 2,227.366 ms
[MobFMM] near-field particles updates per sec: 470,496.55
[MobFMM] total GPU time: 2595.312 ms
[MobFMM] total particles updates per sec: 403,792.76


Velocity computed in 2.596 seconds.
Step t=0.09
[MobFMM] far-field FMM GPU time: 381.705 ms
Building spatial grid for neighbor search...
Positions shape: (1047968,)
Counting neighbors per particle...
Total near-field pairs found: 21088906
Collecting neighbor edge indexes...
Warp::HashGrid took 11.71 ms
no of NN interactions: 21088906
[Mob_Nbody] Base velocity compute time: 651.617 ms
[Mob_Nbody] Post-base path time: 1533.764 ms
[MobFMM] peak GPU memory: allocated 2579.99 MB, reserved 3542.00 MB
[MobFMM] near-field construction: 11.808 ms
[MobFMM] near-field operator time: 2185.460 ms
[MobFMM] overall Nearfield time: 2,197.940 ms
[MobFMM] near-field particles updates per sec: 476,795.45
[MobFMM] total GPU time: 2580.666 ms
[MobFMM] total particles updates per sec: 406,084.28


Velocity computed in 2.581 seconds.
Saving configuration at t=0.10
Saved VTK file: figures/drop_1M_4060_leaf1024/particles_0.1.vtk
Step t=0.10
[MobFMM] far-field FMM GPU time: 372.528 ms
Building spatial grid for neighbor search...
Positions shape: (1047968,)
Counting neighbors per particle...
Total near-field pairs found: 21056970
Collecting neighbor edge indexes...
Warp::HashGrid took 11.60 ms
no of NN interactions: 21056970
[Mob_Nbody] Base velocity compute time: 634.790 ms
[Mob_Nbody] Post-base path time: 1547.818 ms
[MobFMM] peak GPU memory: allocated 2579.99 MB, reserved 3542.00 MB
[MobFMM] near-field construction: 11.698 ms
[MobFMM] near-field operator time: 2182.688 ms
[MobFMM] overall Nearfield time: 2,195.059 ms
[MobFMM] near-field particles updates per sec: 477,421.42
[MobFMM] total GPU time: 2568.662 ms
[MobFMM] total particles updates per sec: 407,982.04


Velocity computed in 2.569 seconds.
Step t=0.11
[MobFMM] far-field FMM GPU time: 382.806 ms
Building spatial grid for neighbor search...
Positions shape: (1047968,)
Counting neighbors per particle...
Total near-field pairs found: 21098578
Collecting neighbor edge indexes...
Warp::HashGrid took 11.66 ms
no of NN interactions: 21098578
[Mob_Nbody] Base velocity compute time: 653.393 ms
[Mob_Nbody] Post-base path time: 1549.149 ms
[MobFMM] peak GPU memory: allocated 2579.99 MB, reserved 3542.00 MB
[MobFMM] near-field construction: 11.753 ms
[MobFMM] near-field operator time: 2202.619 ms
[MobFMM] overall Nearfield time: 2,215.049 ms
[MobFMM] near-field particles updates per sec: 473,112.72
[MobFMM] total GPU time: 2598.798 ms
[MobFMM] total particles updates per sec: 403,250.99


Velocity computed in 2.599 seconds.
Step t=0.12
[MobFMM] far-field FMM GPU time: 382.094 ms
Building spatial grid for neighbor search...
Positions shape: (1047968,)
Counting neighbors per particle...
Total near-field pairs found: 21163734
Collecting neighbor edge indexes...
Warp::HashGrid took 11.76 ms
no of NN interactions: 21163734
[Mob_Nbody] Base velocity compute time: 648.440 ms
[Mob_Nbody] Post-base path time: 1553.414 ms
[MobFMM] peak GPU memory: allocated 2579.99 MB, reserved 3542.00 MB
[MobFMM] near-field construction: 11.848 ms
[MobFMM] near-field operator time: 2201.937 ms
[MobFMM] overall Nearfield time: 2,214.469 ms
[MobFMM] near-field particles updates per sec: 473,236.80
[MobFMM] total GPU time: 2597.549 ms
[MobFMM] total particles updates per sec: 403,444.97


Velocity computed in 2.598 seconds.
Step t=0.13
[MobFMM] far-field FMM GPU time: 385.061 ms
Building spatial grid for neighbor search...
Positions shape: (1047968,)
Counting neighbors per particle...
Total near-field pairs found: 21214332
Collecting neighbor edge indexes...
Warp::HashGrid took 11.93 ms
no of NN interactions: 21214332
[Mob_Nbody] Base velocity compute time: 672.215 ms
[Mob_Nbody] Post-base path time: 1559.753 ms
[MobFMM] peak GPU memory: allocated 2579.99 MB, reserved 3542.00 MB
[MobFMM] near-field construction: 12.037 ms
[MobFMM] near-field operator time: 2232.050 ms
[MobFMM] overall Nearfield time: 2,245.138 ms
[MobFMM] near-field particles updates per sec: 466,772.26
[MobFMM] total GPU time: 2631.190 ms
[MobFMM] total particles updates per sec: 398,286.64


Velocity computed in 2.632 seconds.
Step t=0.14
[MobFMM] far-field FMM GPU time: 381.964 ms
Building spatial grid for neighbor search...
Positions shape: (1047968,)
Counting neighbors per particle...
Total near-field pairs found: 21223822
Collecting neighbor edge indexes...
Warp::HashGrid took 11.67 ms
no of NN interactions: 21223822
[Mob_Nbody] Base velocity compute time: 661.874 ms
[Mob_Nbody] Post-base path time: 1543.587 ms
[MobFMM] peak GPU memory: allocated 2579.99 MB, reserved 3542.00 MB
[MobFMM] near-field construction: 11.749 ms
[MobFMM] near-field operator time: 2205.533 ms
[MobFMM] overall Nearfield time: 2,217.974 ms
[MobFMM] near-field particles updates per sec: 472,488.88
[MobFMM] total GPU time: 2600.921 ms
[MobFMM] total particles updates per sec: 402,921.87


Velocity computed in 2.601 seconds.
Step t=0.15
[MobFMM] far-field FMM GPU time: 367.942 ms
Building spatial grid for neighbor search...
Positions shape: (1047968,)
Counting neighbors per particle...
Total near-field pairs found: 21201490
Collecting neighbor edge indexes...
Warp::HashGrid took 11.85 ms
no of NN interactions: 21201490
[Mob_Nbody] Base velocity compute time: 671.779 ms
[Mob_Nbody] Post-base path time: 1562.991 ms
[MobFMM] peak GPU memory: allocated 2579.99 MB, reserved 3542.00 MB
[MobFMM] near-field construction: 11.946 ms
[MobFMM] near-field operator time: 2234.865 ms
[MobFMM] overall Nearfield time: 2,247.583 ms
[MobFMM] near-field particles updates per sec: 466,264.53
[MobFMM] total GPU time: 2616.546 ms
[MobFMM] total particles updates per sec: 400,515.74


Velocity computed in 2.617 seconds.
Step t=0.16
[MobFMM] far-field FMM GPU time: 388.668 ms
Building spatial grid for neighbor search...
Positions shape: (1047968,)
Counting neighbors per particle...
Total near-field pairs found: 21147020
Collecting neighbor edge indexes...
Warp::HashGrid took 11.54 ms
no of NN interactions: 21147020
[Mob_Nbody] Base velocity compute time: 649.990 ms
[Mob_Nbody] Post-base path time: 1553.091 ms
[MobFMM] peak GPU memory: allocated 2579.99 MB, reserved 3542.00 MB
[MobFMM] near-field construction: 11.646 ms
[MobFMM] near-field operator time: 2203.167 ms
[MobFMM] overall Nearfield time: 2,215.511 ms
[MobFMM] near-field particles updates per sec: 473,014.13
[MobFMM] total GPU time: 2605.173 ms
[MobFMM] total particles updates per sec: 402,264.32


Velocity computed in 2.606 seconds.
Step t=0.17
[MobFMM] far-field FMM GPU time: 387.597 ms
Building spatial grid for neighbor search...
Positions shape: (1047968,)
Counting neighbors per particle...
Total near-field pairs found: 21049604
Collecting neighbor edge indexes...
Warp::HashGrid took 11.69 ms
no of NN interactions: 21049604
[Mob_Nbody] Base velocity compute time: 646.542 ms
[Mob_Nbody] Post-base path time: 1542.621 ms
[MobFMM] peak GPU memory: allocated 2579.99 MB, reserved 3542.00 MB
[MobFMM] near-field construction: 11.774 ms
[MobFMM] near-field operator time: 2189.239 ms
[MobFMM] overall Nearfield time: 2,201.700 ms
[MobFMM] near-field particles updates per sec: 475,981.19
[MobFMM] total GPU time: 2590.848 ms
[MobFMM] total particles updates per sec: 404,488.43


Velocity computed in 2.591 seconds.
Step t=0.18
[MobFMM] far-field FMM GPU time: 383.981 ms
Building spatial grid for neighbor search...
Positions shape: (1047968,)
Counting neighbors per particle...
Total near-field pairs found: 20911470
Collecting neighbor edge indexes...
Warp::HashGrid took 11.80 ms
no of NN interactions: 20911470
[Mob_Nbody] Base velocity compute time: 643.048 ms
[Mob_Nbody] Post-base path time: 1536.954 ms
[MobFMM] peak GPU memory: allocated 2579.99 MB, reserved 3542.00 MB
[MobFMM] near-field construction: 11.902 ms
[MobFMM] near-field operator time: 2180.081 ms
[MobFMM] overall Nearfield time: 2,192.680 ms
[MobFMM] near-field particles updates per sec: 477,939.39
[MobFMM] total GPU time: 2577.674 ms
[MobFMM] total particles updates per sec: 406,555.67


Velocity computed in 2.578 seconds.
Step t=0.19
[MobFMM] far-field FMM GPU time: 392.018 ms
Building spatial grid for neighbor search...
Positions shape: (1047968,)
Counting neighbors per particle...
Total near-field pairs found: 20747952
Collecting neighbor edge indexes...
Warp::HashGrid took 11.48 ms
no of NN interactions: 20747952
[Mob_Nbody] Base velocity compute time: 643.120 ms
[Mob_Nbody] Post-base path time: 1514.479 ms
[MobFMM] peak GPU memory: allocated 2579.99 MB, reserved 3542.00 MB
[MobFMM] near-field construction: 11.565 ms
[MobFMM] near-field operator time: 2157.674 ms
[MobFMM] overall Nearfield time: 2,169.917 ms
[MobFMM] near-field particles updates per sec: 482,952.98
[MobFMM] total GPU time: 2562.938 ms
[MobFMM] total particles updates per sec: 408,893.27


Velocity computed in 2.563 seconds.
Saving configuration at t=0.20
Saved VTK file: figures/drop_1M_4060_leaf1024/particles_0.2.vtk
Step t=0.20
[MobFMM] far-field FMM GPU time: 383.562 ms
Building spatial grid for neighbor search...
Positions shape: (1047968,)
Counting neighbors per particle...
Total near-field pairs found: 20568008
Collecting neighbor edge indexes...
Warp::HashGrid took 11.52 ms
no of NN interactions: 20568008
[Mob_Nbody] Base velocity compute time: 618.688 ms
[Mob_Nbody] Post-base path time: 1515.501 ms
[MobFMM] peak GPU memory: allocated 2579.99 MB, reserved 3542.00 MB
[MobFMM] near-field construction: 11.637 ms
[MobFMM] near-field operator time: 2134.275 ms
[MobFMM] overall Nearfield time: 2,146.605 ms
[MobFMM] near-field particles updates per sec: 488,197.94
[MobFMM] total GPU time: 2531.253 ms
[MobFMM] total particles updates per sec: 414,011.53


Velocity computed in 2.531 seconds.
Step t=0.21
[MobFMM] far-field FMM GPU time: 388.865 ms
Building spatial grid for neighbor search...
Positions shape: (1047968,)
Counting neighbors per particle...
Total near-field pairs found: 20385236
Collecting neighbor edge indexes...
Warp::HashGrid took 11.52 ms
no of NN interactions: 20385236
[Mob_Nbody] Base velocity compute time: 624.070 ms
[Mob_Nbody] Post-base path time: 1497.722 ms
[MobFMM] peak GPU memory: allocated 2579.99 MB, reserved 3542.00 MB
[MobFMM] near-field construction: 11.615 ms
[MobFMM] near-field operator time: 2121.869 ms
[MobFMM] overall Nearfield time: 2,134.161 ms
[MobFMM] near-field particles updates per sec: 491,044.46
[MobFMM] total GPU time: 2524.002 ms
[MobFMM] total particles updates per sec: 415,200.91


Velocity computed in 2.524 seconds.
Step t=0.22
[MobFMM] far-field FMM GPU time: 392.645 ms
Building spatial grid for neighbor search...
Positions shape: (1047968,)
Counting neighbors per particle...
Total near-field pairs found: 20206870
Collecting neighbor edge indexes...
Warp::HashGrid took 11.54 ms
no of NN interactions: 20206870
[Mob_Nbody] Base velocity compute time: 624.849 ms
[Mob_Nbody] Post-base path time: 1468.802 ms
[MobFMM] peak GPU memory: allocated 2579.99 MB, reserved 3542.00 MB
[MobFMM] near-field construction: 11.635 ms
[MobFMM] near-field operator time: 2093.758 ms
[MobFMM] overall Nearfield time: 2,106.071 ms
[MobFMM] near-field particles updates per sec: 497,593.85
[MobFMM] total GPU time: 2499.984 ms
[MobFMM] total particles updates per sec: 419,189.82


Velocity computed in 2.500 seconds.
Step t=0.23
[MobFMM] far-field FMM GPU time: 380.886 ms
Building spatial grid for neighbor search...
Positions shape: (1047968,)
Counting neighbors per particle...
Total near-field pairs found: 20036096
Collecting neighbor edge indexes...
Warp::HashGrid took 11.33 ms
no of NN interactions: 20036096
[Mob_Nbody] Base velocity compute time: 637.687 ms
[Mob_Nbody] Post-base path time: 1481.524 ms
[MobFMM] peak GPU memory: allocated 2579.99 MB, reserved 3544.00 MB
[MobFMM] near-field construction: 11.419 ms
[MobFMM] near-field operator time: 2119.286 ms
[MobFMM] overall Nearfield time: 2,131.444 ms
[MobFMM] near-field particles updates per sec: 491,670.53
[MobFMM] total GPU time: 2513.357 ms
[MobFMM] total particles updates per sec: 416,959.52


Velocity computed in 2.514 seconds.
Step t=0.24
[MobFMM] far-field FMM GPU time: 390.769 ms
Building spatial grid for neighbor search...
Positions shape: (1047968,)
Counting neighbors per particle...
Total near-field pairs found: 19874706
Collecting neighbor edge indexes...
Warp::HashGrid took 11.68 ms
no of NN interactions: 19874706
[Mob_Nbody] Base velocity compute time: 616.387 ms
[Mob_Nbody] Post-base path time: 1447.096 ms
[MobFMM] peak GPU memory: allocated 2579.99 MB, reserved 3544.00 MB
[MobFMM] near-field construction: 11.778 ms
[MobFMM] near-field operator time: 2063.558 ms
[MobFMM] overall Nearfield time: 2,076.003 ms
[MobFMM] near-field particles updates per sec: 504,800.71
[MobFMM] total GPU time: 2467.758 ms
[MobFMM] total particles updates per sec: 424,664.00


Velocity computed in 2.468 seconds.
Step t=0.25
[MobFMM] far-field FMM GPU time: 384.570 ms
Building spatial grid for neighbor search...
Positions shape: (1047968,)
Counting neighbors per particle...
Total near-field pairs found: 19727596
Collecting neighbor edge indexes...
Warp::HashGrid took 11.70 ms
no of NN interactions: 19727596
[Mob_Nbody] Base velocity compute time: 605.873 ms
[Mob_Nbody] Post-base path time: 1451.677 ms
[MobFMM] peak GPU memory: allocated 2579.99 MB, reserved 3544.00 MB
[MobFMM] near-field construction: 11.792 ms
[MobFMM] near-field operator time: 2057.631 ms
[MobFMM] overall Nearfield time: 2,070.078 ms
[MobFMM] near-field particles updates per sec: 506,245.57
[MobFMM] total GPU time: 2455.621 ms
[MobFMM] total particles updates per sec: 426,762.87


Velocity computed in 2.456 seconds.
Step t=0.26
[MobFMM] far-field FMM GPU time: 392.846 ms
Building spatial grid for neighbor search...
Positions shape: (1047968,)
Counting neighbors per particle...
Total near-field pairs found: 19596568
Collecting neighbor edge indexes...
Warp::HashGrid took 11.34 ms
no of NN interactions: 19596568
[Mob_Nbody] Base velocity compute time: 605.974 ms
[Mob_Nbody] Post-base path time: 1437.153 ms
[MobFMM] peak GPU memory: allocated 2579.99 MB, reserved 3544.00 MB
[MobFMM] near-field construction: 11.453 ms
[MobFMM] near-field operator time: 2043.210 ms
[MobFMM] overall Nearfield time: 2,055.318 ms
[MobFMM] near-field particles updates per sec: 509,881.23
[MobFMM] total GPU time: 2449.177 ms
[MobFMM] total particles updates per sec: 427,885.69


Velocity computed in 2.450 seconds.
Step t=0.27
[MobFMM] far-field FMM GPU time: 384.629 ms
Building spatial grid for neighbor search...
Positions shape: (1047968,)
Counting neighbors per particle...
Total near-field pairs found: 19489944
Collecting neighbor edge indexes...
Warp::HashGrid took 11.18 ms
no of NN interactions: 19489944
[Mob_Nbody] Base velocity compute time: 607.230 ms
[Mob_Nbody] Post-base path time: 1437.683 ms
[MobFMM] peak GPU memory: allocated 2579.99 MB, reserved 3544.00 MB
[MobFMM] near-field construction: 11.272 ms
[MobFMM] near-field operator time: 2044.986 ms
[MobFMM] overall Nearfield time: 2,056.887 ms
[MobFMM] near-field particles updates per sec: 509,492.15
[MobFMM] total GPU time: 2444.213 ms
[MobFMM] total particles updates per sec: 428,754.80


Velocity computed in 2.445 seconds.
Step t=0.28
[MobFMM] far-field FMM GPU time: 399.594 ms
Building spatial grid for neighbor search...
Positions shape: (1047968,)
Counting neighbors per particle...
Total near-field pairs found: 19411288
Collecting neighbor edge indexes...
Warp::HashGrid took 11.43 ms
no of NN interactions: 19411288
[Mob_Nbody] Base velocity compute time: 608.447 ms
[Mob_Nbody] Post-base path time: 1420.603 ms
[MobFMM] peak GPU memory: allocated 2579.99 MB, reserved 3544.00 MB
[MobFMM] near-field construction: 11.519 ms
[MobFMM] near-field operator time: 2029.122 ms
[MobFMM] overall Nearfield time: 2,041.268 ms
[MobFMM] near-field particles updates per sec: 513,390.65
[MobFMM] total GPU time: 2441.842 ms
[MobFMM] total particles updates per sec: 429,171.17


Velocity computed in 2.442 seconds.
Step t=0.29
[MobFMM] far-field FMM GPU time: 391.439 ms
Building spatial grid for neighbor search...
Positions shape: (1047968,)
Counting neighbors per particle...
Total near-field pairs found: 19373320
Collecting neighbor edge indexes...
Warp::HashGrid took 11.15 ms
no of NN interactions: 19373320
[Mob_Nbody] Base velocity compute time: 599.388 ms
[Mob_Nbody] Post-base path time: 1431.457 ms
[MobFMM] peak GPU memory: allocated 2579.99 MB, reserved 3544.00 MB
[MobFMM] near-field construction: 11.248 ms
[MobFMM] near-field operator time: 2030.926 ms
[MobFMM] overall Nearfield time: 2,042.798 ms
[MobFMM] near-field particles updates per sec: 513,006.16
[MobFMM] total GPU time: 2435.218 ms
[MobFMM] total particles updates per sec: 430,338.43


Velocity computed in 2.436 seconds.
Saving configuration at t=0.30
Saved VTK file: figures/drop_1M_4060_leaf1024/particles_0.3.vtk
Step t=0.30
[MobFMM] far-field FMM GPU time: 392.935 ms
Building spatial grid for neighbor search...
Positions shape: (1047968,)
Counting neighbors per particle...
Total near-field pairs found: 19378794
Collecting neighbor edge indexes...
Warp::HashGrid took 11.12 ms
no of NN interactions: 19378794
[Mob_Nbody] Base velocity compute time: 584.251 ms
[Mob_Nbody] Post-base path time: 1433.283 ms
[MobFMM] peak GPU memory: allocated 2579.99 MB, reserved 3544.00 MB
[MobFMM] near-field construction: 11.216 ms
[MobFMM] near-field operator time: 2017.609 ms
[MobFMM] overall Nearfield time: 2,029.449 ms
[MobFMM] near-field particles updates per sec: 516,380.50
[MobFMM] total GPU time: 2423.449 ms
[MobFMM] total particles updates per sec: 432,428.29


Velocity computed in 2.424 seconds.
Step t=0.31
[MobFMM] far-field FMM GPU time: 403.254 ms
Building spatial grid for neighbor search...
Positions shape: (1047968,)
Counting neighbors per particle...
Total near-field pairs found: 19414092
Collecting neighbor edge indexes...
Warp::HashGrid took 11.09 ms
no of NN interactions: 19414092
[Mob_Nbody] Base velocity compute time: 595.049 ms
[Mob_Nbody] Post-base path time: 1419.561 ms
[MobFMM] peak GPU memory: allocated 2579.99 MB, reserved 3544.00 MB
[MobFMM] near-field construction: 11.180 ms
[MobFMM] near-field operator time: 2014.685 ms
[MobFMM] overall Nearfield time: 2,026.488 ms
[MobFMM] near-field particles updates per sec: 517,135.05
[MobFMM] total GPU time: 2430.741 ms
[MobFMM] total particles updates per sec: 431,131.00


Velocity computed in 2.431 seconds.
Step t=0.32
[MobFMM] far-field FMM GPU time: 388.287 ms
Building spatial grid for neighbor search...
Positions shape: (1047968,)
Counting neighbors per particle...
Total near-field pairs found: 19461518
Collecting neighbor edge indexes...
Warp::HashGrid took 11.09 ms
no of NN interactions: 19461518
[Mob_Nbody] Base velocity compute time: 618.212 ms
[Mob_Nbody] Post-base path time: 1434.266 ms
[MobFMM] peak GPU memory: allocated 2579.99 MB, reserved 3544.00 MB
[MobFMM] near-field construction: 11.180 ms
[MobFMM] near-field operator time: 2052.557 ms
[MobFMM] overall Nearfield time: 2,064.433 ms
[MobFMM] near-field particles updates per sec: 507,629.91
[MobFMM] total GPU time: 2453.713 ms
[MobFMM] total particles updates per sec: 427,094.84


Velocity computed in 2.454 seconds.
Step t=0.33
[MobFMM] far-field FMM GPU time: 402.368 ms
Building spatial grid for neighbor search...
Positions shape: (1047968,)
Counting neighbors per particle...
Total near-field pairs found: 19515122
Collecting neighbor edge indexes...
Warp::HashGrid took 11.20 ms
no of NN interactions: 19515122
[Mob_Nbody] Base velocity compute time: 602.315 ms
[Mob_Nbody] Post-base path time: 1422.021 ms
[MobFMM] peak GPU memory: allocated 2579.99 MB, reserved 3544.00 MB
[MobFMM] near-field construction: 11.311 ms
[MobFMM] near-field operator time: 2024.418 ms
[MobFMM] overall Nearfield time: 2,036.365 ms
[MobFMM] near-field particles updates per sec: 514,626.92
[MobFMM] total GPU time: 2439.731 ms
[MobFMM] total particles updates per sec: 429,542.40


Velocity computed in 2.440 seconds.
Step t=0.34
[MobFMM] far-field FMM GPU time: 388.275 ms
Building spatial grid for neighbor search...
Positions shape: (1047968,)
Counting neighbors per particle...
Total near-field pairs found: 19572102
Collecting neighbor edge indexes...
Warp::HashGrid took 11.17 ms
no of NN interactions: 19572102
[Mob_Nbody] Base velocity compute time: 627.511 ms
[Mob_Nbody] Post-base path time: 1443.756 ms
[MobFMM] peak GPU memory: allocated 2579.99 MB, reserved 3544.00 MB
[MobFMM] near-field construction: 11.260 ms
[MobFMM] near-field operator time: 2071.341 ms
[MobFMM] overall Nearfield time: 2,083.303 ms
[MobFMM] near-field particles updates per sec: 503,031.85
[MobFMM] total GPU time: 2472.546 ms
[MobFMM] total particles updates per sec: 423,841.59


Velocity computed in 2.473 seconds.
Step t=0.35
[MobFMM] far-field FMM GPU time: 406.813 ms
Building spatial grid for neighbor search...
Positions shape: (1047968,)
Counting neighbors per particle...
Total near-field pairs found: 19631846
Collecting neighbor edge indexes...
Warp::HashGrid took 11.40 ms
no of NN interactions: 19631846
[Mob_Nbody] Base velocity compute time: 602.787 ms
[Mob_Nbody] Post-base path time: 1434.723 ms
[MobFMM] peak GPU memory: allocated 2579.99 MB, reserved 3544.00 MB
[MobFMM] near-field construction: 11.487 ms
[MobFMM] near-field operator time: 2037.588 ms
[MobFMM] overall Nearfield time: 2,049.711 ms
[MobFMM] near-field particles updates per sec: 511,275.93
[MobFMM] total GPU time: 2457.544 ms
[MobFMM] total particles updates per sec: 426,428.91


Velocity computed in 2.458 seconds.
Step t=0.36
[MobFMM] far-field FMM GPU time: 393.009 ms
Building spatial grid for neighbor search...
Positions shape: (1047968,)
Counting neighbors per particle...
Total near-field pairs found: 19690316
Collecting neighbor edge indexes...
Warp::HashGrid took 11.14 ms
no of NN interactions: 19690316
[Mob_Nbody] Base velocity compute time: 608.641 ms
[Mob_Nbody] Post-base path time: 1445.495 ms
[MobFMM] peak GPU memory: allocated 2579.99 MB, reserved 3544.00 MB
[MobFMM] near-field construction: 11.242 ms
[MobFMM] near-field operator time: 2054.229 ms
[MobFMM] overall Nearfield time: 2,066.125 ms
[MobFMM] near-field particles updates per sec: 507,214.29
[MobFMM] total GPU time: 2460.168 ms
[MobFMM] total particles updates per sec: 425,974.12


Velocity computed in 2.461 seconds.
Step t=0.37
[MobFMM] far-field FMM GPU time: 388.218 ms
Building spatial grid for neighbor search...
Positions shape: (1047968,)
Counting neighbors per particle...
Total near-field pairs found: 19753252
Collecting neighbor edge indexes...
Warp::HashGrid took 11.41 ms
no of NN interactions: 19753252
[Mob_Nbody] Base velocity compute time: 630.808 ms
[Mob_Nbody] Post-base path time: 1458.078 ms
[MobFMM] peak GPU memory: allocated 2579.99 MB, reserved 3544.00 MB
[MobFMM] near-field construction: 11.510 ms
[MobFMM] near-field operator time: 2089.013 ms
[MobFMM] overall Nearfield time: 2,101.258 ms
[MobFMM] near-field particles updates per sec: 498,733.54
[MobFMM] total GPU time: 2491.815 ms
[MobFMM] total particles updates per sec: 420,564.18


Velocity computed in 2.492 seconds.
Step t=0.38
[MobFMM] far-field FMM GPU time: 396.751 ms
Building spatial grid for neighbor search...
Positions shape: (1047968,)
Counting neighbors per particle...
Total near-field pairs found: 19821568
Collecting neighbor edge indexes...
Warp::HashGrid took 11.40 ms
no of NN interactions: 19821568
[Mob_Nbody] Base velocity compute time: 618.175 ms
[Mob_Nbody] Post-base path time: 1447.210 ms
[MobFMM] peak GPU memory: allocated 2579.99 MB, reserved 3544.00 MB
[MobFMM] near-field construction: 11.490 ms
[MobFMM] near-field operator time: 2065.470 ms
[MobFMM] overall Nearfield time: 2,077.605 ms
[MobFMM] near-field particles updates per sec: 504,411.52
[MobFMM] total GPU time: 2475.441 ms
[MobFMM] total particles updates per sec: 423,345.95


Velocity computed in 2.476 seconds.
Step t=0.39
[MobFMM] far-field FMM GPU time: 383.072 ms
Building spatial grid for neighbor search...
Positions shape: (1047968,)
Counting neighbors per particle...
Total near-field pairs found: 19885990
Collecting neighbor edge indexes...
Warp::HashGrid took 11.25 ms
no of NN interactions: 19885990
[Mob_Nbody] Base velocity compute time: 619.373 ms
[Mob_Nbody] Post-base path time: 1465.866 ms
[MobFMM] peak GPU memory: allocated 2579.99 MB, reserved 3544.00 MB
[MobFMM] near-field construction: 11.335 ms
[MobFMM] near-field operator time: 2085.309 ms
[MobFMM] overall Nearfield time: 2,097.288 ms
[MobFMM] near-field particles updates per sec: 499,677.66
[MobFMM] total GPU time: 2481.313 ms
[MobFMM] total particles updates per sec: 422,344.18


Velocity computed in 2.482 seconds.
Saving configuration at t=0.40
Saved VTK file: figures/drop_1M_4060_leaf1024/particles_0.4.vtk
Step t=0.40
[MobFMM] far-field FMM GPU time: 391.643 ms
Building spatial grid for neighbor search...
Positions shape: (1047968,)
Counting neighbors per particle...
Total near-field pairs found: 19943134
Collecting neighbor edge indexes...
Warp::HashGrid took 11.09 ms
no of NN interactions: 19943134
[Mob_Nbody] Base velocity compute time: 609.433 ms
[Mob_Nbody] Post-base path time: 1453.594 ms
[MobFMM] peak GPU memory: allocated 2579.99 MB, reserved 3544.00 MB
[MobFMM] near-field construction: 11.192 ms
[MobFMM] near-field operator time: 2063.107 ms
[MobFMM] overall Nearfield time: 2,074.960 ms
[MobFMM] near-field particles updates per sec: 505,054.56
[MobFMM] total GPU time: 2467.710 ms
[MobFMM] total particles updates per sec: 424,672.19


Velocity computed in 2.468 seconds.
Step t=0.41
[MobFMM] far-field FMM GPU time: 386.653 ms
Building spatial grid for neighbor search...
Positions shape: (1047968,)
Counting neighbors per particle...
Total near-field pairs found: 19996780
Collecting neighbor edge indexes...
Warp::HashGrid took 11.14 ms
no of NN interactions: 19996780
[Mob_Nbody] Base velocity compute time: 627.359 ms
[Mob_Nbody] Post-base path time: 1472.251 ms
[MobFMM] peak GPU memory: allocated 2579.99 MB, reserved 3544.00 MB
[MobFMM] near-field construction: 11.229 ms
[MobFMM] near-field operator time: 2099.682 ms
[MobFMM] overall Nearfield time: 2,111.640 ms
[MobFMM] near-field particles updates per sec: 496,281.65
[MobFMM] total GPU time: 2499.275 ms
[MobFMM] total particles updates per sec: 419,308.86


Velocity computed in 2.500 seconds.
Step t=0.42
[MobFMM] far-field FMM GPU time: 400.611 ms
Building spatial grid for neighbor search...
Positions shape: (1047968,)
Counting neighbors per particle...
Total near-field pairs found: 20047430
Collecting neighbor edge indexes...
Warp::HashGrid took 11.52 ms
no of NN interactions: 20047430
[Mob_Nbody] Base velocity compute time: 626.181 ms
[Mob_Nbody] Post-base path time: 1460.743 ms
[MobFMM] peak GPU memory: allocated 2579.99 MB, reserved 3544.00 MB
[MobFMM] near-field construction: 11.617 ms
[MobFMM] near-field operator time: 2086.994 ms
[MobFMM] overall Nearfield time: 2,099.271 ms
[MobFMM] near-field particles updates per sec: 499,205.74
[MobFMM] total GPU time: 2500.891 ms
[MobFMM] total particles updates per sec: 419,037.80


Velocity computed in 2.501 seconds.
Step t=0.43
[MobFMM] far-field FMM GPU time: 391.352 ms
Building spatial grid for neighbor search...
Positions shape: (1047968,)
Counting neighbors per particle...
Total near-field pairs found: 20089480
Collecting neighbor edge indexes...
Warp::HashGrid took 11.37 ms
no of NN interactions: 20089480
[Mob_Nbody] Base velocity compute time: 636.268 ms
[Mob_Nbody] Post-base path time: 1485.995 ms
[MobFMM] peak GPU memory: allocated 2579.99 MB, reserved 3544.00 MB
[MobFMM] near-field construction: 11.470 ms
[MobFMM] near-field operator time: 2122.352 ms
[MobFMM] overall Nearfield time: 2,134.562 ms
[MobFMM] near-field particles updates per sec: 490,952.24
[MobFMM] total GPU time: 2527.061 ms
[MobFMM] total particles updates per sec: 414,698.33


Velocity computed in 2.527 seconds.
Step t=0.44
[MobFMM] far-field FMM GPU time: 388.636 ms
Building spatial grid for neighbor search...
Positions shape: (1047968,)
Counting neighbors per particle...
Total near-field pairs found: 20126116
Collecting neighbor edge indexes...
Warp::HashGrid took 11.22 ms
no of NN interactions: 20126116
[Mob_Nbody] Base velocity compute time: 640.447 ms
[Mob_Nbody] Post-base path time: 1482.762 ms
[MobFMM] peak GPU memory: allocated 2579.99 MB, reserved 3544.00 MB
[MobFMM] near-field construction: 11.335 ms
[MobFMM] near-field operator time: 2123.286 ms
[MobFMM] overall Nearfield time: 2,135.365 ms
[MobFMM] near-field particles updates per sec: 490,767.73
[MobFMM] total GPU time: 2524.920 ms
[MobFMM] total particles updates per sec: 415,049.99


Velocity computed in 2.525 seconds.
Step t=0.45
[MobFMM] far-field FMM GPU time: 403.246 ms
Building spatial grid for neighbor search...
Positions shape: (1047968,)
Counting neighbors per particle...
Total near-field pairs found: 20161582
Collecting neighbor edge indexes...
Warp::HashGrid took 11.21 ms
no of NN interactions: 20161582
[Mob_Nbody] Base velocity compute time: 643.317 ms
[Mob_Nbody] Post-base path time: 1492.234 ms
[MobFMM] peak GPU memory: allocated 2579.99 MB, reserved 3544.00 MB
[MobFMM] near-field construction: 11.299 ms
[MobFMM] near-field operator time: 2135.623 ms
[MobFMM] overall Nearfield time: 2,147.665 ms
[MobFMM] near-field particles updates per sec: 487,956.91
[MobFMM] total GPU time: 2551.875 ms
[MobFMM] total particles updates per sec: 410,665.80


Velocity computed in 2.552 seconds.
Step t=0.46
[MobFMM] far-field FMM GPU time: 403.389 ms
Building spatial grid for neighbor search...
Positions shape: (1047968,)
Counting neighbors per particle...
Total near-field pairs found: 20189088
Collecting neighbor edge indexes...
Warp::HashGrid took 11.52 ms
no of NN interactions: 20189088
[Mob_Nbody] Base velocity compute time: 627.262 ms
[Mob_Nbody] Post-base path time: 1471.484 ms
[MobFMM] peak GPU memory: allocated 2579.99 MB, reserved 3544.00 MB
[MobFMM] near-field construction: 11.612 ms
[MobFMM] near-field operator time: 2098.825 ms
[MobFMM] overall Nearfield time: 2,111.109 ms
[MobFMM] near-field particles updates per sec: 496,406.36
[MobFMM] total GPU time: 2515.530 ms
[MobFMM] total particles updates per sec: 416,599.32


Velocity computed in 2.516 seconds.
Step t=0.47
[MobFMM] far-field FMM GPU time: 395.388 ms
Building spatial grid for neighbor search...
Positions shape: (1047968,)
Counting neighbors per particle...
Total near-field pairs found: 20207560
Collecting neighbor edge indexes...
Warp::HashGrid took 11.65 ms
no of NN interactions: 20207560
[Mob_Nbody] Base velocity compute time: 633.774 ms
[Mob_Nbody] Post-base path time: 1474.321 ms
[MobFMM] peak GPU memory: allocated 2579.99 MB, reserved 3544.00 MB
[MobFMM] near-field construction: 11.760 ms
[MobFMM] near-field operator time: 2108.177 ms
[MobFMM] overall Nearfield time: 2,120.612 ms
[MobFMM] near-field particles updates per sec: 494,181.91
[MobFMM] total GPU time: 2517.057 ms
[MobFMM] total particles updates per sec: 416,346.49


Velocity computed in 2.517 seconds.
Step t=0.48
[MobFMM] far-field FMM GPU time: 393.425 ms
Building spatial grid for neighbor search...
Positions shape: (1047968,)
Counting neighbors per particle...
Total near-field pairs found: 20218352
Collecting neighbor edge indexes...
Warp::HashGrid took 11.33 ms
no of NN interactions: 20218352
[Mob_Nbody] Base velocity compute time: 645.256 ms
[Mob_Nbody] Post-base path time: 1496.105 ms
[MobFMM] peak GPU memory: allocated 2579.99 MB, reserved 3544.00 MB
[MobFMM] near-field construction: 11.428 ms
[MobFMM] near-field operator time: 2141.437 ms
[MobFMM] overall Nearfield time: 2,153.608 ms
[MobFMM] near-field particles updates per sec: 486,610.34
[MobFMM] total GPU time: 2548.623 ms
[MobFMM] total particles updates per sec: 411,189.84


Velocity computed in 2.549 seconds.
Step t=0.49
[MobFMM] far-field FMM GPU time: 403.096 ms
Building spatial grid for neighbor search...
Positions shape: (1047968,)
Counting neighbors per particle...
Total near-field pairs found: 20220784
Collecting neighbor edge indexes...
Warp::HashGrid took 11.59 ms
no of NN interactions: 20220784
[Mob_Nbody] Base velocity compute time: 633.850 ms
[Mob_Nbody] Post-base path time: 1474.361 ms
[MobFMM] peak GPU memory: allocated 2579.99 MB, reserved 3544.00 MB
[MobFMM] near-field construction: 11.690 ms
[MobFMM] near-field operator time: 2108.293 ms
[MobFMM] overall Nearfield time: 2,120.662 ms
[MobFMM] near-field particles updates per sec: 494,170.19
[MobFMM] total GPU time: 2524.817 ms
[MobFMM] total particles updates per sec: 415,066.85


Velocity computed in 2.525 seconds.
Saving configuration at t=0.50
Saved VTK file: figures/drop_1M_4060_leaf1024/particles_0.5.vtk
Step t=0.50
[MobFMM] far-field FMM GPU time: 393.818 ms
Building spatial grid for neighbor search...
Positions shape: (1047968,)
Counting neighbors per particle...
Total near-field pairs found: 20222528
Collecting neighbor edge indexes...
Warp::HashGrid took 11.32 ms
no of NN interactions: 20222528
[Mob_Nbody] Base velocity compute time: 608.487 ms
[Mob_Nbody] Post-base path time: 1493.900 ms
[MobFMM] peak GPU memory: allocated 2579.99 MB, reserved 3544.00 MB
[MobFMM] near-field construction: 11.415 ms
[MobFMM] near-field operator time: 2102.479 ms
[MobFMM] overall Nearfield time: 2,114.560 ms
[MobFMM] near-field particles updates per sec: 495,596.23
[MobFMM] total GPU time: 2509.479 ms
[MobFMM] total particles updates per sec: 417,603.89


Velocity computed in 2.510 seconds.
Step t=0.51
[MobFMM] far-field FMM GPU time: 396.223 ms
Building spatial grid for neighbor search...
Positions shape: (1047968,)
Counting neighbors per particle...
Total near-field pairs found: 20219870
Collecting neighbor edge indexes...
Warp::HashGrid took 11.42 ms
no of NN interactions: 20219870
[Mob_Nbody] Base velocity compute time: 627.170 ms
[Mob_Nbody] Post-base path time: 1475.090 ms
[MobFMM] peak GPU memory: allocated 2579.99 MB, reserved 3544.00 MB
[MobFMM] near-field construction: 11.538 ms
[MobFMM] near-field operator time: 2102.344 ms
[MobFMM] overall Nearfield time: 2,114.565 ms
[MobFMM] near-field particles updates per sec: 495,595.09
[MobFMM] total GPU time: 2511.813 ms
[MobFMM] total particles updates per sec: 417,215.81


Velocity computed in 2.512 seconds.
Step t=0.52
[MobFMM] far-field FMM GPU time: 384.028 ms
Building spatial grid for neighbor search...
Positions shape: (1047968,)
Counting neighbors per particle...
Total near-field pairs found: 20214204
Collecting neighbor edge indexes...
Warp::HashGrid took 11.44 ms
no of NN interactions: 20214204
[Mob_Nbody] Base velocity compute time: 645.898 ms
[Mob_Nbody] Post-base path time: 1490.210 ms
[MobFMM] peak GPU memory: allocated 2579.99 MB, reserved 3544.00 MB
[MobFMM] near-field construction: 11.535 ms
[MobFMM] near-field operator time: 2136.190 ms
[MobFMM] overall Nearfield time: 2,148.465 ms
[MobFMM] near-field particles updates per sec: 487,775.32
[MobFMM] total GPU time: 2533.555 ms
[MobFMM] total particles updates per sec: 413,635.36


Velocity computed in 2.534 seconds.
Step t=0.53
[MobFMM] far-field FMM GPU time: 380.259 ms
Building spatial grid for neighbor search...
Positions shape: (1047968,)
Counting neighbors per particle...
Total near-field pairs found: 20200896
Collecting neighbor edge indexes...
Warp::HashGrid took 11.46 ms
no of NN interactions: 20200896
[Mob_Nbody] Base velocity compute time: 638.609 ms
[Mob_Nbody] Post-base path time: 1483.565 ms
[MobFMM] peak GPU memory: allocated 2579.99 MB, reserved 3544.00 MB
[MobFMM] near-field construction: 11.564 ms
[MobFMM] near-field operator time: 2122.262 ms
[MobFMM] overall Nearfield time: 2,134.571 ms
[MobFMM] near-field particles updates per sec: 490,950.11
[MobFMM] total GPU time: 2515.939 ms
[MobFMM] total particles updates per sec: 416,531.53


Velocity computed in 2.516 seconds.
Step t=0.54
[MobFMM] far-field FMM GPU time: 390.927 ms
Building spatial grid for neighbor search...
Positions shape: (1047968,)
Counting neighbors per particle...
Total near-field pairs found: 20184000
Collecting neighbor edge indexes...
Warp::HashGrid took 11.49 ms
no of NN interactions: 20184000
[Mob_Nbody] Base velocity compute time: 641.407 ms
[Mob_Nbody] Post-base path time: 1489.443 ms
[MobFMM] peak GPU memory: allocated 2579.99 MB, reserved 3544.00 MB
[MobFMM] near-field construction: 11.590 ms
[MobFMM] near-field operator time: 2130.930 ms
[MobFMM] overall Nearfield time: 2,143.256 ms
[MobFMM] near-field particles updates per sec: 488,960.75
[MobFMM] total GPU time: 2535.206 ms
[MobFMM] total particles updates per sec: 413,366.05


Velocity computed in 2.536 seconds.
Step t=0.55
[MobFMM] far-field FMM GPU time: 393.681 ms
Building spatial grid for neighbor search...
Positions shape: (1047968,)
Counting neighbors per particle...
Total near-field pairs found: 20165386
Collecting neighbor edge indexes...
Warp::HashGrid took 11.60 ms
no of NN interactions: 20165386
[Mob_Nbody] Base velocity compute time: 642.391 ms
[Mob_Nbody] Post-base path time: 1485.711 ms
[MobFMM] peak GPU memory: allocated 2579.99 MB, reserved 3544.00 MB
[MobFMM] near-field construction: 11.720 ms
[MobFMM] near-field operator time: 2128.193 ms
[MobFMM] overall Nearfield time: 2,140.656 ms
[MobFMM] near-field particles updates per sec: 489,554.71
[MobFMM] total GPU time: 2535.416 ms
[MobFMM] total particles updates per sec: 413,331.81


Velocity computed in 2.536 seconds.
Step t=0.56
[MobFMM] far-field FMM GPU time: 395.637 ms
Building spatial grid for neighbor search...
Positions shape: (1047968,)
Counting neighbors per particle...
Total near-field pairs found: 20143242
Collecting neighbor edge indexes...
Warp::HashGrid took 11.74 ms
no of NN interactions: 20143242
[Mob_Nbody] Base velocity compute time: 628.943 ms
[Mob_Nbody] Post-base path time: 1479.389 ms
[MobFMM] peak GPU memory: allocated 2579.99 MB, reserved 3544.00 MB
[MobFMM] near-field construction: 11.859 ms
[MobFMM] near-field operator time: 2108.414 ms
[MobFMM] overall Nearfield time: 2,120.937 ms
[MobFMM] near-field particles updates per sec: 494,106.25
[MobFMM] total GPU time: 2517.508 ms
[MobFMM] total particles updates per sec: 416,271.91


Velocity computed in 2.518 seconds.
Step t=0.57
[MobFMM] far-field FMM GPU time: 411.189 ms
Building spatial grid for neighbor search...
Positions shape: (1047968,)
Counting neighbors per particle...
Total near-field pairs found: 20118906
Collecting neighbor edge indexes...
Warp::HashGrid took 11.52 ms
no of NN interactions: 20118906
[Mob_Nbody] Base velocity compute time: 617.030 ms
[Mob_Nbody] Post-base path time: 1472.426 ms
[MobFMM] peak GPU memory: allocated 2579.99 MB, reserved 3544.00 MB
[MobFMM] near-field construction: 11.616 ms
[MobFMM] near-field operator time: 2089.534 ms
[MobFMM] overall Nearfield time: 2,101.801 ms
[MobFMM] near-field particles updates per sec: 498,604.82
[MobFMM] total GPU time: 2514.024 ms
[MobFMM] total particles updates per sec: 416,848.78


Velocity computed in 2.514 seconds.
Step t=0.58
[MobFMM] far-field FMM GPU time: 396.335 ms
Building spatial grid for neighbor search...
Positions shape: (1047968,)
Counting neighbors per particle...
Total near-field pairs found: 20090204
Collecting neighbor edge indexes...
Warp::HashGrid took 11.88 ms
no of NN interactions: 20090204
[Mob_Nbody] Base velocity compute time: 623.533 ms
[Mob_Nbody] Post-base path time: 1487.800 ms
[MobFMM] peak GPU memory: allocated 2579.99 MB, reserved 3544.00 MB
[MobFMM] near-field construction: 11.998 ms
[MobFMM] near-field operator time: 2111.423 ms
[MobFMM] overall Nearfield time: 2,124.080 ms
[MobFMM] near-field particles updates per sec: 493,374.94
[MobFMM] total GPU time: 2522.077 ms
[MobFMM] total particles updates per sec: 415,517.82


Velocity computed in 2.522 seconds.
Step t=0.59
[MobFMM] far-field FMM GPU time: 421.856 ms
Building spatial grid for neighbor search...
Positions shape: (1047968,)
Counting neighbors per particle...
Total near-field pairs found: 20065726
Collecting neighbor edge indexes...
Warp::HashGrid took 12.22 ms
no of NN interactions: 20065726
[Mob_Nbody] Base velocity compute time: 644.207 ms
[Mob_Nbody] Post-base path time: 1487.165 ms
[MobFMM] peak GPU memory: allocated 2579.99 MB, reserved 3544.00 MB
[MobFMM] near-field construction: 12.416 ms
[MobFMM] near-field operator time: 2131.472 ms
[MobFMM] overall Nearfield time: 2,144.713 ms
[MobFMM] near-field particles updates per sec: 488,628.63
[MobFMM] total GPU time: 2567.692 ms
[MobFMM] total particles updates per sec: 408,136.16


Velocity computed in 2.568 seconds.
Saving configuration at t=0.60
Saved VTK file: figures/drop_1M_4060_leaf1024/particles_0.6.vtk
Step t=0.60
[MobFMM] far-field FMM GPU time: 395.044 ms
Building spatial grid for neighbor search...
Positions shape: (1047968,)
Counting neighbors per particle...
Total near-field pairs found: 20045426
Collecting neighbor edge indexes...
Warp::HashGrid took 11.76 ms
no of NN interactions: 20045426
[Mob_Nbody] Base velocity compute time: 605.085 ms
[Mob_Nbody] Post-base path time: 1492.094 ms
[MobFMM] peak GPU memory: allocated 2579.99 MB, reserved 3544.00 MB
[MobFMM] near-field construction: 11.875 ms
[MobFMM] near-field operator time: 2097.254 ms
[MobFMM] overall Nearfield time: 2,109.788 ms
[MobFMM] near-field particles updates per sec: 496,717.19
[MobFMM] total GPU time: 2505.930 ms
[MobFMM] total particles updates per sec: 418,195.29


Velocity computed in 2.506 seconds.
Step t=0.61
[MobFMM] far-field FMM GPU time: 404.400 ms
Building spatial grid for neighbor search...
Positions shape: (1047968,)
Counting neighbors per particle...
Total near-field pairs found: 20024090
Collecting neighbor edge indexes...
Warp::HashGrid took 12.10 ms
no of NN interactions: 20024090
[Mob_Nbody] Base velocity compute time: 631.411 ms
[Mob_Nbody] Post-base path time: 1457.679 ms
[MobFMM] peak GPU memory: allocated 2579.99 MB, reserved 3548.00 MB
[MobFMM] near-field construction: 12.192 ms
[MobFMM] near-field operator time: 2089.168 ms
[MobFMM] overall Nearfield time: 2,102.012 ms
[MobFMM] near-field particles updates per sec: 498,554.67
[MobFMM] total GPU time: 2507.480 ms
[MobFMM] total particles updates per sec: 417,936.74


Velocity computed in 2.508 seconds.
Step t=0.62
[MobFMM] far-field FMM GPU time: 395.782 ms
Building spatial grid for neighbor search...
Positions shape: (1047968,)
Counting neighbors per particle...
Total near-field pairs found: 19999406
Collecting neighbor edge indexes...
Warp::HashGrid took 12.34 ms
no of NN interactions: 19999406
[Mob_Nbody] Base velocity compute time: 620.647 ms
[Mob_Nbody] Post-base path time: 1484.192 ms
[MobFMM] peak GPU memory: allocated 2579.99 MB, reserved 3548.00 MB
[MobFMM] near-field construction: 12.554 ms
[MobFMM] near-field operator time: 2104.953 ms
[MobFMM] overall Nearfield time: 2,118.284 ms
[MobFMM] near-field particles updates per sec: 494,724.93
[MobFMM] total GPU time: 2515.246 ms
[MobFMM] total particles updates per sec: 416,646.31


Velocity computed in 2.516 seconds.
Step t=0.63
[MobFMM] far-field FMM GPU time: 389.595 ms
Building spatial grid for neighbor search...
Positions shape: (1047968,)
Counting neighbors per particle...
Total near-field pairs found: 19969122
Collecting neighbor edge indexes...
Warp::HashGrid took 11.81 ms
no of NN interactions: 19969122
[Mob_Nbody] Base velocity compute time: 638.816 ms
[Mob_Nbody] Post-base path time: 1475.239 ms
[MobFMM] peak GPU memory: allocated 2579.99 MB, reserved 3548.00 MB
[MobFMM] near-field construction: 11.899 ms
[MobFMM] near-field operator time: 2114.133 ms
[MobFMM] overall Nearfield time: 2,126.761 ms
[MobFMM] near-field particles updates per sec: 492,753.12
[MobFMM] total GPU time: 2517.350 ms
[MobFMM] total particles updates per sec: 416,298.03


Velocity computed in 2.518 seconds.
Step t=0.64
[MobFMM] far-field FMM GPU time: 403.144 ms
Building spatial grid for neighbor search...
Positions shape: (1047968,)
Counting neighbors per particle...
Total near-field pairs found: 19941902
Collecting neighbor edge indexes...
Warp::HashGrid took 11.84 ms
no of NN interactions: 19941902
[Mob_Nbody] Base velocity compute time: 637.373 ms
[Mob_Nbody] Post-base path time: 1477.004 ms
[MobFMM] peak GPU memory: allocated 2579.99 MB, reserved 3548.00 MB
[MobFMM] near-field construction: 11.941 ms
[MobFMM] near-field operator time: 2114.452 ms
[MobFMM] overall Nearfield time: 2,127.127 ms
[MobFMM] near-field particles updates per sec: 492,668.18
[MobFMM] total GPU time: 2531.249 ms
[MobFMM] total particles updates per sec: 414,012.17


Velocity computed in 2.532 seconds.
Step t=0.65
[MobFMM] far-field FMM GPU time: 409.820 ms
Building spatial grid for neighbor search...
Positions shape: (1047968,)
Counting neighbors per particle...
Total near-field pairs found: 19913994
Collecting neighbor edge indexes...
Warp::HashGrid took 12.19 ms
no of NN interactions: 19913994
[Mob_Nbody] Base velocity compute time: 630.061 ms
[Mob_Nbody] Post-base path time: 1450.830 ms
[MobFMM] peak GPU memory: allocated 2579.99 MB, reserved 3548.00 MB
[MobFMM] near-field construction: 12.291 ms
[MobFMM] near-field operator time: 2080.970 ms
[MobFMM] overall Nearfield time: 2,093.919 ms
[MobFMM] near-field particles updates per sec: 500,481.59
[MobFMM] total GPU time: 2504.756 ms
[MobFMM] total particles updates per sec: 418,391.24


Velocity computed in 2.505 seconds.
Step t=0.66
[MobFMM] far-field FMM GPU time: 402.813 ms
Building spatial grid for neighbor search...
Positions shape: (1047968,)
Counting neighbors per particle...
Total near-field pairs found: 19886064
Collecting neighbor edge indexes...
Warp::HashGrid took 11.98 ms
no of NN interactions: 19886064
[Mob_Nbody] Base velocity compute time: 633.672 ms
[Mob_Nbody] Post-base path time: 1476.762 ms
[MobFMM] peak GPU memory: allocated 2579.99 MB, reserved 3548.00 MB
[MobFMM] near-field construction: 12.063 ms
[MobFMM] near-field operator time: 2110.509 ms
[MobFMM] overall Nearfield time: 2,123.296 ms
[MobFMM] near-field particles updates per sec: 493,557.27
[MobFMM] total GPU time: 2527.112 ms
[MobFMM] total particles updates per sec: 414,689.92


Velocity computed in 2.527 seconds.
Step t=0.67
[MobFMM] far-field FMM GPU time: 416.486 ms
Building spatial grid for neighbor search...
Positions shape: (1047968,)
Counting neighbors per particle...
Total near-field pairs found: 19862504
Collecting neighbor edge indexes...
Warp::HashGrid took 12.24 ms
no of NN interactions: 19862504
[Mob_Nbody] Base velocity compute time: 617.976 ms
[Mob_Nbody] Post-base path time: 1450.136 ms
[MobFMM] peak GPU memory: allocated 2579.99 MB, reserved 3548.00 MB
[MobFMM] near-field construction: 12.335 ms
[MobFMM] near-field operator time: 2068.187 ms
[MobFMM] overall Nearfield time: 2,081.169 ms
[MobFMM] near-field particles updates per sec: 503,547.66
[MobFMM] total GPU time: 2498.670 ms
[MobFMM] total particles updates per sec: 419,410.38


Velocity computed in 2.499 seconds.
Step t=0.68
[MobFMM] far-field FMM GPU time: 401.766 ms
Building spatial grid for neighbor search...
Positions shape: (1047968,)
Counting neighbors per particle...
Total near-field pairs found: 19833096
Collecting neighbor edge indexes...
Warp::HashGrid took 12.16 ms
no of NN interactions: 19833096
[Mob_Nbody] Base velocity compute time: 632.506 ms
[Mob_Nbody] Post-base path time: 1467.036 ms
[MobFMM] peak GPU memory: allocated 2579.99 MB, reserved 3548.00 MB
[MobFMM] near-field construction: 12.251 ms
[MobFMM] near-field operator time: 2099.617 ms
[MobFMM] overall Nearfield time: 2,112.590 ms
[MobFMM] near-field particles updates per sec: 496,058.37
[MobFMM] total GPU time: 2515.357 ms
[MobFMM] total particles updates per sec: 416,627.99


Velocity computed in 2.516 seconds.
Step t=0.69
[MobFMM] far-field FMM GPU time: 407.784 ms
Building spatial grid for neighbor search...
Positions shape: (1047968,)
Counting neighbors per particle...
Total near-field pairs found: 19793930
Collecting neighbor edge indexes...
Warp::HashGrid took 12.00 ms
no of NN interactions: 19793930
[Mob_Nbody] Base velocity compute time: 633.991 ms
[Mob_Nbody] Post-base path time: 1457.429 ms
[MobFMM] peak GPU memory: allocated 2579.99 MB, reserved 3548.00 MB
[MobFMM] near-field construction: 12.116 ms
[MobFMM] near-field operator time: 2091.502 ms
[MobFMM] overall Nearfield time: 2,104.358 ms
[MobFMM] near-field particles updates per sec: 497,998.94
[MobFMM] total GPU time: 2513.747 ms
[MobFMM] total particles updates per sec: 416,894.81


Velocity computed in 2.514 seconds.
Saving configuration at t=0.70
Saved VTK file: figures/drop_1M_4060_leaf1024/particles_0.7.vtk
Step t=0.70
[MobFMM] far-field FMM GPU time: 405.766 ms
Building spatial grid for neighbor search...
Positions shape: (1047968,)
Counting neighbors per particle...
Total near-field pairs found: 19751358
Collecting neighbor edge indexes...
Warp::HashGrid took 12.02 ms
no of NN interactions: 19751358
[Mob_Nbody] Base velocity compute time: 594.136 ms
[Mob_Nbody] Post-base path time: 1462.387 ms
[MobFMM] peak GPU memory: allocated 2579.99 MB, reserved 3548.00 MB
[MobFMM] near-field construction: 12.120 ms
[MobFMM] near-field operator time: 2056.598 ms
[MobFMM] overall Nearfield time: 2,069.367 ms
[MobFMM] near-field particles updates per sec: 506,419.67
[MobFMM] total GPU time: 2476.229 ms
[MobFMM] total particles updates per sec: 423,211.30


Velocity computed in 2.476 seconds.
Step t=0.71
[MobFMM] far-field FMM GPU time: 418.942 ms
Building spatial grid for neighbor search...
Positions shape: (1047968,)
Counting neighbors per particle...
Total near-field pairs found: 19713066
Collecting neighbor edge indexes...
Warp::HashGrid took 12.38 ms
no of NN interactions: 19713066
[Mob_Nbody] Base velocity compute time: 605.352 ms
[Mob_Nbody] Post-base path time: 1456.642 ms
[MobFMM] peak GPU memory: allocated 2579.99 MB, reserved 3548.00 MB
[MobFMM] near-field construction: 12.482 ms
[MobFMM] near-field operator time: 2062.066 ms
[MobFMM] overall Nearfield time: 2,075.199 ms
[MobFMM] near-field particles updates per sec: 504,996.28
[MobFMM] total GPU time: 2495.149 ms
[MobFMM] total particles updates per sec: 420,002.14


Velocity computed in 2.495 seconds.
Step t=0.72
[MobFMM] far-field FMM GPU time: 398.648 ms
Building spatial grid for neighbor search...
Positions shape: (1047968,)
Counting neighbors per particle...
Total near-field pairs found: 19684166
Collecting neighbor edge indexes...
Warp::HashGrid took 11.99 ms
no of NN interactions: 19684166
[Mob_Nbody] Base velocity compute time: 630.152 ms
[Mob_Nbody] Post-base path time: 1452.175 ms
[MobFMM] peak GPU memory: allocated 2579.99 MB, reserved 3548.00 MB
[MobFMM] near-field construction: 12.090 ms
[MobFMM] near-field operator time: 2082.402 ms
[MobFMM] overall Nearfield time: 2,095.224 ms
[MobFMM] near-field particles updates per sec: 500,169.94
[MobFMM] total GPU time: 2494.858 ms
[MobFMM] total particles updates per sec: 420,051.14


Velocity computed in 2.495 seconds.
Step t=0.73
[MobFMM] far-field FMM GPU time: 419.628 ms
Building spatial grid for neighbor search...
Positions shape: (1047968,)
Counting neighbors per particle...
Total near-field pairs found: 19666054
Collecting neighbor edge indexes...
Warp::HashGrid took 12.42 ms
no of NN interactions: 19666054
[Mob_Nbody] Base velocity compute time: 614.520 ms
[Mob_Nbody] Post-base path time: 1432.514 ms
[MobFMM] peak GPU memory: allocated 2579.99 MB, reserved 3548.00 MB
[MobFMM] near-field construction: 12.505 ms
[MobFMM] near-field operator time: 2047.110 ms
[MobFMM] overall Nearfield time: 2,060.268 ms
[MobFMM] near-field particles updates per sec: 508,656.26
[MobFMM] total GPU time: 2480.915 ms
[MobFMM] total particles updates per sec: 422,411.97


Velocity computed in 2.481 seconds.
Step t=0.74
[MobFMM] far-field FMM GPU time: 412.585 ms
Building spatial grid for neighbor search...
Positions shape: (1047968,)
Counting neighbors per particle...
Total near-field pairs found: 19655812
Collecting neighbor edge indexes...
Warp::HashGrid took 12.27 ms
no of NN interactions: 19655812
[Mob_Nbody] Base velocity compute time: 628.063 ms
[Mob_Nbody] Post-base path time: 1455.787 ms
[MobFMM] peak GPU memory: allocated 2579.99 MB, reserved 3548.00 MB
[MobFMM] near-field construction: 12.373 ms
[MobFMM] near-field operator time: 2083.937 ms
[MobFMM] overall Nearfield time: 2,097.042 ms
[MobFMM] near-field particles updates per sec: 499,736.18
[MobFMM] total GPU time: 2510.645 ms
[MobFMM] total particles updates per sec: 417,409.82


Velocity computed in 2.511 seconds.
Step t=0.75
[MobFMM] far-field FMM GPU time: 422.854 ms
Building spatial grid for neighbor search...
Positions shape: (1047968,)
Counting neighbors per particle...
Total near-field pairs found: 19655868
Collecting neighbor edge indexes...
Warp::HashGrid took 12.22 ms
no of NN interactions: 19655868
[Mob_Nbody] Base velocity compute time: 599.509 ms
[Mob_Nbody] Post-base path time: 1439.602 ms
[MobFMM] peak GPU memory: allocated 2579.99 MB, reserved 3548.00 MB
[MobFMM] near-field construction: 12.321 ms
[MobFMM] near-field operator time: 2039.189 ms
[MobFMM] overall Nearfield time: 2,052.156 ms
[MobFMM] near-field particles updates per sec: 510,666.71
[MobFMM] total GPU time: 2476.046 ms
[MobFMM] total particles updates per sec: 423,242.47


Velocity computed in 2.476 seconds.
Step t=0.76
[MobFMM] far-field FMM GPU time: 411.584 ms
Building spatial grid for neighbor search...
Positions shape: (1047968,)
Counting neighbors per particle...
Total near-field pairs found: 19665376
Collecting neighbor edge indexes...
Warp::HashGrid took 12.42 ms
no of NN interactions: 19665376
[Mob_Nbody] Base velocity compute time: 609.894 ms
[Mob_Nbody] Post-base path time: 1451.180 ms
[MobFMM] peak GPU memory: allocated 2579.99 MB, reserved 3548.00 MB
[MobFMM] near-field construction: 12.525 ms
[MobFMM] near-field operator time: 2061.151 ms
[MobFMM] overall Nearfield time: 2,074.326 ms
[MobFMM] near-field particles updates per sec: 505,208.94
[MobFMM] total GPU time: 2486.891 ms
[MobFMM] total particles updates per sec: 421,396.82


Velocity computed in 2.487 seconds.
Step t=0.77
[MobFMM] far-field FMM GPU time: 414.714 ms
Building spatial grid for neighbor search...
Positions shape: (1047968,)
Counting neighbors per particle...
Total near-field pairs found: 19676634
Collecting neighbor edge indexes...
Warp::HashGrid took 12.38 ms
no of NN interactions: 19676634
[Mob_Nbody] Base velocity compute time: 608.350 ms
[Mob_Nbody] Post-base path time: 1445.440 ms
[MobFMM] peak GPU memory: allocated 2579.99 MB, reserved 3548.00 MB
[MobFMM] near-field construction: 12.479 ms
[MobFMM] near-field operator time: 2053.867 ms
[MobFMM] overall Nearfield time: 2,067.001 ms
[MobFMM] near-field particles updates per sec: 506,999.22
[MobFMM] total GPU time: 2482.720 ms
[MobFMM] total particles updates per sec: 422,104.83


Velocity computed in 2.483 seconds.
Step t=0.78
[MobFMM] far-field FMM GPU time: 405.745 ms
Building spatial grid for neighbor search...
Positions shape: (1047968,)
Counting neighbors per particle...
Total near-field pairs found: 19689612
Collecting neighbor edge indexes...
Warp::HashGrid took 12.27 ms
no of NN interactions: 19689612
[Mob_Nbody] Base velocity compute time: 634.813 ms
[Mob_Nbody] Post-base path time: 1453.431 ms
[MobFMM] peak GPU memory: allocated 2579.99 MB, reserved 3548.00 MB
[MobFMM] near-field construction: 12.370 ms
[MobFMM] near-field operator time: 2088.318 ms
[MobFMM] overall Nearfield time: 2,101.412 ms
[MobFMM] near-field particles updates per sec: 498,697.10
[MobFMM] total GPU time: 2508.137 ms
[MobFMM] total particles updates per sec: 417,827.18


Velocity computed in 2.509 seconds.
Step t=0.79
[MobFMM] far-field FMM GPU time: 432.210 ms
Building spatial grid for neighbor search...
Positions shape: (1047968,)
Counting neighbors per particle...
Total near-field pairs found: 19701578
Collecting neighbor edge indexes...
Warp::HashGrid took 12.51 ms
no of NN interactions: 19701578
[Mob_Nbody] Base velocity compute time: 605.411 ms
[Mob_Nbody] Post-base path time: 1455.907 ms
[MobFMM] peak GPU memory: allocated 2579.99 MB, reserved 3548.00 MB
[MobFMM] near-field construction: 12.601 ms
[MobFMM] near-field operator time: 2061.396 ms
[MobFMM] overall Nearfield time: 2,074.662 ms
[MobFMM] near-field particles updates per sec: 505,127.13
[MobFMM] total GPU time: 2507.882 ms
[MobFMM] total particles updates per sec: 417,869.81


Velocity computed in 2.508 seconds.
Saving configuration at t=0.80
Saved VTK file: figures/drop_1M_4060_leaf1024/particles_0.8.vtk
Step t=0.80
[MobFMM] far-field FMM GPU time: 411.282 ms
Building spatial grid for neighbor search...
Positions shape: (1047968,)
Counting neighbors per particle...
Total near-field pairs found: 19710416
Collecting neighbor edge indexes...
Warp::HashGrid took 12.19 ms
no of NN interactions: 19710416
[Mob_Nbody] Base velocity compute time: 598.152 ms
[Mob_Nbody] Post-base path time: 1438.274 ms
[MobFMM] peak GPU memory: allocated 2579.99 MB, reserved 3548.00 MB
[MobFMM] near-field construction: 12.292 ms
[MobFMM] near-field operator time: 2036.508 ms
[MobFMM] overall Nearfield time: 2,049.456 ms
[MobFMM] near-field particles updates per sec: 511,339.52
[MobFMM] total GPU time: 2461.864 ms
[MobFMM] total particles updates per sec: 425,680.74


Velocity computed in 2.462 seconds.
Step t=0.81
[MobFMM] far-field FMM GPU time: 410.589 ms
Building spatial grid for neighbor search...
Positions shape: (1047968,)
Counting neighbors per particle...
Total near-field pairs found: 19717954
Collecting neighbor edge indexes...
Warp::HashGrid took 12.46 ms
no of NN interactions: 19717954
[Mob_Nbody] Base velocity compute time: 629.802 ms
[Mob_Nbody] Post-base path time: 1451.785 ms
[MobFMM] peak GPU memory: allocated 2579.99 MB, reserved 3548.00 MB
[MobFMM] near-field construction: 12.560 ms
[MobFMM] near-field operator time: 2081.666 ms
[MobFMM] overall Nearfield time: 2,094.965 ms
[MobFMM] near-field particles updates per sec: 500,231.78
[MobFMM] total GPU time: 2506.598 ms
[MobFMM] total particles updates per sec: 418,083.77


Velocity computed in 2.507 seconds.
Step t=0.82
[MobFMM] far-field FMM GPU time: 413.050 ms
Building spatial grid for neighbor search...
Positions shape: (1047968,)
Counting neighbors per particle...
Total near-field pairs found: 19720718
Collecting neighbor edge indexes...
Warp::HashGrid took 12.65 ms
no of NN interactions: 19720718
[Mob_Nbody] Base velocity compute time: 610.160 ms
[Mob_Nbody] Post-base path time: 1450.478 ms
[MobFMM] peak GPU memory: allocated 2579.99 MB, reserved 3548.00 MB
[MobFMM] near-field construction: 12.772 ms
[MobFMM] near-field operator time: 2060.744 ms
[MobFMM] overall Nearfield time: 2,074.190 ms
[MobFMM] near-field particles updates per sec: 505,242.06
[MobFMM] total GPU time: 2488.248 ms
[MobFMM] total particles updates per sec: 421,166.97


Velocity computed in 2.489 seconds.
Step t=0.83
[MobFMM] far-field FMM GPU time: 424.373 ms
Building spatial grid for neighbor search...
Positions shape: (1047968,)
Counting neighbors per particle...
Total near-field pairs found: 19719788
Collecting neighbor edge indexes...
Warp::HashGrid took 12.88 ms
no of NN interactions: 19719788
[Mob_Nbody] Base velocity compute time: 604.837 ms
[Mob_Nbody] Post-base path time: 1448.146 ms
[MobFMM] peak GPU memory: allocated 2579.99 MB, reserved 3548.00 MB
[MobFMM] near-field construction: 12.961 ms
[MobFMM] near-field operator time: 2053.066 ms
[MobFMM] overall Nearfield time: 2,066.685 ms
[MobFMM] near-field particles updates per sec: 507,076.78
[MobFMM] total GPU time: 2492.079 ms
[MobFMM] total particles updates per sec: 420,519.60


Velocity computed in 2.492 seconds.
Step t=0.84
[MobFMM] far-field FMM GPU time: 407.960 ms
Building spatial grid for neighbor search...
Positions shape: (1047968,)
Counting neighbors per particle...
Total near-field pairs found: 19715302
Collecting neighbor edge indexes...
Warp::HashGrid took 12.53 ms
no of NN interactions: 19715302
[Mob_Nbody] Base velocity compute time: 624.779 ms
[Mob_Nbody] Post-base path time: 1456.560 ms
[MobFMM] peak GPU memory: allocated 2579.99 MB, reserved 3548.00 MB
[MobFMM] near-field construction: 12.634 ms
[MobFMM] near-field operator time: 2081.422 ms
[MobFMM] overall Nearfield time: 2,094.790 ms
[MobFMM] near-field particles updates per sec: 500,273.64
[MobFMM] total GPU time: 2503.747 ms
[MobFMM] total particles updates per sec: 418,559.93


Velocity computed in 2.504 seconds.
Step t=0.85
[MobFMM] far-field FMM GPU time: 423.115 ms
Building spatial grid for neighbor search...
Positions shape: (1047968,)
Counting neighbors per particle...
Total near-field pairs found: 19712296
Collecting neighbor edge indexes...
Warp::HashGrid took 12.69 ms
no of NN interactions: 19712296
[Mob_Nbody] Base velocity compute time: 616.816 ms
[Mob_Nbody] Post-base path time: 1436.953 ms
[MobFMM] peak GPU memory: allocated 2579.99 MB, reserved 3548.00 MB
[MobFMM] near-field construction: 12.778 ms
[MobFMM] near-field operator time: 2053.850 ms
[MobFMM] overall Nearfield time: 2,067.272 ms
[MobFMM] near-field particles updates per sec: 506,932.87
[MobFMM] total GPU time: 2491.399 ms
[MobFMM] total particles updates per sec: 420,634.32


Velocity computed in 2.492 seconds.
Step t=0.86
[MobFMM] far-field FMM GPU time: 407.715 ms
Building spatial grid for neighbor search...
Positions shape: (1047968,)
Counting neighbors per particle...
Total near-field pairs found: 19708224
Collecting neighbor edge indexes...
Warp::HashGrid took 12.99 ms
no of NN interactions: 19708224
[Mob_Nbody] Base velocity compute time: 611.055 ms
[Mob_Nbody] Post-base path time: 1446.917 ms
[MobFMM] peak GPU memory: allocated 2579.99 MB, reserved 3548.00 MB
[MobFMM] near-field construction: 13.073 ms
[MobFMM] near-field operator time: 2058.042 ms
[MobFMM] overall Nearfield time: 2,071.760 ms
[MobFMM] near-field particles updates per sec: 505,834.71
[MobFMM] total GPU time: 2480.481 ms
[MobFMM] total particles updates per sec: 422,485.77


Velocity computed in 2.481 seconds.
Step t=0.87
[MobFMM] far-field FMM GPU time: 425.307 ms
Building spatial grid for neighbor search...
Positions shape: (1047968,)
Counting neighbors per particle...
Total near-field pairs found: 19702938
Collecting neighbor edge indexes...
Warp::HashGrid took 12.62 ms
no of NN interactions: 19702938
[Mob_Nbody] Base velocity compute time: 626.144 ms
[Mob_Nbody] Post-base path time: 1459.721 ms
[MobFMM] peak GPU memory: allocated 2579.99 MB, reserved 3548.00 MB
[MobFMM] near-field construction: 12.705 ms
[MobFMM] near-field operator time: 2085.937 ms
[MobFMM] overall Nearfield time: 2,099.352 ms
[MobFMM] near-field particles updates per sec: 499,186.46
[MobFMM] total GPU time: 2525.619 ms
[MobFMM] total particles updates per sec: 414,935.09


Velocity computed in 2.526 seconds.
Step t=0.88
[MobFMM] far-field FMM GPU time: 411.610 ms
Building spatial grid for neighbor search...
Positions shape: (1047968,)
Counting neighbors per particle...
Total near-field pairs found: 19694974
Collecting neighbor edge indexes...
Warp::HashGrid took 12.81 ms
no of NN interactions: 19694974
[Mob_Nbody] Base velocity compute time: 622.840 ms
[Mob_Nbody] Post-base path time: 1438.051 ms
[MobFMM] peak GPU memory: allocated 2579.99 MB, reserved 3548.00 MB
[MobFMM] near-field construction: 12.902 ms
[MobFMM] near-field operator time: 2060.967 ms
[MobFMM] overall Nearfield time: 2,074.505 ms
[MobFMM] near-field particles updates per sec: 505,165.30
[MobFMM] total GPU time: 2487.091 ms
[MobFMM] total particles updates per sec: 421,362.94


Velocity computed in 2.487 seconds.
Step t=0.89
[MobFMM] far-field FMM GPU time: 402.913 ms
Building spatial grid for neighbor search...
Positions shape: (1047968,)
Counting neighbors per particle...
Total near-field pairs found: 19691228
Collecting neighbor edge indexes...
Warp::HashGrid took 12.51 ms
no of NN interactions: 19691228
[Mob_Nbody] Base velocity compute time: 626.818 ms
[Mob_Nbody] Post-base path time: 1463.753 ms
[MobFMM] peak GPU memory: allocated 2579.99 MB, reserved 3548.00 MB
[MobFMM] near-field construction: 12.601 ms
[MobFMM] near-field operator time: 2090.641 ms
[MobFMM] overall Nearfield time: 2,103.958 ms
[MobFMM] near-field particles updates per sec: 498,093.48
[MobFMM] total GPU time: 2509.536 ms
[MobFMM] total particles updates per sec: 417,594.27


Velocity computed in 2.510 seconds.
Saving configuration at t=0.90
Saved VTK file: figures/drop_1M_4060_leaf1024/particles_0.9.vtk
Step t=0.90
[MobFMM] far-field FMM GPU time: 402.423 ms
Building spatial grid for neighbor search...
Positions shape: (1047968,)
Counting neighbors per particle...
Total near-field pairs found: 19687200
Collecting neighbor edge indexes...
Warp::HashGrid took 12.61 ms
no of NN interactions: 19687200
[Mob_Nbody] Base velocity compute time: 595.079 ms
[Mob_Nbody] Post-base path time: 1458.211 ms
[MobFMM] peak GPU memory: allocated 2579.99 MB, reserved 3548.00 MB
[MobFMM] near-field construction: 12.704 ms
[MobFMM] near-field operator time: 2053.366 ms
[MobFMM] overall Nearfield time: 2,066.714 ms
[MobFMM] near-field particles updates per sec: 507,069.77
[MobFMM] total GPU time: 2470.196 ms
[MobFMM] total particles updates per sec: 424,244.83


Velocity computed in 2.470 seconds.
Step t=0.91
[MobFMM] far-field FMM GPU time: 417.591 ms
Building spatial grid for neighbor search...
Positions shape: (1047968,)
Counting neighbors per particle...
Total near-field pairs found: 19682912
Collecting neighbor edge indexes...
Warp::HashGrid took 12.75 ms
no of NN interactions: 19682912
[Mob_Nbody] Base velocity compute time: 611.319 ms
[Mob_Nbody] Post-base path time: 1436.361 ms
[MobFMM] peak GPU memory: allocated 2579.99 MB, reserved 3548.00 MB
[MobFMM] near-field construction: 12.839 ms
[MobFMM] near-field operator time: 2047.749 ms
[MobFMM] overall Nearfield time: 2,061.227 ms
[MobFMM] near-field particles updates per sec: 508,419.49
[MobFMM] total GPU time: 2479.991 ms
[MobFMM] total particles updates per sec: 422,569.32


Velocity computed in 2.480 seconds.
Step t=0.92
[MobFMM] far-field FMM GPU time: 404.158 ms
Building spatial grid for neighbor search...
Positions shape: (1047968,)
Counting neighbors per particle...
Total near-field pairs found: 19677290
Collecting neighbor edge indexes...
Warp::HashGrid took 12.47 ms
no of NN interactions: 19677290
[Mob_Nbody] Base velocity compute time: 624.924 ms
[Mob_Nbody] Post-base path time: 1457.092 ms
[MobFMM] peak GPU memory: allocated 2579.99 MB, reserved 3548.00 MB
[MobFMM] near-field construction: 12.556 ms
[MobFMM] near-field operator time: 2082.086 ms
[MobFMM] overall Nearfield time: 2,095.350 ms
[MobFMM] near-field particles updates per sec: 500,139.87
[MobFMM] total GPU time: 2500.507 ms
[MobFMM] total particles updates per sec: 419,102.27


Velocity computed in 2.501 seconds.
Step t=0.93
[MobFMM] far-field FMM GPU time: 398.600 ms
Building spatial grid for neighbor search...
Positions shape: (1047968,)
Counting neighbors per particle...
Total near-field pairs found: 19669688
Collecting neighbor edge indexes...
Warp::HashGrid took 12.55 ms
no of NN interactions: 19669688
[Mob_Nbody] Base velocity compute time: 629.153 ms
[Mob_Nbody] Post-base path time: 1454.430 ms
[MobFMM] peak GPU memory: allocated 2579.99 MB, reserved 3548.00 MB
[MobFMM] near-field construction: 12.642 ms
[MobFMM] near-field operator time: 2083.656 ms
[MobFMM] overall Nearfield time: 2,097.002 ms
[MobFMM] near-field particles updates per sec: 499,745.72
[MobFMM] total GPU time: 2496.582 ms
[MobFMM] total particles updates per sec: 419,761.17


Velocity computed in 2.497 seconds.
Step t=0.94
[MobFMM] far-field FMM GPU time: 421.021 ms
Building spatial grid for neighbor search...
Positions shape: (1047968,)
Counting neighbors per particle...
Total near-field pairs found: 19664096
Collecting neighbor edge indexes...
Warp::HashGrid took 12.97 ms
no of NN interactions: 19664096
[Mob_Nbody] Base velocity compute time: 625.483 ms
[Mob_Nbody] Post-base path time: 1453.818 ms
[MobFMM] peak GPU memory: allocated 2579.99 MB, reserved 3548.00 MB
[MobFMM] near-field construction: 13.072 ms
[MobFMM] near-field operator time: 2079.373 ms
[MobFMM] overall Nearfield time: 2,093.080 ms
[MobFMM] near-field particles updates per sec: 500,682.35
[MobFMM] total GPU time: 2515.042 ms
[MobFMM] total particles updates per sec: 416,680.12


Velocity computed in 2.515 seconds.
Step t=0.95
[MobFMM] far-field FMM GPU time: 419.073 ms
Building spatial grid for neighbor search...
Positions shape: (1047968,)
Counting neighbors per particle...
Total near-field pairs found: 19658570
Collecting neighbor edge indexes...
Warp::HashGrid took 12.86 ms
no of NN interactions: 19658570
[Mob_Nbody] Base velocity compute time: 607.840 ms
[Mob_Nbody] Post-base path time: 1456.649 ms
[MobFMM] peak GPU memory: allocated 2579.99 MB, reserved 3548.00 MB
[MobFMM] near-field construction: 12.976 ms
[MobFMM] near-field operator time: 2064.572 ms
[MobFMM] overall Nearfield time: 2,078.392 ms
[MobFMM] near-field particles updates per sec: 504,220.55
[MobFMM] total GPU time: 2498.441 ms
[MobFMM] total particles updates per sec: 419,448.70


Velocity computed in 2.499 seconds.
Step t=0.96
[MobFMM] far-field FMM GPU time: 418.417 ms
Building spatial grid for neighbor search...
Positions shape: (1047968,)
Counting neighbors per particle...
Total near-field pairs found: 19655258
Collecting neighbor edge indexes...
Warp::HashGrid took 12.34 ms
no of NN interactions: 19655258
[Mob_Nbody] Base velocity compute time: 624.528 ms
[Mob_Nbody] Post-base path time: 1458.803 ms
[MobFMM] peak GPU memory: allocated 2579.99 MB, reserved 3548.00 MB
[MobFMM] near-field construction: 12.434 ms
[MobFMM] near-field operator time: 2083.406 ms
[MobFMM] overall Nearfield time: 2,096.543 ms
[MobFMM] near-field particles updates per sec: 499,855.30
[MobFMM] total GPU time: 2515.904 ms
[MobFMM] total particles updates per sec: 416,537.31


Velocity computed in 2.516 seconds.
Step t=0.97
[MobFMM] far-field FMM GPU time: 423.734 ms
Building spatial grid for neighbor search...
Positions shape: (1047968,)
Counting neighbors per particle...
Total near-field pairs found: 19652442
Collecting neighbor edge indexes...
Warp::HashGrid took 12.90 ms
no of NN interactions: 19652442
[Mob_Nbody] Base velocity compute time: 605.954 ms
[Mob_Nbody] Post-base path time: 1458.056 ms
[MobFMM] peak GPU memory: allocated 2579.99 MB, reserved 3548.00 MB
[MobFMM] near-field construction: 13.024 ms
[MobFMM] near-field operator time: 2064.084 ms
[MobFMM] overall Nearfield time: 2,077.772 ms
[MobFMM] near-field particles updates per sec: 504,371.09
[MobFMM] total GPU time: 2502.503 ms
[MobFMM] total particles updates per sec: 418,767.86


Velocity computed in 2.503 seconds.
Step t=0.98
[MobFMM] far-field FMM GPU time: 411.702 ms
Building spatial grid for neighbor search...
Positions shape: (1047968,)
Counting neighbors per particle...
Total near-field pairs found: 19651390
Collecting neighbor edge indexes...
Warp::HashGrid took 13.12 ms
no of NN interactions: 19651390
[Mob_Nbody] Base velocity compute time: 619.823 ms
[Mob_Nbody] Post-base path time: 1435.817 ms
[MobFMM] peak GPU memory: allocated 2579.99 MB, reserved 3548.00 MB
[MobFMM] near-field construction: 13.220 ms
[MobFMM] near-field operator time: 2055.725 ms
[MobFMM] overall Nearfield time: 2,069.594 ms
[MobFMM] near-field particles updates per sec: 506,364.11
[MobFMM] total GPU time: 2482.287 ms
[MobFMM] total particles updates per sec: 422,178.48


Velocity computed in 2.483 seconds.
Step t=0.99
[MobFMM] far-field FMM GPU time: 411.142 ms
Building spatial grid for neighbor search...
Positions shape: (1047968,)
Counting neighbors per particle...
Total near-field pairs found: 19649662
Collecting neighbor edge indexes...
Warp::HashGrid took 12.85 ms
no of NN interactions: 19649662
[Mob_Nbody] Base velocity compute time: 625.808 ms
[Mob_Nbody] Post-base path time: 1459.352 ms
[MobFMM] peak GPU memory: allocated 2579.99 MB, reserved 3548.00 MB
[MobFMM] near-field construction: 12.948 ms
[MobFMM] near-field operator time: 2085.244 ms
[MobFMM] overall Nearfield time: 2,098.906 ms
[MobFMM] near-field particles updates per sec: 499,292.49
[MobFMM] total GPU time: 2511.685 ms
[MobFMM] total particles updates per sec: 417,237.11


Velocity computed in 2.512 seconds.
Saving configuration at t=1.00
Saved VTK file: figures/drop_1M_4060_leaf1024/particles_1.0.vtk
Simulation complete.
Total simulation time: 283.77 seconds.
Wrote 100 per-step rows -> artifacts/logs/4060/figure_fp32l3_p7_mac0.8_leaf1024.csv
@@ steps=100  total_sim_time=283.77s  (2837.7 ms/step wall incl. Euler update)
@@ wall_s      mean      2.52  median      2.51  min      2.42  max      2.69
@@ far_ms      mean    397.50  median    396.00  min    354.27  max    432.21
@@ near_ms     mean   2121.37  median   2101.91  min   2026.49  max   2306.96
@@ nsearch_ms  mean     11.97  median     11.87  min     10.55  max     13.22
@@ self2b_ms   mean    628.34  median    626.99  min    584.25  max    700.48
@@ nbody_ms    mean   1480.28  median   1463.07  min   1419.56  max   1619.31
@@ total_gpu   mean   2519.96  median   2510.09  min   2423.45  max   2691.86
@@ peak_mem_mb  max 2580  (torch allocated)
