[build] 162 shards (162 to do), 56048 configurations, variants ['kinf_rc8']
  shard    2:   512 configs   57765 pairs  [1/162, 9 s]
  shard    3:   512 configs   57156 pairs  [2/162, 10 s]
  shard    1:   768 configs   49149 pairs  [3/162, 11 s]
  shard    4:   384 configs   90859 pairs  [4/162, 11 s]
  shard    0:   768 configs   49198 pairs  [5/162, 11 s]
  shard    8:  1024 configs   28490 pairs  [6/162, 17 s]
  shard    9:  1024 configs   28506 pairs  [7/162, 17 s]
  shard   12:   512 configs   56649 pairs  [8/162, 18 s]
  shard   10:   768 configs   48811 pairs  [9/162, 20 s]
  shard    7:   256 configs   99662 pairs  [10/162, 21 s]
  shard    6:   256 configs  100432 pairs  [11/162, 21 s]
  shard   11:   768 configs   48898 pairs  [12/162, 21 s]
  shard    5:   384 configs   91815 pairs  [13/162, 22 s]
  shard   13:   512 configs   56736 pairs  [14/162, 23 s]
  shard   14:   384 configs   89396 pairs  [15/162, 25 s]
  shard   15:   384 configs   89079 pairs  [16/162, 27 s]
  shard   16:   256 configs   98026 pairs  [17/162, 27 s]
  shard   19:  1024 configs   28446 pairs  [18/162, 30 s]
  shard   21:   768 configs   48147 pairs  [19/162, 32 s]
  shard   22:   512 configs   55733 pairs  [20/162, 32 s]
  shard   23:   512 configs   55460 pairs  [21/162, 33 s]
  shard   24:   384 configs   86792 pairs  [22/162, 35 s]
  shard   26:   256 configs   93772 pairs  [23/162, 39 s]
  shard   27:   256 configs   92881 pairs  [24/162, 39 s]
  shard   25:   384 configs   87026 pairs  [25/162, 40 s]
  shard   28:  1024 configs   28341 pairs  [26/162, 40 s]
  shard   17:   256 configs   98088 pairs  [27/162, 41 s]
  shard   18:  1024 configs   28441 pairs  [28/162, 42 s]
  shard   29:  1024 configs   28307 pairs  [29/162, 42 s]
  shard   32:   512 configs   54282 pairs  [30/162, 46 s]
  shard   33:   512 configs   54061 pairs  [31/162, 47 s]
  shard   30:   768 configs   47326 pairs  [32/162, 47 s]
  shard   31:   768 configs   47258 pairs  [33/162, 47 s]
  shard   20:   768 configs   48079 pairs  [34/162, 47 s]
  shard   36:   256 configs   88428 pairs  [35/162, 49 s]
  shard   37:   256 configs   88746 pairs  [36/162, 53 s]
  shard   38:  1024 configs   28059 pairs  [37/162, 54 s]
  shard   39:  1024 configs   28110 pairs  [38/162, 54 s]
  shard   42:   512 configs   50431 pairs  [39/162, 55 s]
  shard   40:   768 configs   45216 pairs  [40/162, 56 s]
  shard   43:   512 configs   50627 pairs  [41/162, 60 s]
  shard   46:   256 configs   79322 pairs  [42/162, 62 s]
  shard   44:   384 configs   76242 pairs  [43/162, 62 s]
  shard   45:   384 configs   74646 pairs  [44/162, 62 s]
  shard   47:   256 configs   78833 pairs  [45/162, 62 s]
  shard   34:   384 configs   82167 pairs  [46/162, 66 s]
  shard   48:  1024 configs   27615 pairs  [47/162, 67 s]
  shard   35:   384 configs   82489 pairs  [48/162, 67 s]
  shard   52:   512 configs   41708 pairs  [49/162, 69 s]
  shard   49:  1024 configs   27599 pairs  [50/162, 69 s]
  shard   50:   768 configs   38872 pairs  [51/162, 70 s]
  shard   41:   768 configs   45313 pairs  [52/162, 73 s]
  shard   51:   768 configs   38870 pairs  [53/162, 74 s]
  shard   54:   384 configs   58020 pairs  [54/162, 75 s]
  shard   57:   256 configs   59199 pairs  [55/162, 75 s]
  shard   56:   256 configs   59177 pairs  [56/162, 76 s]
  shard   61:    64 configs   30857 pairs  [57/162, 77 s]
  shard   58:  1024 configs   25266 pairs  [58/162, 77 s]
  shard   63:    64 configs   69696 pairs  [59/162, 78 s]
  shard   65:    64 configs   52647 pairs  [60/162, 79 s]
  shard   60:   256 configs   51860 pairs  [61/162, 81 s]
  shard   67:    64 configs   29916 pairs  [62/162, 81 s]
  shard   62:   256 configs  101120 pairs  [63/162, 82 s]
  shard   64:   256 configs   82541 pairs  [64/162, 84 s]
  shard   69:    64 configs   69601 pairs  [65/162, 84 s]
  shard   66:   256 configs   50292 pairs  [66/162, 84 s]
  shard   71:    64 configs   50270 pairs  [67/162, 86 s]
  shard   53:   512 configs   41379 pairs  [68/162, 86 s]
  shard   73:    64 configs   29052 pairs  [69/162, 86 s]
  shard   70:   256 configs   78850 pairs  [70/162, 89 s]
  shard   72:   256 configs   48939 pairs  [71/162, 90 s]
  shard   77:    64 configs   49592 pairs  [72/162, 91 s]
  shard   55:   384 configs   58633 pairs  [73/162, 92 s]
  shard   74:   256 configs   99180 pairs  [74/162, 93 s]
  shard   76:   256 configs   77426 pairs  [75/162, 93 s]
  shard   75:    64 configs   68033 pairs  [76/162, 94 s]
  shard   59:  1024 configs   25279 pairs  [77/162, 96 s]
  shard   78:   512 configs   33107 pairs  [78/162, 97 s]
  shard   79:   512 configs   33118 pairs  [79/162, 97 s]
  shard   82:   256 configs   38013 pairs  [80/162, 99 s]
  shard   81:   256 configs   37796 pairs  [81/162, 99 s]
  shard   85:   128 configs   29628 pairs  [82/162, 100 s]
  shard   68:   256 configs  101025 pairs  [83/162, 100 s]
  shard   87:    64 configs   20333 pairs  [84/162, 101 s]
  shard   86:   128 configs   30573 pairs  [85/162, 101 s]
  shard   88:    64 configs   20839 pairs  [86/162, 101 s]
  shard   89:    64 configs   20668 pairs  [87/162, 102 s]
  shard   92:   512 configs   48333 pairs  [88/162, 107 s]
  shard   91:   512 configs   48338 pairs  [89/162, 107 s]
  shard   93:   256 configs   63892 pairs  [90/162, 107 s]
  shard   94:   256 configs   63817 pairs  [91/162, 108 s]
  shard   84:   128 configs   29920 pairs  [92/162, 110 s]
  shard   96:   128 configs   52383 pairs  [93/162, 111 s]
  shard   97:   128 configs   53053 pairs  [94/162, 111 s]
  shard   98:   128 configs   52953 pairs  [95/162, 112 s]
  shard  100:    64 configs   37396 pairs  [96/162, 113 s]
  shard  101:    64 configs   37541 pairs  [97/162, 113 s]
  shard   95:   256 configs   63954 pairs  [98/162, 114 s]
  shard   80:   512 configs   33243 pairs  [99/162, 117 s]
  shard   99:    64 configs   37071 pairs  [100/162, 118 s]
  shard  102:   512 configs   56464 pairs  [101/162, 118 s]
  shard   83:   256 configs   38249 pairs  [102/162, 119 s]
  shard  103:   512 configs   56410 pairs  [103/162, 120 s]
  shard  105:   256 configs   82087 pairs  [104/162, 120 s]
  shard  104:   512 configs   56448 pairs  [105/162, 120 s]
  shard  111:    64 configs   50383 pairs  [106/162, 122 s]
  shard  112:    64 configs   50714 pairs  [107/162, 122 s]
  shard  108:   128 configs   70522 pairs  [108/162, 122 s]
  shard  110:   128 configs   70802 pairs  [109/162, 124 s]
  shard  113:    64 configs   50330 pairs  [110/162, 124 s]
  shard   90:   512 configs   48520 pairs  [111/162, 126 s]
  shard  115:   512 configs   61344 pairs  [112/162, 129 s]
  shard  114:   512 configs   61328 pairs  [113/162, 129 s]
  shard  116:   512 configs   61337 pairs  [114/162, 130 s]
  shard  117:   256 configs  112711 pairs  [115/162, 131 s]
  shard  120:   128 configs  104407 pairs  [116/162, 134 s]
  shard  109:   128 configs   70329 pairs  [117/162, 134 s]
  shard  121:   128 configs  104557 pairs  [118/162, 135 s]
  shard  122:   128 configs  104771 pairs  [119/162, 135 s]
  shard  119:   256 configs  112703 pairs  [120/162, 136 s]
  shard  123:    64 configs   78872 pairs  [121/162, 136 s]
  shard  125:    64 configs   78641 pairs  [122/162, 137 s]
  shard  126:   512 configs   59862 pairs  [123/162, 142 s]
  shard  106:   256 configs   82414 pairs  [124/162, 142 s]
  shard  127:   512 configs   59744 pairs  [125/162, 143 s]
  shard  128:   512 configs   59788 pairs  [126/162, 143 s]
  shard  107:   256 configs   82064 pairs  [127/162, 143 s]
  shard  124:    64 configs   78505 pairs  [128/162, 143 s]
  shard  129:   256 configs   95689 pairs  [129/162, 143 s]
  shard  136:    64 configs   60967 pairs  [130/162, 146 s]
  shard  133:   128 configs   84698 pairs  [131/162, 147 s]
  shard  132:   128 configs   85129 pairs  [132/162, 147 s]
  shard  138:   104 configs   12480 pairs  [133/162, 148 s]
  shard  137:    64 configs   61053 pairs  [134/162, 148 s]
  shard  139:   106 configs   12720 pairs  [135/162, 148 s]
  shard  142:    20 configs    9609 pairs  [136/162, 148 s]
  shard  141:    35 configs   16847 pairs  [137/162, 148 s]
  shard  140:    91 configs   10920 pairs  [138/162, 148 s]
  shard  143:    36 configs   17354 pairs  [139/162, 148 s]
  shard  144:    40 configs   39839 pairs  [140/162, 149 s]
  shard  145:    37 configs   36747 pairs  [141/162, 149 s]
  shard  146:    33 configs   32844 pairs  [142/162, 149 s]
  shard  130:   256 configs   95697 pairs  [143/162, 149 s]
  shard  118:   256 configs  112703 pairs  [144/162, 150 s]
  shard  149:    24 configs   37305 pairs  [145/162, 150 s]
  shard  148:    30 configs   46603 pairs  [146/162, 150 s]
  shard  147:    31 configs   48076 pairs  [147/162, 150 s]
  shard  135:    64 configs   62085 pairs  [148/162, 152 s]
  shard  150:   503 configs   60357 pairs  [149/162, 155 s]
  shard  152:   500 configs   59994 pairs  [150/162, 156 s]
  shard  154:   256 configs  119911 pairs  [151/162, 157 s]
  shard  153:   256 configs  120062 pairs  [152/162, 157 s]
  shard  134:   128 configs   84529 pairs  [153/162, 159 s]
  shard  159:    64 configs   90507 pairs  [154/162, 159 s]
  shard  156:   128 configs  118402 pairs  [155/162, 160 s]
  shard  157:   128 configs  118392 pairs  [156/162, 161 s]
  shard  158:   128 configs  118516 pairs  [157/162, 161 s]
  shard  161:    64 configs   90110 pairs  [158/162, 162 s]
  shard  160:    64 configs   90158 pairs  [159/162, 166 s]
  shard  131:   256 configs   95303 pairs  [160/162, 167 s]
  shard  151:   506 configs   60718 pairs  [161/162, 171 s]
  shard  155:   256 configs  119981 pairs  [162/162, 172 s]
[concat] 56048 configurations, 9880790 unordered near pairs
[done] 56048 configurations, 9880790 pairs in 184 s -> data/multibody_v2_cache_pc8
/mnt/ffs24/home/khanmd/pinn-stokes/experiments/train_nbody_v2.py:81: UserWarning: The given NumPy array is not writable, and PyTorch does not support non-writable tensors. This means writing to this tensor will result in undefined behavior. You may want to copy the array to protect its data or make it writable before converting it to a tensor. This type of warning will be suppressed for the rest of this program. (Triggered internally at /pytorch/torch/csrc/utils/tensor_numpy.cpp:203.)
  T = lambda a, dt: torch.as_tensor(np.ascontiguousarray(a), dtype=dt, device=store)
[cache] kinf_rc8: 9880765 rows (25 dropped) train 8897728 val 983037 configs 56048 on cuda
[data] loaded in 3 s; periodic eval on 500000 val rows, final on 983037
[norm] fitted on 262144 rows: inv_std range [0.0479, 51.4]  basis_scale range [0.184, 20.6]
[train] model=moments variant=kinf_rc8 params=40733 rows=8897728 batch=4096 steps/epoch=2172 total_steps=217200 loss=l1/block scale=18.850
epoch    0 step    2172  train 0.00358  val PRMSE lin 5.073% ang 27.713% | block rel 6.800% (TT 4.13 TR 19.28 RR 72.97) capture 42.3% | 2b-only lin 15.05% ang 37.15% block 16.07%  [7 s]
epoch    5 step   13032  train 0.00300  val PRMSE lin 8.581% ang 37.562% | block rel 10.518% (TT 6.94 TR 33.01 RR 81.03) capture 65.5% | 2b-only lin 15.05% ang 37.15% block 16.07%  [44 s]
epoch   10 step   23892  train 0.00284  val PRMSE lin 6.014% ang 24.400% | block rel 7.183% (TT 5.19 TR 20.11 RR 50.76) capture 44.7% | 2b-only lin 15.05% ang 37.15% block 16.07%  [81 s]
epoch   15 step   34752  train 0.00290  val PRMSE lin 4.702% ang 24.271% | block rel 6.146% (TT 3.60 TR 19.66 RR 55.34) capture 38.2% | 2b-only lin 15.05% ang 37.15% block 16.07%  [118 s]
epoch   20 step   45612  train 0.00267  val PRMSE lin 4.755% ang 28.069% | block rel 6.611% (TT 3.51 TR 20.77 RR 63.72) capture 41.1% | 2b-only lin 15.05% ang 37.15% block 16.07%  [154 s]
epoch   25 step   56472  train 0.00263  val PRMSE lin 4.329% ang 23.042% | block rel 5.736% (TT 3.37 TR 17.72 RR 54.85) capture 35.7% | 2b-only lin 15.05% ang 37.15% block 16.07%  [192 s]
epoch   30 step   67332  train 0.00255  val PRMSE lin 4.254% ang 20.520% | block rel 5.407% (TT 3.13 TR 18.68 RR 41.96) capture 33.6% | 2b-only lin 15.05% ang 37.15% block 16.07%  [230 s]
epoch   35 step   78192  train 0.00245  val PRMSE lin 4.127% ang 19.652% | block rel 5.215% (TT 3.12 TR 17.54 RR 35.11) capture 32.5% | 2b-only lin 15.05% ang 37.15% block 16.07%  [267 s]
epoch   40 step   89052  train 0.00234  val PRMSE lin 4.201% ang 18.831% | block rel 5.189% (TT 3.24 TR 17.42 RR 31.53) capture 32.3% | 2b-only lin 15.05% ang 37.15% block 16.07%  [305 s]
epoch   45 step   99912  train 0.00225  val PRMSE lin 4.086% ang 18.393% | block rel 5.056% (TT 3.11 TR 17.24 RR 30.22) capture 31.5% | 2b-only lin 15.05% ang 37.15% block 16.07%  [343 s]
epoch   50 step  110772  train 0.00219  val PRMSE lin 4.018% ang 17.718% | block rel 4.935% (TT 3.04 TR 17.07 RR 26.60) capture 30.7% | 2b-only lin 15.05% ang 37.15% block 16.07%  [381 s]
epoch   55 step  121632  train 0.00204  val PRMSE lin 4.012% ang 16.176% | block rel 4.782% (TT 3.00 TR 17.26 RR 15.18) capture 29.8% | 2b-only lin 15.05% ang 37.15% block 16.07%  [419 s]
epoch   60 step  132492  train 0.00193  val PRMSE lin 3.986% ang 15.990% | block rel 4.743% (TT 2.97 TR 17.26 RR 13.59) capture 29.5% | 2b-only lin 15.05% ang 37.15% block 16.07%  [457 s]
epoch   65 step  143352  train 0.00189  val PRMSE lin 3.976% ang 15.939% | block rel 4.730% (TT 2.97 TR 17.12 RR 13.28) capture 29.4% | 2b-only lin 15.05% ang 37.15% block 16.07%  [494 s]
epoch   70 step  154212  train 0.00185  val PRMSE lin 3.928% ang 16.019% | block rel 4.699% (TT 2.94 TR 16.89 RR 11.69) capture 29.2% | 2b-only lin 15.05% ang 37.15% block 16.07%  [532 s]
epoch   75 step  165072  train 0.00183  val PRMSE lin 3.922% ang 15.846% | block rel 4.678% (TT 2.94 TR 16.84 RR 11.52) capture 29.1% | 2b-only lin 15.05% ang 37.15% block 16.07%  [570 s]
epoch   80 step  175932  train 0.00181  val PRMSE lin 3.913% ang 15.770% | block rel 4.663% (TT 2.92 TR 16.86 RR 10.73) capture 29.0% | 2b-only lin 15.05% ang 37.15% block 16.07%  [608 s]
epoch   85 step  186792  train 0.00180  val PRMSE lin 3.907% ang 15.740% | block rel 4.655% (TT 2.92 TR 16.86 RR 10.62) capture 29.0% | 2b-only lin 15.05% ang 37.15% block 16.07%  [646 s]
epoch   90 step  197652  train 0.00180  val PRMSE lin 3.908% ang 15.687% | block rel 4.651% (TT 2.91 TR 16.89 RR 10.53) capture 28.9% | 2b-only lin 15.05% ang 37.15% block 16.07%  [684 s]
epoch   95 step  208512  train 0.00179  val PRMSE lin 3.904% ang 15.691% | block rel 4.648% (TT 2.91 TR 16.87 RR 10.51) capture 28.9% | 2b-only lin 15.05% ang 37.15% block 16.07%  [722 s]
epoch   99 step  217200  train 0.00179  val PRMSE lin 3.903% ang 15.687% | block rel 4.647% (TT 2.91 TR 16.88 RR 10.50) capture 28.9% | 2b-only lin 15.05% ang 37.15% block 16.07%  [753 s]
[final] PRMSE lin 3.892% ang 15.662% | block rel 4.638% (TT 2.90 TR 16.85 RR 10.50) capture 28.9% | 2b-only lin 15.03% ang 37.15% block 16.05%
   uniform  PRMSE lin 3.266% ang 13.587% | block rel 3.848% (TT 2.53 TR 14.19 RR 8.49) capture 25.6% | 2b-only lin 14.09% ang 36.43% block 15.01%
   grown    PRMSE lin 4.744% ang 17.597% | block rel 5.673% (TT 3.47 TR 19.42 RR 11.94) capture 31.4% | 2b-only lin 16.92% ang 38.90% block 18.09%
   lattice  PRMSE lin 1.233% ang 6.517% | block rel 1.489% (TT 0.91 TR 6.64 RR 3.40) capture 18.7% | 2b-only lin 7.63% ang 18.85% block 7.95%
   by nnbr: 1-5:1.82/6.31%  6-10:4.13/15.43%  11-20:3.73/14.92%  21-40:3.96/16.48%  41-inf:3.84/17.60%
[saved] experiments/runs_v2/mom_kinf_rc8_pc8/model.wt, model.pt, metrics.json, log.csv, config.json
[published] data/models/nbody_moments_v2_kinf_rc8_pc8.pt (+ .json sidecar), experiments/nbody_moments_v2_kinf_rc8_pc8.wt
done Sun Aug 30 06:42:59 PM EDT 2026
