Warp 1.12.0 initialized:
   CUDA Toolkit 12.9, Driver 13.0
   Devices:
     "cpu"      : "x86_64"
     "cuda:0"   : "NVIDIA H200" (140 GiB, sm_90, mempool enabled)
   Kernel cache:
     /workspace/.cache/warp
torch current cudaStream_t : 0
warp current cudaStream_t  : 243696848
n_side=374  N=52,313,624  phi=0.1  a=3.472931  fp32_level=2  expandable_segments=True
gpu=NVIDIA H200  total=139.80 GiB
lattice built in 0.09 s, extent -647.9 .. 647.9
[MobFMM] far-field FMM GPU time: 3925.039 ms
Building spatial grid for neighbor search...
Positions shape: (52313624,)
Counting neighbors per particle...
    Module src.hashgrid_neighbors 86a8751 load on device 'cuda:0' took 0.92 ms  (cached)
Total near-field pairs found: 1123427638
Collecting neighbor edge indexes...
Warp::HashGrid took 241.75 ms
no of NN interactions: 1123427638
skipping cudagraphs due to graph with symbolic shapes inputs and config.triton.cudagraph_skip_dynamic_graphs=True. Found from   File "/workspace/pinn-stokes/src/gpu_mob_2b.py", line 104, in forward
    contribution = torch.zeros_like(force)
[Mob_Nbody] Base velocity compute time: 7317.056 ms
W0822 21:10:00.275000 14440 torch/_logging/_internal.py:1154] [1/0] Profiler function <class 'torch.autograd.profiler.record_function'> will be ignored
skipping cudagraphs due to graph with symbolic shapes inputs and config.triton.cudagraph_skip_dynamic_graphs=True. Found from   File "/workspace/pinn-stokes/src/gpu_nbody_mob.py", line 125, in forward
    return self.parent._nbody_chunk_velocity(
  File "/opt/venv/lib/python3.12/site-packages/torch/utils/_contextlib.py", line 120, in decorate_context
    return func(*args, **kwargs)
  File "/workspace/pinn-stokes/src/gpu_nbody_mob.py", line 279, in _nbody_chunk_velocity
    top_k_indices, neighbor_mask = self.get_k_per_pair(
  File "/opt/venv/lib/python3.12/site-packages/torch/utils/_contextlib.py", line 120, in decorate_context
    return func(*args, **kwargs)
  File "/workspace/pinn-stokes/src/gpu_nbody_mob.py", line 220, in get_k_per_pair
    candidate_mask = torch.cat([topk_mask[t_idx], topk_mask[s_idx]], dim=1)
[Mob_Nbody] Post-base path time: 14795.073 ms
[MobFMM] peak GPU memory: allocated 112227.90 MB, reserved 125782.00 MB
[MobFMM] near-field construction: 242.177 ms
[MobFMM] near-field operator time: 22112.459 ms
[MobFMM] overall Nearfield time: 22,374.990 ms
[MobFMM] near-field particles updates per sec: 2,338,040.08
[MobFMM] total GPU time: 26313.107 ms
[MobFMM] total particles updates per sec: 1,988,120.34
COLD apply: 26.31 s
[MobFMM] far-field FMM GPU time: 3913.552 ms
Building spatial grid for neighbor search...
Positions shape: (52313624,)
Counting neighbors per particle...
Total near-field pairs found: 1123427638
Collecting neighbor edge indexes...
Warp::HashGrid took 176.13 ms
no of NN interactions: 1123427638
[Mob_Nbody] Base velocity compute time: 1861.834 ms
[Mob_Nbody] Post-base path time: 8390.041 ms
[MobFMM] peak GPU memory: allocated 113425.26 MB, reserved 126982.00 MB
[MobFMM] near-field construction: 176.356 ms
[MobFMM] near-field operator time: 10252.029 ms
[MobFMM] overall Nearfield time: 10,430.483 ms
[MobFMM] near-field particles updates per sec: 5,015,455.37
[MobFMM] total GPU time: 14346.360 ms
[MobFMM] total particles updates per sec: 3,646,473.58
WARM apply 1/3: 14.35 s
[MobFMM] far-field FMM GPU time: 3913.667 ms
Building spatial grid for neighbor search...
Positions shape: (52313624,)
Counting neighbors per particle...
Total near-field pairs found: 1123427638
Collecting neighbor edge indexes...
Warp::HashGrid took 176.14 ms
no of NN interactions: 1123427638
[Mob_Nbody] Base velocity compute time: 1856.583 ms
[Mob_Nbody] Post-base path time: 8391.451 ms
[MobFMM] peak GPU memory: allocated 113425.26 MB, reserved 128182.00 MB
[MobFMM] near-field construction: 176.364 ms
[MobFMM] near-field operator time: 10248.156 ms
[MobFMM] overall Nearfield time: 10,426.615 ms
[MobFMM] near-field particles updates per sec: 5,017,316.05
[MobFMM] total GPU time: 14345.767 ms
[MobFMM] total particles updates per sec: 3,646,624.50
WARM apply 2/3: 14.35 s
[MobFMM] far-field FMM GPU time: 3913.381 ms
Building spatial grid for neighbor search...
Positions shape: (52313624,)
Counting neighbors per particle...
Total near-field pairs found: 1123427638
Collecting neighbor edge indexes...
Warp::HashGrid took 175.90 ms
no of NN interactions: 1123427638
[Mob_Nbody] Base velocity compute time: 1861.058 ms
[Mob_Nbody] Post-base path time: 8387.472 ms
[MobFMM] peak GPU memory: allocated 113425.26 MB, reserved 134162.00 MB
[MobFMM] near-field construction: 176.017 ms
[MobFMM] near-field operator time: 10248.620 ms
[MobFMM] overall Nearfield time: 10,426.709 ms
[MobFMM] near-field particles updates per sec: 5,017,270.94
[MobFMM] total GPU time: 14342.298 ms
[MobFMM] total particles updates per sec: 3,647,506.46
WARM apply 3/3: 14.34 s
RESULT n_side=374 N=52313624 cold=ok warm_ok=3/3 warm_s=14.35,14.35,14.34 torch_alloc_gib=110.77 torch_reserved_gib=131.02 proc_mb=136088.0 gpu_used_mb_now=136097.0 fp32_level=2 finite=1 transverse/axial=1.22e-08 fail=""
exit=0
peak_gpu_used_mb=138305
