Warp 1.12.0 initialized:
   CUDA Toolkit 12.9, Driver 13.0
   Devices:
     "cpu"      : "x86_64"
     "cuda:0"   : "NVIDIA H200" (140 GiB, sm_90, mempool enabled)
   Kernel cache:
     /workspace/.cache/warp
torch current cudaStream_t : 0
warp current cudaStream_t  : 707060432
n_side=390  N=59,319,000  phi=0.1  a=3.472931  fp32_level=2  expandable_segments=True
gpu=NVIDIA H200  total=139.80 GiB
lattice built in 0.09 s, extent -675.7 .. 675.7
[treecode] split P2P tiled over 2 target tile(s) (near pairs=248751890, budget/tile=225164820 pairs)
[MobFMM] far-field FMM GPU time: 12188.729 ms
Building spatial grid for neighbor search...
Positions shape: (59319000,)
Counting neighbors per particle...
    Module src.hashgrid_neighbors 86a8751 load on device 'cuda:0' took 0.88 ms  (cached)
Total near-field pairs found: 1274141510
Collecting neighbor edge indexes...
Warp::HashGrid took 286.15 ms
no of NN interactions: 1274141510
skipping cudagraphs due to graph with symbolic shapes inputs and config.triton.cudagraph_skip_dynamic_graphs=True. Found from   File "/workspace/pinn-stokes/src/gpu_mob_2b.py", line 104, in forward
    contribution = torch.zeros_like(force)
[Mob_Nbody] Base velocity compute time: 7515.951 ms
W0822 21:11:28.740000 14752 torch/_logging/_internal.py:1154] [1/0] Profiler function <class 'torch.autograd.profiler.record_function'> will be ignored
skipping cudagraphs due to graph with symbolic shapes inputs and config.triton.cudagraph_skip_dynamic_graphs=True. Found from   File "/workspace/pinn-stokes/src/gpu_nbody_mob.py", line 125, in forward
    return self.parent._nbody_chunk_velocity(
  File "/opt/venv/lib/python3.12/site-packages/torch/utils/_contextlib.py", line 120, in decorate_context
    return func(*args, **kwargs)
  File "/workspace/pinn-stokes/src/gpu_nbody_mob.py", line 279, in _nbody_chunk_velocity
    top_k_indices, neighbor_mask = self.get_k_per_pair(
  File "/opt/venv/lib/python3.12/site-packages/torch/utils/_contextlib.py", line 120, in decorate_context
    return func(*args, **kwargs)
  File "/workspace/pinn-stokes/src/gpu_nbody_mob.py", line 220, in get_k_per_pair
    candidate_mask = torch.cat([topk_mask[t_idx], topk_mask[s_idx]], dim=1)
[Mob_Nbody] Post-base path time: 15957.585 ms
[MobFMM] peak GPU memory: allocated 127261.68 MB, reserved 127362.00 MB
[MobFMM] near-field construction: 286.498 ms
[MobFMM] near-field operator time: 23473.736 ms
[MobFMM] overall Nearfield time: 23,781.055 ms
[MobFMM] near-field particles updates per sec: 2,494,380.54
[MobFMM] total GPU time: 35981.570 ms
[MobFMM] total particles updates per sec: 1,648,593.97
COLD apply: 35.98 s
[treecode] split P2P tiled over 2 target tile(s) (near pairs=248751890, budget/tile=225164820 pairs)
[MobFMM] far-field FMM GPU time: 12142.613 ms
Building spatial grid for neighbor search...
Positions shape: (59319000,)
Counting neighbors per particle...
Total near-field pairs found: 1274141510
Collecting neighbor edge indexes...
Warp::HashGrid took 210.71 ms
no of NN interactions: 1274141510
[Mob_Nbody] Base velocity compute time: 2158.913 ms
[Mob_Nbody] Post-base path time: 9772.970 ms
[MobFMM] peak GPU memory: allocated 128619.38 MB, reserved 128782.00 MB
[MobFMM] near-field construction: 210.951 ms
[MobFMM] near-field operator time: 11932.062 ms
[MobFMM] overall Nearfield time: 12,145.422 ms
[MobFMM] near-field particles updates per sec: 4,884,062.54
[MobFMM] total GPU time: 24290.834 ms
[MobFMM] total particles updates per sec: 2,442,032.25
WARM apply 1/3: 24.29 s
[treecode] split P2P tiled over 2 target tile(s) (near pairs=248751890, budget/tile=225164820 pairs)
[MobFMM] far-field FMM GPU time: 12177.864 ms
Building spatial grid for neighbor search...
Positions shape: (59319000,)
Counting neighbors per particle...
Total near-field pairs found: 1274141510
Collecting neighbor edge indexes...
Warp::HashGrid took 210.59 ms
no of NN interactions: 1274141510
[Mob_Nbody] Base velocity compute time: 2161.060 ms
[Mob_Nbody] Post-base path time: 9514.225 ms
[MobFMM] peak GPU memory: allocated 128619.38 MB, reserved 131722.00 MB
[MobFMM] near-field construction: 210.747 ms
[MobFMM] near-field operator time: 11675.389 ms
[MobFMM] overall Nearfield time: 11,888.494 ms
[MobFMM] near-field particles updates per sec: 4,989,614.27
[MobFMM] total GPU time: 24068.902 ms
[MobFMM] total particles updates per sec: 2,464,549.45
WARM apply 2/3: 24.07 s
Traceback (most recent call last):
  File "/workspace/pinn-stokes/benchmarks/max_particles.py", line 162, in main
    vel = op.apply(positions, orientations, forces, vis)
          ^^^^^^^^^^^^^^^^^^^^^^^^^^^^^^^^^^^^^^^^^^^^^^
  File "/workspace/pinn-stokes/src/treecode.py", line 504, in apply
    far_vel = self.get_far_field_vel(positions, force3d)
              ^^^^^^^^^^^^^^^^^^^^^^^^^^^^^^^^^^^^^^^^^^
  File "/workspace/pinn-stokes/src/treecode_widebvh.py", line 506, in get_far_field_vel
    self._check(self._lib.wbnemo_apply(
  File "/workspace/pinn-stokes/src/treecode_widebvh.py", line 441, in _check
    raise RuntimeError(
RuntimeError: widebvh error (rc=1): std::bad_alloc: cudaErrorMemoryAllocation: out of memory
FAILED after cold_ok=True warm_ok=2: RuntimeError: widebvh error (rc=1): std::bad_alloc: cudaErrorMemoryAllocation: out of memory
RESULT n_side=390 N=59319000 cold=ok warm_ok=2/3 warm_s=24.29,24.07 torch_alloc_gib=125.60 torch_reserved_gib=128.63 proc_mb=142834.0 gpu_used_mb_now=142843.0 fp32_level=2 finite=1 transverse/axial=3.90e-09 fail="RuntimeError: widebvh error (rc=1): std::bad_alloc: cudaErrorMemoryAllocation: out of memory"
exit=2
peak_gpu_used_mb=142843
