Warp 1.12.0 initialized:
   CUDA Toolkit 12.9, Driver 13.1
   Devices:
     "cpu"      : "x86_64"
     "cuda:0"   : "NVIDIA GeForce RTX 5090" (31 GiB, sm_120, mempool enabled)
   Kernel cache:
     /workspace/.cache/warp
torch current cudaStream_t : 0
warp current cudaStream_t  : 743611376

########## widebvh  N=1,250,000 ##########
[MobFMM] far-field FMM GPU time: 93.658 ms
Building spatial grid for neighbor search...
Positions shape: (1250000,)
Counting neighbors per particle...
    Module src.hashgrid_neighbors 86a8751 load on device 'cuda:0' took 0.93 ms  (cached)
Total near-field pairs found: 26127954
Collecting neighbor edge indexes...
Warp::HashGrid took 38.15 ms
no of NN interactions: 26127954
skipping cudagraphs due to graph with symbolic shapes inputs and config.triton.cudagraph_skip_dynamic_graphs=True. Found from   File "/workspace/pinn-stokes/src/gpu_mob_2b.py", line 104, in forward
    contribution = torch.zeros_like(force)


[Mob_Nbody] Base velocity compute time: 6577.166 ms
W0823 15:53:42.642000 8405 torch/_logging/_internal.py:1154] [1/0] Profiler function <class 'torch.autograd.profiler.record_function'> will be ignored
skipping cudagraphs due to graph with symbolic shapes inputs and config.triton.cudagraph_skip_dynamic_graphs=True. Found from   File "/workspace/pinn-stokes/src/gpu_nbody_mob.py", line 125, in forward
    return self.parent._nbody_chunk_velocity(
  File "/opt/venv/lib/python3.12/site-packages/torch/utils/_contextlib.py", line 120, in decorate_context
    return func(*args, **kwargs)
  File "/workspace/pinn-stokes/src/gpu_nbody_mob.py", line 279, in _nbody_chunk_velocity
    top_k_indices, neighbor_mask = self.get_k_per_pair(
  File "/opt/venv/lib/python3.12/site-packages/torch/utils/_contextlib.py", line 120, in decorate_context
    return func(*args, **kwargs)
  File "/workspace/pinn-stokes/src/gpu_nbody_mob.py", line 220, in get_k_per_pair
    candidate_mask = torch.cat([topk_mask[t_idx], topk_mask[s_idx]], dim=1)


[Mob_Nbody] Post-base path time: 7490.639 ms
[MobFMM] peak GPU memory: allocated 2673.04 MB, reserved 5414.00 MB
[MobFMM] near-field construction: 38.331 ms
[MobFMM] near-field operator time: 14068.037 ms
[MobFMM] overall Nearfield time: 14,126.479 ms
[MobFMM] near-field particles updates per sec: 88,486.31
[MobFMM] total GPU time: 14227.489 ms
[MobFMM] total particles updates per sec: 87,858.09


[MobFMM] far-field FMM GPU time: 63.663 ms
Building spatial grid for neighbor search...
Positions shape: (1250000,)
Counting neighbors per particle...
Total near-field pairs found: 26127954
Collecting neighbor edge indexes...
Warp::HashGrid took 3.92 ms
no of NN interactions: 26127954
[Mob_Nbody] Base velocity compute time: 73.541 ms
[Mob_Nbody] Post-base path time: 195.942 ms
[MobFMM] peak GPU memory: allocated 2672.41 MB, reserved 5414.00 MB
[MobFMM] near-field construction: 4.106 ms
[MobFMM] near-field operator time: 269.676 ms
[MobFMM] overall Nearfield time: 274.040 ms
[MobFMM] near-field particles updates per sec: 4,561,380.81
[MobFMM] total GPU time: 338.524 ms
[MobFMM] total particles updates per sec: 3,692,496.87


[MobFMM] far-field FMM GPU time: 63.609 ms
Building spatial grid for neighbor search...
Positions shape: (1250000,)
Counting neighbors per particle...
Total near-field pairs found: 26127954
Collecting neighbor edge indexes...
Warp::HashGrid took 3.53 ms
no of NN interactions: 26127954
[Mob_Nbody] Base velocity compute time: 73.359 ms
[Mob_Nbody] Post-base path time: 196.086 ms
[MobFMM] peak GPU memory: allocated 2672.41 MB, reserved 5414.00 MB
[MobFMM] near-field construction: 3.673 ms
[MobFMM] near-field operator time: 269.597 ms
[MobFMM] overall Nearfield time: 273.497 ms
[MobFMM] near-field particles updates per sec: 4,570,438.48
[MobFMM] total GPU time: 337.780 ms
[MobFMM] total particles updates per sec: 3,700,629.55


[MobFMM] far-field FMM GPU time: 63.463 ms
Building spatial grid for neighbor search...
Positions shape: (1250000,)
Counting neighbors per particle...
Total near-field pairs found: 26127954
Collecting neighbor edge indexes...
Warp::HashGrid took 3.53 ms
no of NN interactions: 26127954
[Mob_Nbody] Base velocity compute time: 73.322 ms
[Mob_Nbody] Post-base path time: 196.133 ms
[MobFMM] peak GPU memory: allocated 2672.41 MB, reserved 5414.00 MB
[MobFMM] near-field construction: 3.689 ms
[MobFMM] near-field operator time: 269.612 ms
[MobFMM] overall Nearfield time: 273.522 ms
[MobFMM] near-field particles updates per sec: 4,570,016.25
[MobFMM] total GPU time: 337.649 ms
[MobFMM] total particles updates per sec: 3,702,068.45


[MobFMM] far-field FMM GPU time: 64.636 ms
Building spatial grid for neighbor search...
Positions shape: (1250000,)
Counting neighbors per particle...
Total near-field pairs found: 26127954
Collecting neighbor edge indexes...
Warp::HashGrid took 3.53 ms
no of NN interactions: 26127954
[Mob_Nbody] Base velocity compute time: 73.507 ms
[Mob_Nbody] Post-base path time: 196.237 ms
[MobFMM] peak GPU memory: allocated 2672.41 MB, reserved 5414.00 MB
[MobFMM] near-field construction: 3.677 ms
[MobFMM] near-field operator time: 269.912 ms
[MobFMM] overall Nearfield time: 273.810 ms
[MobFMM] near-field particles updates per sec: 4,565,213.56
[MobFMM] total GPU time: 339.131 ms
[MobFMM] total particles updates per sec: 3,685,894.15


[MobFMM] far-field FMM GPU time: 63.973 ms
Building spatial grid for neighbor search...
Positions shape: (1250000,)
Counting neighbors per particle...
Total near-field pairs found: 26127954
Collecting neighbor edge indexes...
Warp::HashGrid took 3.51 ms
no of NN interactions: 26127954
[Mob_Nbody] Base velocity compute time: 73.423 ms
[Mob_Nbody] Post-base path time: 196.204 ms
[MobFMM] peak GPU memory: allocated 2672.41 MB, reserved 5414.00 MB
[MobFMM] near-field construction: 3.654 ms
[MobFMM] near-field operator time: 269.814 ms
[MobFMM] overall Nearfield time: 273.688 ms
[MobFMM] near-field particles updates per sec: 4,567,239.05
[MobFMM] total GPU time: 338.331 ms
[MobFMM] total particles updates per sec: 3,694,602.16


[MobFMM] far-field FMM GPU time: 64.055 ms
Building spatial grid for neighbor search...
Positions shape: (1250000,)
Counting neighbors per particle...
Total near-field pairs found: 26127954
Collecting neighbor edge indexes...
Warp::HashGrid took 3.68 ms
no of NN interactions: 26127954
[Mob_Nbody] Base velocity compute time: 73.446 ms
[Mob_Nbody] Post-base path time: 196.250 ms
[MobFMM] peak GPU memory: allocated 2672.41 MB, reserved 5414.00 MB
[MobFMM] near-field construction: 3.863 ms
[MobFMM] near-field operator time: 269.876 ms
[MobFMM] overall Nearfield time: 273.989 ms
[MobFMM] near-field particles updates per sec: 4,562,233.33
[MobFMM] total GPU time: 339.496 ms
[MobFMM] total particles updates per sec: 3,681,925.17


[MobFMM] far-field FMM GPU time: 66.450 ms
Building spatial grid for neighbor search...
Positions shape: (1250000,)
Counting neighbors per particle...
Total near-field pairs found: 26127954
Collecting neighbor edge indexes...
Warp::HashGrid took 3.84 ms
no of NN interactions: 26127954
[Mob_Nbody] Base velocity compute time: 73.717 ms
[Mob_Nbody] Post-base path time: 195.903 ms
[MobFMM] peak GPU memory: allocated 2672.41 MB, reserved 5414.00 MB
[MobFMM] near-field construction: 4.003 ms
[MobFMM] near-field operator time: 269.833 ms
[MobFMM] overall Nearfield time: 274.089 ms
[MobFMM] near-field particles updates per sec: 4,560,564.15
[MobFMM] total GPU time: 341.756 ms
[MobFMM] total particles updates per sec: 3,657,582.42


[MobFMM] far-field FMM GPU time: 64.636 ms
Building spatial grid for neighbor search...
Positions shape: (1250000,)
Counting neighbors per particle...
Total near-field pairs found: 26127954
Collecting neighbor edge indexes...
Warp::HashGrid took 3.68 ms
no of NN interactions: 26127954
[Mob_Nbody] Base velocity compute time: 73.387 ms
[Mob_Nbody] Post-base path time: 195.826 ms
[MobFMM] peak GPU memory: allocated 2672.41 MB, reserved 5414.00 MB
[MobFMM] near-field construction: 3.835 ms
[MobFMM] near-field operator time: 269.371 ms
[MobFMM] overall Nearfield time: 273.437 ms
[MobFMM] near-field particles updates per sec: 4,571,441.33
[MobFMM] total GPU time: 338.986 ms
[MobFMM] total particles updates per sec: 3,687,472.98


[MobFMM] far-field FMM GPU time: 64.020 ms
Building spatial grid for neighbor search...
Positions shape: (1250000,)
Counting neighbors per particle...
Total near-field pairs found: 26127954
Collecting neighbor edge indexes...
Warp::HashGrid took 3.54 ms
no of NN interactions: 26127954
[Mob_Nbody] Base velocity compute time: 73.384 ms
[Mob_Nbody] Post-base path time: 196.013 ms
[MobFMM] peak GPU memory: allocated 2672.41 MB, reserved 5414.00 MB
[MobFMM] near-field construction: 3.684 ms
[MobFMM] near-field operator time: 269.554 ms
[MobFMM] overall Nearfield time: 273.460 ms
[MobFMM] near-field particles updates per sec: 4,571,059.72
[MobFMM] total GPU time: 338.374 ms
[MobFMM] total particles updates per sec: 3,694,134.00


[MobFMM] far-field FMM GPU time: 63.921 ms
Building spatial grid for neighbor search...
Positions shape: (1250000,)
Counting neighbors per particle...
Total near-field pairs found: 26127954
Collecting neighbor edge indexes...
Warp::HashGrid took 3.54 ms
no of NN interactions: 26127954
[Mob_Nbody] Base velocity compute time: 73.335 ms
[Mob_Nbody] Post-base path time: 196.057 ms
[MobFMM] peak GPU memory: allocated 2672.41 MB, reserved 5414.00 MB
[MobFMM] near-field construction: 3.690 ms
[MobFMM] near-field operator time: 269.552 ms
[MobFMM] overall Nearfield time: 273.464 ms
[MobFMM] near-field particles updates per sec: 4,570,985.25
[MobFMM] total GPU time: 338.366 ms
[MobFMM] total particles updates per sec: 3,694,225.96


[MobFMM] far-field FMM GPU time: 64.323 ms
Building spatial grid for neighbor search...
Positions shape: (1250000,)
Counting neighbors per particle...
Total near-field pairs found: 26127954
Collecting neighbor edge indexes...
Warp::HashGrid took 3.59 ms
no of NN interactions: 26127954
[Mob_Nbody] Base velocity compute time: 73.474 ms
[Mob_Nbody] Post-base path time: 196.000 ms
[MobFMM] peak GPU memory: allocated 2672.41 MB, reserved 5414.00 MB
[MobFMM] near-field construction: 3.757 ms
[MobFMM] near-field operator time: 269.633 ms
[MobFMM] overall Nearfield time: 273.631 ms
[MobFMM] near-field particles updates per sec: 4,568,198.20
[MobFMM] total GPU time: 338.865 ms
[MobFMM] total particles updates per sec: 3,688,784.06


@@ N=1,250,000  total=338.87 ms (+-0.33)  far=64.32 ms  3.689 M updates/s  VRAM 2.61 GB

wrote 1 rows -> results/fig12_5090_1250000.csv

 N          total ms    far ms   M updates/s   VRAM GB
 1,250,000    338.87     64.32        3.689      2.61
