Warp 1.12.0.dev0 initialized:
   CUDA Toolkit 12.6, Driver 13.0
   Devices:
     "cpu"      : "x86_64"
     "cuda:0"   : "NVIDIA H200" (140 GiB, sm_90, mempool enabled)
   Kernel cache:
     /mnt/home/khanmd/.cache/warp/1.12.0.dev0
torch current cudaStream_t : 0
warp current cudaStream_t  : 94185976687648

########## widebvh  N=1,000,000 ##########
[NNMobTorch] 2b LUT self-check: max rel deviation 1.810e-06 (16384 intervals over [0, 8.01])
[MobFMM] far-field FMM GPU time: 80.956 ms
Building spatial grid for neighbor search...
Positions shape: (1000000,)
Counting neighbors per particle...
    Module src.hashgrid_neighbors fa5b16d load on device 'cuda:0' took 16.28 ms  (cached)
Total near-field pairs found: 49995572
Collecting neighbor edge indexes...
Warp::HashGrid took 41.58 ms
no of NN interactions: 49995572
Module src.gpu_mob_2b c79e500 load on device 'cuda:0' took 15.41 ms  (cached)
[Mob_Nbody] Base velocity compute time: 39.239 ms
Module src.gpu_nbody_moments 96e48a8 load on device 'cuda:0' took 30.37 ms  (cached)
AUTOTUNE mm(524288x76, 76x128)
strides: [76, 1], [1, 76]
dtypes: torch.float16, torch.float16
  triton_mm_16 0.0767 ms 100.0% ACC_TYPE='tl.float32', ALLOW_TF32=True, BLOCK_K=32, BLOCK_M=128, BLOCK_N=128, EVEN_K=False, GROUP_M=8, USE_FAST_ACCUM=False, num_stages=3, num_warps=4
  triton_mm_12 0.0833 ms 92.0% ACC_TYPE='tl.float32', ALLOW_TF32=True, BLOCK_K=128, BLOCK_M=64, BLOCK_N=128, EVEN_K=False, GROUP_M=8, USE_FAST_ACCUM=False, num_stages=4, num_warps=4
  triton_mm_9 0.0848 ms 90.4% ACC_TYPE='tl.float32', ALLOW_TF32=True, BLOCK_K=32, BLOCK_M=64, BLOCK_N=128, EVEN_K=False, GROUP_M=8, USE_FAST_ACCUM=False, num_stages=3, num_warps=4
  triton_mm_10 0.0936 ms 81.9% ACC_TYPE='tl.float32', ALLOW_TF32=True, BLOCK_K=32, BLOCK_M=64, BLOCK_N=128, EVEN_K=False, GROUP_M=8, USE_FAST_ACCUM=False, num_stages=4, num_warps=8
  triton_mm_13 0.0944 ms 81.2% ACC_TYPE='tl.float32', ALLOW_TF32=True, BLOCK_K=32, BLOCK_M=128, BLOCK_N=64, EVEN_K=False, GROUP_M=8, USE_FAST_ACCUM=False, num_stages=3, num_warps=4
  triton_mm_14 0.0954 ms 80.3% ACC_TYPE='tl.float32', ALLOW_TF32=True, BLOCK_K=32, BLOCK_M=128, BLOCK_N=64, EVEN_K=False, GROUP_M=8, USE_FAST_ACCUM=False, num_stages=4, num_warps=8
  triton_mm_15 0.0963 ms 79.6% ACC_TYPE='tl.float32', ALLOW_TF32=True, BLOCK_K=32, BLOCK_M=128, BLOCK_N=128, EVEN_K=False, GROUP_M=8, USE_FAST_ACCUM=False, num_stages=2, num_warps=8
  triton_mm_8 0.0996 ms 77.0% ACC_TYPE='tl.float32', ALLOW_TF32=True, BLOCK_K=128, BLOCK_M=64, BLOCK_N=64, EVEN_K=False, GROUP_M=8, USE_FAST_ACCUM=False, num_stages=5, num_warps=4
  triton_mm_6 0.1104 ms 69.4% ACC_TYPE='tl.float32', ALLOW_TF32=True, BLOCK_K=32, BLOCK_M=64, BLOCK_N=64, EVEN_K=False, GROUP_M=8, USE_FAST_ACCUM=False, num_stages=2, num_warps=4
  triton_mm_17 0.1117 ms 68.6% ACC_TYPE='tl.float32', ALLOW_TF32=True, BLOCK_K=64, BLOCK_M=128, BLOCK_N=128, EVEN_K=False, GROUP_M=8, USE_FAST_ACCUM=False, num_stages=3, num_warps=4
SingleProcess AUTOTUNE benchmarking takes 0.4324 seconds and 1.1178 seconds precompiling for 20 choices
AUTOTUNE mm(524288x64, 64x128)
strides: [64, 1], [1, 64]
dtypes: torch.float16, torch.float16
  triton_mm_48 0.0568 ms 100.0% ACC_TYPE='tl.float32', ALLOW_TF32=True, BLOCK_K=64, BLOCK_M=64, BLOCK_N=128, EVEN_K=True, GROUP_M=8, USE_FAST_ACCUM=False, num_stages=3, num_warps=4
  triton_mm_53 0.0572 ms 99.4% ACC_TYPE='tl.float32', ALLOW_TF32=True, BLOCK_K=32, BLOCK_M=128, BLOCK_N=128, EVEN_K=True, GROUP_M=8, USE_FAST_ACCUM=False, num_stages=3, num_warps=4
  triton_mm_49 0.0575 ms 98.8% ACC_TYPE='tl.float32', ALLOW_TF32=True, BLOCK_K=64, BLOCK_M=64, BLOCK_N=128, EVEN_K=True, GROUP_M=8, USE_FAST_ACCUM=False, num_stages=4, num_warps=4
  mm 0.0581 ms 97.8% 
  triton_mm_50 0.0616 ms 92.3% ACC_TYPE='tl.float32', ALLOW_TF32=True, BLOCK_K=32, BLOCK_M=128, BLOCK_N=64, EVEN_K=True, GROUP_M=8, USE_FAST_ACCUM=False, num_stages=3, num_warps=4
  triton_mm_45 0.0648 ms 87.7% ACC_TYPE='tl.float32', ALLOW_TF32=True, BLOCK_K=64, BLOCK_M=64, BLOCK_N=64, EVEN_K=True, GROUP_M=8, USE_FAST_ACCUM=False, num_stages=5, num_warps=4
  triton_mm_55 0.0680 ms 83.5% ACC_TYPE='tl.float32', ALLOW_TF32=True, BLOCK_K=64, BLOCK_M=128, BLOCK_N=128, EVEN_K=True, GROUP_M=8, USE_FAST_ACCUM=False, num_stages=5, num_warps=8
  triton_mm_46 0.0686 ms 82.9% ACC_TYPE='tl.float32', ALLOW_TF32=True, BLOCK_K=32, BLOCK_M=64, BLOCK_N=128, EVEN_K=True, GROUP_M=8, USE_FAST_ACCUM=False, num_stages=3, num_warps=4
  triton_mm_47 0.0687 ms 82.7% ACC_TYPE='tl.float32', ALLOW_TF32=True, BLOCK_K=32, BLOCK_M=64, BLOCK_N=128, EVEN_K=True, GROUP_M=8, USE_FAST_ACCUM=False, num_stages=4, num_warps=8
  triton_mm_54 0.0700 ms 81.2% ACC_TYPE='tl.float32', ALLOW_TF32=True, BLOCK_K=64, BLOCK_M=128, BLOCK_N=128, EVEN_K=True, GROUP_M=8, USE_FAST_ACCUM=False, num_stages=3, num_warps=4
SingleProcess AUTOTUNE benchmarking takes 0.3363 seconds and 0.0003 seconds precompiling for 20 choices
AUTOTUNE mm(524288x128, 128x64)
strides: [128, 1], [1, 128]
dtypes: torch.float16, torch.float16
  triton_mm_35 0.0542 ms 100.0% ACC_TYPE='tl.float32', ALLOW_TF32=True, BLOCK_K=64, BLOCK_M=128, BLOCK_N=64, EVEN_K=True, GROUP_M=8, USE_FAST_ACCUM=False, num_stages=3, num_warps=4
  mm 0.0572 ms 94.7% 
  triton_mm_30 0.0578 ms 93.7% ACC_TYPE='tl.float32', ALLOW_TF32=True, BLOCK_K=64, BLOCK_M=64, BLOCK_N=64, EVEN_K=True, GROUP_M=8, USE_FAST_ACCUM=False, num_stages=3, num_warps=4
  triton_mm_32 0.0607 ms 89.2% ACC_TYPE='tl.float32', ALLOW_TF32=True, BLOCK_K=32, BLOCK_M=128, BLOCK_N=64, EVEN_K=True, GROUP_M=8, USE_FAST_ACCUM=False, num_stages=3, num_warps=4
  triton_mm_33 0.0610 ms 88.8% ACC_TYPE='tl.float32', ALLOW_TF32=True, BLOCK_K=32, BLOCK_M=128, BLOCK_N=64, EVEN_K=True, GROUP_M=8, USE_FAST_ACCUM=False, num_stages=4, num_warps=8
  triton_mm_26 0.0619 ms 87.6% ACC_TYPE='tl.float32', ALLOW_TF32=True, BLOCK_K=64, BLOCK_M=64, BLOCK_N=64, EVEN_K=True, GROUP_M=8, USE_FAST_ACCUM=False, num_stages=3, num_warps=8
  triton_mm_34 0.0665 ms 81.4% ACC_TYPE='tl.float32', ALLOW_TF32=True, BLOCK_K=32, BLOCK_M=128, BLOCK_N=64, EVEN_K=True, GROUP_M=8, USE_FAST_ACCUM=False, num_stages=2, num_warps=8
  triton_mm_31 0.0686 ms 79.0% ACC_TYPE='tl.float32', ALLOW_TF32=True, BLOCK_K=128, BLOCK_M=64, BLOCK_N=64, EVEN_K=True, GROUP_M=8, USE_FAST_ACCUM=False, num_stages=4, num_warps=4
  triton_mm_27 0.0713 ms 76.0% ACC_TYPE='tl.float32', ALLOW_TF32=True, BLOCK_K=128, BLOCK_M=64, BLOCK_N=64, EVEN_K=True, GROUP_M=8, USE_FAST_ACCUM=False, num_stages=5, num_warps=4
  triton_mm_25 0.0725 ms 74.7% ACC_TYPE='tl.float32', ALLOW_TF32=True, BLOCK_K=32, BLOCK_M=64, BLOCK_N=64, EVEN_K=True, GROUP_M=8, USE_FAST_ACCUM=False, num_stages=2, num_warps=4
SingleProcess AUTOTUNE benchmarking takes 0.3027 seconds and 0.0002 seconds precompiling for 19 choices
AUTOTUNE mm(524288x64, 64x96)
strides: [64, 1], [96, 1]
dtypes: torch.float16, torch.float16
  mm 0.0488 ms 100.0% 
  triton_mm_90 0.0524 ms 93.0% ACC_TYPE='tl.float32', ALLOW_TF32=True, BLOCK_K=32, BLOCK_M=128, BLOCK_N=128, EVEN_K=True, GROUP_M=8, USE_FAST_ACCUM=False, num_stages=3, num_warps=4
  triton_mm_86 0.0538 ms 90.6% ACC_TYPE='tl.float32', ALLOW_TF32=True, BLOCK_K=64, BLOCK_M=64, BLOCK_N=128, EVEN_K=True, GROUP_M=8, USE_FAST_ACCUM=False, num_stages=4, num_warps=4
  triton_mm_85 0.0544 ms 89.6% ACC_TYPE='tl.float32', ALLOW_TF32=True, BLOCK_K=64, BLOCK_M=64, BLOCK_N=128, EVEN_K=True, GROUP_M=8, USE_FAST_ACCUM=False, num_stages=3, num_warps=4
  triton_mm_92 0.0623 ms 78.3% ACC_TYPE='tl.float32', ALLOW_TF32=True, BLOCK_K=64, BLOCK_M=128, BLOCK_N=128, EVEN_K=True, GROUP_M=8, USE_FAST_ACCUM=False, num_stages=5, num_warps=8
  triton_mm_91 0.0635 ms 76.9% ACC_TYPE='tl.float32', ALLOW_TF32=True, BLOCK_K=64, BLOCK_M=128, BLOCK_N=128, EVEN_K=True, GROUP_M=8, USE_FAST_ACCUM=False, num_stages=3, num_warps=4
  triton_mm_87 0.0640 ms 76.2% ACC_TYPE='tl.float32', ALLOW_TF32=True, BLOCK_K=32, BLOCK_M=128, BLOCK_N=64, EVEN_K=True, GROUP_M=8, USE_FAST_ACCUM=False, num_stages=3, num_warps=4
  triton_mm_82 0.0643 ms 75.9% ACC_TYPE='tl.float32', ALLOW_TF32=True, BLOCK_K=64, BLOCK_M=64, BLOCK_N=64, EVEN_K=True, GROUP_M=8, USE_FAST_ACCUM=False, num_stages=5, num_warps=4
  triton_mm_88 0.0656 ms 74.3% ACC_TYPE='tl.float32', ALLOW_TF32=True, BLOCK_K=32, BLOCK_M=128, BLOCK_N=64, EVEN_K=True, GROUP_M=8, USE_FAST_ACCUM=False, num_stages=4, num_warps=8
  triton_mm_78 0.0682 ms 71.5% ACC_TYPE='tl.float32', ALLOW_TF32=True, BLOCK_K=64, BLOCK_M=64, BLOCK_N=32, EVEN_K=True, GROUP_M=8, USE_FAST_ACCUM=False, num_stages=5, num_warps=4
SingleProcess AUTOTUNE benchmarking takes 0.3116 seconds and 0.0002 seconds precompiling for 20 choices
skipping cudagraphs due to graph with symbolic shapes inputs and config.triton.cudagraph_skip_dynamic_graphs=True. Found from   File "/mnt/gs21/scratch/khanmd/nemo_v3_timing/src/gpu_nbody_moments.py", line 648, in forward
    x = (X76 - m.inv_mean) / m.inv_std


[MobMoments] pair moments time: 11334.725 ms (24997786 pairs)
skipping cudagraphs due to graph with symbolic shapes inputs and config.triton.cudagraph_skip_dynamic_graphs=True. Found from   File "/mnt/gs21/scratch/khanmd/nemo_v3_timing/src/gpu_nbody_moments.py", line 658, in forward
    rel = pos[s_c] - pos[t_c]


W0926 17:39:16.014000 2111079 /mnt/ffs24/home/khanmd/.conda/envs/torch_pyg/lib/python3.12/site-packages/torch/fx/experimental/symbolic_shapes.py:6823] [2/0] _maybe_guard_rel() was called on non-relation expression Eq(s30, 1) | Eq(s30, s81)
AUTOTUNE mm(262144x48, 48x128)
strides: [48, 1], [1, 48]
dtypes: torch.float32, torch.float32
  mm 0.0563 ms 100.0% 
  triton_mm_114 0.0600 ms 93.8% ACC_TYPE='tl.float32', ALLOW_TF32=True, BLOCK_K=32, BLOCK_M=128, BLOCK_N=128, EVEN_K=False, GROUP_M=8, USE_FAST_ACCUM=False, num_stages=3, num_warps=4
  triton_mm_107 0.0613 ms 91.9% ACC_TYPE='tl.float32', ALLOW_TF32=True, BLOCK_K=32, BLOCK_M=64, BLOCK_N=128, EVEN_K=False, GROUP_M=8, USE_FAST_ACCUM=False, num_stages=3, num_warps=4
  triton_mm_116 0.0641 ms 87.8% ACC_TYPE='tl.float32', ALLOW_TF32=True, BLOCK_K=64, BLOCK_M=128, BLOCK_N=128, EVEN_K=False, GROUP_M=8, USE_FAST_ACCUM=False, num_stages=5, num_warps=8
  triton_mm_111 0.0644 ms 87.5% ACC_TYPE='tl.float32', ALLOW_TF32=True, BLOCK_K=32, BLOCK_M=128, BLOCK_N=64, EVEN_K=False, GROUP_M=8, USE_FAST_ACCUM=False, num_stages=3, num_warps=4
  triton_mm_103 0.0660 ms 85.4% ACC_TYPE='tl.float32', ALLOW_TF32=True, BLOCK_K=16, BLOCK_M=64, BLOCK_N=64, EVEN_K=True, GROUP_M=8, USE_FAST_ACCUM=False, num_stages=2, num_warps=4
  triton_mm_115 0.0664 ms 84.8% ACC_TYPE='tl.float32', ALLOW_TF32=True, BLOCK_K=64, BLOCK_M=128, BLOCK_N=128, EVEN_K=False, GROUP_M=8, USE_FAST_ACCUM=False, num_stages=3, num_warps=4
  triton_mm_109 0.0675 ms 83.5% ACC_TYPE='tl.float32', ALLOW_TF32=True, BLOCK_K=64, BLOCK_M=64, BLOCK_N=128, EVEN_K=False, GROUP_M=8, USE_FAST_ACCUM=False, num_stages=3, num_warps=4
  triton_mm_110 0.0676 ms 83.3% ACC_TYPE='tl.float32', ALLOW_TF32=True, BLOCK_K=64, BLOCK_M=64, BLOCK_N=128, EVEN_K=False, GROUP_M=8, USE_FAST_ACCUM=False, num_stages=4, num_warps=4
  triton_mm_113 0.0707 ms 79.7% ACC_TYPE='tl.float32', ALLOW_TF32=True, BLOCK_K=32, BLOCK_M=128, BLOCK_N=128, EVEN_K=False, GROUP_M=8, USE_FAST_ACCUM=False, num_stages=2, num_warps=8
SingleProcess AUTOTUNE benchmarking takes 0.3195 seconds and 0.0005 seconds precompiling for 20 choices
AUTOTUNE mm(262144x64, 64x128)
strides: [64, 1], [1, 64]
dtypes: torch.float32, torch.float32
  mm 0.0598 ms 100.0% 
  triton_mm_151 0.0620 ms 96.4% ACC_TYPE='tl.float32', ALLOW_TF32=True, BLOCK_K=32, BLOCK_M=128, BLOCK_N=128, EVEN_K=True, GROUP_M=8, USE_FAST_ACCUM=False, num_stages=3, num_warps=4
  triton_mm_144 0.0636 ms 94.0% ACC_TYPE='tl.float32', ALLOW_TF32=True, BLOCK_K=32, BLOCK_M=64, BLOCK_N=128, EVEN_K=True, GROUP_M=8, USE_FAST_ACCUM=False, num_stages=3, num_warps=4
  triton_mm_148 0.0636 ms 93.9% ACC_TYPE='tl.float32', ALLOW_TF32=True, BLOCK_K=32, BLOCK_M=128, BLOCK_N=64, EVEN_K=True, GROUP_M=8, USE_FAST_ACCUM=False, num_stages=3, num_warps=4
  triton_mm_146 0.0646 ms 92.5% ACC_TYPE='tl.float32', ALLOW_TF32=True, BLOCK_K=64, BLOCK_M=64, BLOCK_N=128, EVEN_K=True, GROUP_M=8, USE_FAST_ACCUM=False, num_stages=3, num_warps=4
  triton_mm_147 0.0647 ms 92.4% ACC_TYPE='tl.float32', ALLOW_TF32=True, BLOCK_K=64, BLOCK_M=64, BLOCK_N=128, EVEN_K=True, GROUP_M=8, USE_FAST_ACCUM=False, num_stages=4, num_warps=4
  triton_mm_141 0.0689 ms 86.7% ACC_TYPE='tl.float32', ALLOW_TF32=True, BLOCK_K=32, BLOCK_M=64, BLOCK_N=64, EVEN_K=True, GROUP_M=8, USE_FAST_ACCUM=False, num_stages=2, num_warps=4
  triton_mm_152 0.0694 ms 86.2% ACC_TYPE='tl.float32', ALLOW_TF32=True, BLOCK_K=64, BLOCK_M=128, BLOCK_N=128, EVEN_K=True, GROUP_M=8, USE_FAST_ACCUM=False, num_stages=3, num_warps=4
  triton_mm_150 0.0700 ms 85.4% ACC_TYPE='tl.float32', ALLOW_TF32=True, BLOCK_K=32, BLOCK_M=128, BLOCK_N=128, EVEN_K=True, GROUP_M=8, USE_FAST_ACCUM=False, num_stages=2, num_warps=8
  triton_mm_153 0.0726 ms 82.3% ACC_TYPE='tl.float32', ALLOW_TF32=True, BLOCK_K=64, BLOCK_M=128, BLOCK_N=128, EVEN_K=True, GROUP_M=8, USE_FAST_ACCUM=False, num_stages=5, num_warps=8
SingleProcess AUTOTUNE benchmarking takes 0.3193 seconds and 0.0002 seconds precompiling for 20 choices
E0926 17:39:22.703000 2111079 /mnt/ffs24/home/khanmd/.conda/envs/torch_pyg/lib/python3.12/site-packages/torch/_inductor/select_algorithm.py:2691] [2/0] Runtime error during autotuning: 
E0926 17:39:22.703000 2111079 /mnt/ffs24/home/khanmd/.conda/envs/torch_pyg/lib/python3.12/site-packages/torch/_inductor/select_algorithm.py:2691] [2/0] No valid triton configs. OutOfMemoryError: out of resource: triton_mm Required: 245760 Hardware limit:232448 Reducing block sizes or `num_stages` may help.. 
E0926 17:39:22.703000 2111079 /mnt/ffs24/home/khanmd/.conda/envs/torch_pyg/lib/python3.12/site-packages/torch/_inductor/select_algorithm.py:2691] [2/0] Ignoring this choice.
AUTOTUNE mm(262144x128, 128x64)
strides: [128, 1], [1, 128]
dtypes: torch.float32, torch.float32
  triton_mm_130 0.0550 ms 100.0% ACC_TYPE='tl.float32', ALLOW_TF32=True, BLOCK_K=32, BLOCK_M=128, BLOCK_N=64, EVEN_K=True, GROUP_M=8, USE_FAST_ACCUM=False, num_stages=3, num_warps=4
  triton_mm_126 0.0553 ms 99.5% ACC_TYPE='tl.float32', ALLOW_TF32=True, BLOCK_K=32, BLOCK_M=64, BLOCK_N=64, EVEN_K=True, GROUP_M=8, USE_FAST_ACCUM=False, num_stages=3, num_warps=4
  triton_mm_123 0.0569 ms 96.6% ACC_TYPE='tl.float32', ALLOW_TF32=True, BLOCK_K=32, BLOCK_M=64, BLOCK_N=64, EVEN_K=True, GROUP_M=8, USE_FAST_ACCUM=False, num_stages=2, num_warps=4
  mm 0.0571 ms 96.4% 
  triton_mm_132 0.0572 ms 96.1% ACC_TYPE='tl.float32', ALLOW_TF32=True, BLOCK_K=32, BLOCK_M=128, BLOCK_N=64, EVEN_K=True, GROUP_M=8, USE_FAST_ACCUM=False, num_stages=2, num_warps=8
  triton_mm_131 0.0597 ms 92.1% ACC_TYPE='tl.float32', ALLOW_TF32=True, BLOCK_K=32, BLOCK_M=128, BLOCK_N=64, EVEN_K=True, GROUP_M=8, USE_FAST_ACCUM=False, num_stages=4, num_warps=8
  triton_mm_128 0.0631 ms 87.1% ACC_TYPE='tl.float32', ALLOW_TF32=True, BLOCK_K=64, BLOCK_M=64, BLOCK_N=64, EVEN_K=True, GROUP_M=8, USE_FAST_ACCUM=False, num_stages=3, num_warps=4
  triton_mm_127 0.0634 ms 86.7% ACC_TYPE='tl.float32', ALLOW_TF32=True, BLOCK_K=32, BLOCK_M=64, BLOCK_N=64, EVEN_K=True, GROUP_M=8, USE_FAST_ACCUM=False, num_stages=4, num_warps=8
  triton_mm_124 0.0670 ms 82.0% ACC_TYPE='tl.float32', ALLOW_TF32=True, BLOCK_K=64, BLOCK_M=64, BLOCK_N=64, EVEN_K=True, GROUP_M=8, USE_FAST_ACCUM=False, num_stages=3, num_warps=8
  triton_mm_133 0.0717 ms 76.7% ACC_TYPE='tl.float32', ALLOW_TF32=True, BLOCK_K=64, BLOCK_M=128, BLOCK_N=64, EVEN_K=True, GROUP_M=8, USE_FAST_ACCUM=False, num_stages=3, num_warps=4
SingleProcess AUTOTUNE benchmarking takes 0.2809 seconds and 0.0002 seconds precompiling for 19 choices
AUTOTUNE mm(262144x64, 64x92)
strides: [64, 1], [92, 1]
dtypes: torch.float32, torch.float32
  mm 0.0570 ms 100.0% 
  triton_mm_176 0.0765 ms 74.5% ACC_TYPE='tl.float32', ALLOW_TF32=True, BLOCK_K=64, BLOCK_M=64, BLOCK_N=32, EVEN_K=True, GROUP_M=8, USE_FAST_ACCUM=False, num_stages=5, num_warps=4
  triton_mm_172 0.0873 ms 65.2% ACC_TYPE='tl.float32', ALLOW_TF32=True, BLOCK_K=16, BLOCK_M=32, BLOCK_N=32, EVEN_K=True, GROUP_M=8, USE_FAST_ACCUM=False, num_stages=1, num_warps=2
  triton_mm_189 0.0891 ms 64.0% ACC_TYPE='tl.float32', ALLOW_TF32=True, BLOCK_K=64, BLOCK_M=128, BLOCK_N=128, EVEN_K=True, GROUP_M=8, USE_FAST_ACCUM=False, num_stages=3, num_warps=4
  triton_mm_190 0.0891 ms 64.0% ACC_TYPE='tl.float32', ALLOW_TF32=True, BLOCK_K=64, BLOCK_M=128, BLOCK_N=128, EVEN_K=True, GROUP_M=8, USE_FAST_ACCUM=False, num_stages=5, num_warps=8
  triton_mm_173 0.0912 ms 62.5% ACC_TYPE='tl.float32', ALLOW_TF32=True, BLOCK_K=64, BLOCK_M=32, BLOCK_N=32, EVEN_K=True, GROUP_M=8, USE_FAST_ACCUM=False, num_stages=2, num_warps=4
  triton_mm_180 0.0937 ms 60.8% ACC_TYPE='tl.float32', ALLOW_TF32=True, BLOCK_K=64, BLOCK_M=64, BLOCK_N=64, EVEN_K=True, GROUP_M=8, USE_FAST_ACCUM=False, num_stages=5, num_warps=4
  triton_mm_179 0.0968 ms 58.8% ACC_TYPE='tl.float32', ALLOW_TF32=True, BLOCK_K=64, BLOCK_M=64, BLOCK_N=64, EVEN_K=True, GROUP_M=8, USE_FAST_ACCUM=False, num_stages=3, num_warps=8
  triton_mm_187 0.1075 ms 53.0% ACC_TYPE='tl.float32', ALLOW_TF32=True, BLOCK_K=32, BLOCK_M=128, BLOCK_N=128, EVEN_K=True, GROUP_M=8, USE_FAST_ACCUM=False, num_stages=2, num_warps=8
  triton_mm_185 0.1147 ms 49.7% ACC_TYPE='tl.float32', ALLOW_TF32=True, BLOCK_K=32, BLOCK_M=128, BLOCK_N=64, EVEN_K=True, GROUP_M=8, USE_FAST_ACCUM=False, num_stages=3, num_warps=4
SingleProcess AUTOTUNE benchmarking takes 0.4085 seconds and 0.0002 seconds precompiling for 20 choices
E0926 17:39:25.511000 2111079 /mnt/ffs24/home/khanmd/.conda/envs/torch_pyg/lib/python3.12/site-packages/torch/_inductor/select_algorithm.py:2691] [2/0] Runtime error during autotuning: 
E0926 17:39:25.511000 2111079 /mnt/ffs24/home/khanmd/.conda/envs/torch_pyg/lib/python3.12/site-packages/torch/_inductor/select_algorithm.py:2691] [2/0] CUDA driver error: invalid argument
E0926 17:39:25.511000 2111079 /mnt/ffs24/home/khanmd/.conda/envs/torch_pyg/lib/python3.12/site-packages/torch/_inductor/select_algorithm.py:2691] [2/0] 
E0926 17:39:25.511000 2111079 /mnt/ffs24/home/khanmd/.conda/envs/torch_pyg/lib/python3.12/site-packages/torch/_inductor/select_algorithm.py:2691] [2/0] This may mean this GPU is too small for max_autotune mode.
E0926 17:39:25.511000 2111079 /mnt/ffs24/home/khanmd/.conda/envs/torch_pyg/lib/python3.12/site-packages/torch/_inductor/select_algorithm.py:2691] [2/0] 
E0926 17:39:25.511000 2111079 /mnt/ffs24/home/khanmd/.conda/envs/torch_pyg/lib/python3.12/site-packages/torch/_inductor/select_algorithm.py:2691] [2/0] . 
E0926 17:39:25.511000 2111079 /mnt/ffs24/home/khanmd/.conda/envs/torch_pyg/lib/python3.12/site-packages/torch/_inductor/select_algorithm.py:2691] [2/0] Ignoring this choice.
E0926 17:39:25.516000 2111079 /mnt/ffs24/home/khanmd/.conda/envs/torch_pyg/lib/python3.12/site-packages/torch/_inductor/select_algorithm.py:2691] [2/0] Runtime error during autotuning: 
E0926 17:39:25.516000 2111079 /mnt/ffs24/home/khanmd/.conda/envs/torch_pyg/lib/python3.12/site-packages/torch/_inductor/select_algorithm.py:2691] [2/0] CUDA driver error: invalid argument
E0926 17:39:25.516000 2111079 /mnt/ffs24/home/khanmd/.conda/envs/torch_pyg/lib/python3.12/site-packages/torch/_inductor/select_algorithm.py:2691] [2/0] 
E0926 17:39:25.516000 2111079 /mnt/ffs24/home/khanmd/.conda/envs/torch_pyg/lib/python3.12/site-packages/torch/_inductor/select_algorithm.py:2691] [2/0] This may mean this GPU is too small for max_autotune mode.
E0926 17:39:25.516000 2111079 /mnt/ffs24/home/khanmd/.conda/envs/torch_pyg/lib/python3.12/site-packages/torch/_inductor/select_algorithm.py:2691] [2/0] 
E0926 17:39:25.516000 2111079 /mnt/ffs24/home/khanmd/.conda/envs/torch_pyg/lib/python3.12/site-packages/torch/_inductor/select_algorithm.py:2691] [2/0] . 
E0926 17:39:25.516000 2111079 /mnt/ffs24/home/khanmd/.conda/envs/torch_pyg/lib/python3.12/site-packages/torch/_inductor/select_algorithm.py:2691] [2/0] Ignoring this choice.
E0926 17:39:25.520000 2111079 /mnt/ffs24/home/khanmd/.conda/envs/torch_pyg/lib/python3.12/site-packages/torch/_inductor/select_algorithm.py:2691] [2/0] Runtime error during autotuning: 
E0926 17:39:25.520000 2111079 /mnt/ffs24/home/khanmd/.conda/envs/torch_pyg/lib/python3.12/site-packages/torch/_inductor/select_algorithm.py:2691] [2/0] CUDA driver error: invalid argument
E0926 17:39:25.520000 2111079 /mnt/ffs24/home/khanmd/.conda/envs/torch_pyg/lib/python3.12/site-packages/torch/_inductor/select_algorithm.py:2691] [2/0] 
E0926 17:39:25.520000 2111079 /mnt/ffs24/home/khanmd/.conda/envs/torch_pyg/lib/python3.12/site-packages/torch/_inductor/select_algorithm.py:2691] [2/0] This may mean this GPU is too small for max_autotune mode.
E0926 17:39:25.520000 2111079 /mnt/ffs24/home/khanmd/.conda/envs/torch_pyg/lib/python3.12/site-packages/torch/_inductor/select_algorithm.py:2691] [2/0] 
E0926 17:39:25.520000 2111079 /mnt/ffs24/home/khanmd/.conda/envs/torch_pyg/lib/python3.12/site-packages/torch/_inductor/select_algorithm.py:2691] [2/0] . 
E0926 17:39:25.520000 2111079 /mnt/ffs24/home/khanmd/.conda/envs/torch_pyg/lib/python3.12/site-packages/torch/_inductor/select_algorithm.py:2691] [2/0] Ignoring this choice.
E0926 17:39:25.524000 2111079 /mnt/ffs24/home/khanmd/.conda/envs/torch_pyg/lib/python3.12/site-packages/torch/_inductor/select_algorithm.py:2691] [2/0] Runtime error during autotuning: 
E0926 17:39:25.524000 2111079 /mnt/ffs24/home/khanmd/.conda/envs/torch_pyg/lib/python3.12/site-packages/torch/_inductor/select_algorithm.py:2691] [2/0] CUDA driver error: invalid argument
E0926 17:39:25.524000 2111079 /mnt/ffs24/home/khanmd/.conda/envs/torch_pyg/lib/python3.12/site-packages/torch/_inductor/select_algorithm.py:2691] [2/0] 
E0926 17:39:25.524000 2111079 /mnt/ffs24/home/khanmd/.conda/envs/torch_pyg/lib/python3.12/site-packages/torch/_inductor/select_algorithm.py:2691] [2/0] This may mean this GPU is too small for max_autotune mode.
E0926 17:39:25.524000 2111079 /mnt/ffs24/home/khanmd/.conda/envs/torch_pyg/lib/python3.12/site-packages/torch/_inductor/select_algorithm.py:2691] [2/0] 
E0926 17:39:25.524000 2111079 /mnt/ffs24/home/khanmd/.conda/envs/torch_pyg/lib/python3.12/site-packages/torch/_inductor/select_algorithm.py:2691] [2/0] . 
E0926 17:39:25.524000 2111079 /mnt/ffs24/home/khanmd/.conda/envs/torch_pyg/lib/python3.12/site-packages/torch/_inductor/select_algorithm.py:2691] [2/0] Ignoring this choice.
E0926 17:39:25.529000 2111079 /mnt/ffs24/home/khanmd/.conda/envs/torch_pyg/lib/python3.12/site-packages/torch/_inductor/select_algorithm.py:2691] [2/0] Runtime error during autotuning: 
E0926 17:39:25.529000 2111079 /mnt/ffs24/home/khanmd/.conda/envs/torch_pyg/lib/python3.12/site-packages/torch/_inductor/select_algorithm.py:2691] [2/0] CUDA driver error: invalid argument
E0926 17:39:25.529000 2111079 /mnt/ffs24/home/khanmd/.conda/envs/torch_pyg/lib/python3.12/site-packages/torch/_inductor/select_algorithm.py:2691] [2/0] 
E0926 17:39:25.529000 2111079 /mnt/ffs24/home/khanmd/.conda/envs/torch_pyg/lib/python3.12/site-packages/torch/_inductor/select_algorithm.py:2691] [2/0] This may mean this GPU is too small for max_autotune mode.
E0926 17:39:25.529000 2111079 /mnt/ffs24/home/khanmd/.conda/envs/torch_pyg/lib/python3.12/site-packages/torch/_inductor/select_algorithm.py:2691] [2/0] 
E0926 17:39:25.529000 2111079 /mnt/ffs24/home/khanmd/.conda/envs/torch_pyg/lib/python3.12/site-packages/torch/_inductor/select_algorithm.py:2691] [2/0] . 
E0926 17:39:25.529000 2111079 /mnt/ffs24/home/khanmd/.conda/envs/torch_pyg/lib/python3.12/site-packages/torch/_inductor/select_algorithm.py:2691] [2/0] Ignoring this choice.
AUTOTUNE bmm(2097152x3x3, 2097152x3x3)
strides: [9, 3, 1], [9, 3, 1]
dtypes: torch.float32, torch.float32
  bmm 4.0219 ms 100.0% 
  triton_bmm_93 inf ms 0.0% ACC_TYPE='tl.float32', ALLOW_TF32=True, BLOCK_K=16, BLOCK_M=16, BLOCK_N=16, EVEN_K=False, GROUP_M=8, USE_FAST_ACCUM=False, num_stages=1, num_warps=1
  triton_bmm_94 inf ms 0.0% ACC_TYPE='tl.float32', ALLOW_TF32=True, BLOCK_K=16, BLOCK_M=16, BLOCK_N=16, EVEN_K=False, GROUP_M=8, USE_FAST_ACCUM=False, num_stages=2, num_warps=1
  triton_bmm_95 inf ms 0.0% ACC_TYPE='tl.float32', ALLOW_TF32=True, BLOCK_K=16, BLOCK_M=16, BLOCK_N=16, EVEN_K=False, GROUP_M=8, USE_FAST_ACCUM=False, num_stages=5, num_warps=1
  triton_bmm_96 inf ms 0.0% ACC_TYPE='tl.float32', ALLOW_TF32=True, BLOCK_K=16, BLOCK_M=16, BLOCK_N=16, EVEN_K=False, GROUP_M=8, USE_FAST_ACCUM=False, num_stages=3, num_warps=1
  triton_bmm_97 inf ms 0.0% ACC_TYPE='tl.float32', ALLOW_TF32=True, BLOCK_K=16, BLOCK_M=16, BLOCK_N=16, EVEN_K=False, GROUP_M=8, USE_FAST_ACCUM=False, num_stages=4, num_warps=1
SingleProcess AUTOTUNE benchmarking takes 0.0750 seconds and 0.0002 seconds precompiling for 6 choices
E0926 17:39:25.588000 2111079 /mnt/ffs24/home/khanmd/.conda/envs/torch_pyg/lib/python3.12/site-packages/torch/_inductor/select_algorithm.py:2691] [2/0] Runtime error during autotuning: 
E0926 17:39:25.588000 2111079 /mnt/ffs24/home/khanmd/.conda/envs/torch_pyg/lib/python3.12/site-packages/torch/_inductor/select_algorithm.py:2691] [2/0] CUDA driver error: invalid argument
E0926 17:39:25.588000 2111079 /mnt/ffs24/home/khanmd/.conda/envs/torch_pyg/lib/python3.12/site-packages/torch/_inductor/select_algorithm.py:2691] [2/0] 
E0926 17:39:25.588000 2111079 /mnt/ffs24/home/khanmd/.conda/envs/torch_pyg/lib/python3.12/site-packages/torch/_inductor/select_algorithm.py:2691] [2/0] This may mean this GPU is too small for max_autotune mode.
E0926 17:39:25.588000 2111079 /mnt/ffs24/home/khanmd/.conda/envs/torch_pyg/lib/python3.12/site-packages/torch/_inductor/select_algorithm.py:2691] [2/0] 
E0926 17:39:25.588000 2111079 /mnt/ffs24/home/khanmd/.conda/envs/torch_pyg/lib/python3.12/site-packages/torch/_inductor/select_algorithm.py:2691] [2/0] . 
E0926 17:39:25.588000 2111079 /mnt/ffs24/home/khanmd/.conda/envs/torch_pyg/lib/python3.12/site-packages/torch/_inductor/select_algorithm.py:2691] [2/0] Ignoring this choice.
E0926 17:39:25.593000 2111079 /mnt/ffs24/home/khanmd/.conda/envs/torch_pyg/lib/python3.12/site-packages/torch/_inductor/select_algorithm.py:2691] [2/0] Runtime error during autotuning: 
E0926 17:39:25.593000 2111079 /mnt/ffs24/home/khanmd/.conda/envs/torch_pyg/lib/python3.12/site-packages/torch/_inductor/select_algorithm.py:2691] [2/0] CUDA driver error: invalid argument
E0926 17:39:25.593000 2111079 /mnt/ffs24/home/khanmd/.conda/envs/torch_pyg/lib/python3.12/site-packages/torch/_inductor/select_algorithm.py:2691] [2/0] 
E0926 17:39:25.593000 2111079 /mnt/ffs24/home/khanmd/.conda/envs/torch_pyg/lib/python3.12/site-packages/torch/_inductor/select_algorithm.py:2691] [2/0] This may mean this GPU is too small for max_autotune mode.
E0926 17:39:25.593000 2111079 /mnt/ffs24/home/khanmd/.conda/envs/torch_pyg/lib/python3.12/site-packages/torch/_inductor/select_algorithm.py:2691] [2/0] 
E0926 17:39:25.593000 2111079 /mnt/ffs24/home/khanmd/.conda/envs/torch_pyg/lib/python3.12/site-packages/torch/_inductor/select_algorithm.py:2691] [2/0] . 
E0926 17:39:25.593000 2111079 /mnt/ffs24/home/khanmd/.conda/envs/torch_pyg/lib/python3.12/site-packages/torch/_inductor/select_algorithm.py:2691] [2/0] Ignoring this choice.
E0926 17:39:25.597000 2111079 /mnt/ffs24/home/khanmd/.conda/envs/torch_pyg/lib/python3.12/site-packages/torch/_inductor/select_algorithm.py:2691] [2/0] Runtime error during autotuning: 
E0926 17:39:25.597000 2111079 /mnt/ffs24/home/khanmd/.conda/envs/torch_pyg/lib/python3.12/site-packages/torch/_inductor/select_algorithm.py:2691] [2/0] CUDA driver error: invalid argument
E0926 17:39:25.597000 2111079 /mnt/ffs24/home/khanmd/.conda/envs/torch_pyg/lib/python3.12/site-packages/torch/_inductor/select_algorithm.py:2691] [2/0] 
E0926 17:39:25.597000 2111079 /mnt/ffs24/home/khanmd/.conda/envs/torch_pyg/lib/python3.12/site-packages/torch/_inductor/select_algorithm.py:2691] [2/0] This may mean this GPU is too small for max_autotune mode.
E0926 17:39:25.597000 2111079 /mnt/ffs24/home/khanmd/.conda/envs/torch_pyg/lib/python3.12/site-packages/torch/_inductor/select_algorithm.py:2691] [2/0] 
E0926 17:39:25.597000 2111079 /mnt/ffs24/home/khanmd/.conda/envs/torch_pyg/lib/python3.12/site-packages/torch/_inductor/select_algorithm.py:2691] [2/0] . 
E0926 17:39:25.597000 2111079 /mnt/ffs24/home/khanmd/.conda/envs/torch_pyg/lib/python3.12/site-packages/torch/_inductor/select_algorithm.py:2691] [2/0] Ignoring this choice.
E0926 17:39:25.601000 2111079 /mnt/ffs24/home/khanmd/.conda/envs/torch_pyg/lib/python3.12/site-packages/torch/_inductor/select_algorithm.py:2691] [2/0] Runtime error during autotuning: 
E0926 17:39:25.601000 2111079 /mnt/ffs24/home/khanmd/.conda/envs/torch_pyg/lib/python3.12/site-packages/torch/_inductor/select_algorithm.py:2691] [2/0] CUDA driver error: invalid argument
E0926 17:39:25.601000 2111079 /mnt/ffs24/home/khanmd/.conda/envs/torch_pyg/lib/python3.12/site-packages/torch/_inductor/select_algorithm.py:2691] [2/0] 
E0926 17:39:25.601000 2111079 /mnt/ffs24/home/khanmd/.conda/envs/torch_pyg/lib/python3.12/site-packages/torch/_inductor/select_algorithm.py:2691] [2/0] This may mean this GPU is too small for max_autotune mode.
E0926 17:39:25.601000 2111079 /mnt/ffs24/home/khanmd/.conda/envs/torch_pyg/lib/python3.12/site-packages/torch/_inductor/select_algorithm.py:2691] [2/0] 
E0926 17:39:25.601000 2111079 /mnt/ffs24/home/khanmd/.conda/envs/torch_pyg/lib/python3.12/site-packages/torch/_inductor/select_algorithm.py:2691] [2/0] . 
E0926 17:39:25.601000 2111079 /mnt/ffs24/home/khanmd/.conda/envs/torch_pyg/lib/python3.12/site-packages/torch/_inductor/select_algorithm.py:2691] [2/0] Ignoring this choice.
E0926 17:39:25.605000 2111079 /mnt/ffs24/home/khanmd/.conda/envs/torch_pyg/lib/python3.12/site-packages/torch/_inductor/select_algorithm.py:2691] [2/0] Runtime error during autotuning: 
E0926 17:39:25.605000 2111079 /mnt/ffs24/home/khanmd/.conda/envs/torch_pyg/lib/python3.12/site-packages/torch/_inductor/select_algorithm.py:2691] [2/0] CUDA driver error: invalid argument
E0926 17:39:25.605000 2111079 /mnt/ffs24/home/khanmd/.conda/envs/torch_pyg/lib/python3.12/site-packages/torch/_inductor/select_algorithm.py:2691] [2/0] 
E0926 17:39:25.605000 2111079 /mnt/ffs24/home/khanmd/.conda/envs/torch_pyg/lib/python3.12/site-packages/torch/_inductor/select_algorithm.py:2691] [2/0] This may mean this GPU is too small for max_autotune mode.
E0926 17:39:25.605000 2111079 /mnt/ffs24/home/khanmd/.conda/envs/torch_pyg/lib/python3.12/site-packages/torch/_inductor/select_algorithm.py:2691] [2/0] 
E0926 17:39:25.605000 2111079 /mnt/ffs24/home/khanmd/.conda/envs/torch_pyg/lib/python3.12/site-packages/torch/_inductor/select_algorithm.py:2691] [2/0] . 
E0926 17:39:25.605000 2111079 /mnt/ffs24/home/khanmd/.conda/envs/torch_pyg/lib/python3.12/site-packages/torch/_inductor/select_algorithm.py:2691] [2/0] Ignoring this choice.
AUTOTUNE bmm(2097152x3x3, 2097152x3x3)
strides: [9, 3, 1], [9, 3, 1]
dtypes: torch.float32, torch.float32
  bmm 4.0251 ms 100.0% 
  triton_bmm_191 inf ms 0.0% ACC_TYPE='tl.float32', ALLOW_TF32=True, BLOCK_K=16, BLOCK_M=16, BLOCK_N=16, EVEN_K=False, GROUP_M=8, USE_FAST_ACCUM=False, num_stages=1, num_warps=1
  triton_bmm_192 inf ms 0.0% ACC_TYPE='tl.float32', ALLOW_TF32=True, BLOCK_K=16, BLOCK_M=16, BLOCK_N=16, EVEN_K=False, GROUP_M=8, USE_FAST_ACCUM=False, num_stages=2, num_warps=1
  triton_bmm_193 inf ms 0.0% ACC_TYPE='tl.float32', ALLOW_TF32=True, BLOCK_K=16, BLOCK_M=16, BLOCK_N=16, EVEN_K=False, GROUP_M=8, USE_FAST_ACCUM=False, num_stages=5, num_warps=1
  triton_bmm_194 inf ms 0.0% ACC_TYPE='tl.float32', ALLOW_TF32=True, BLOCK_K=16, BLOCK_M=16, BLOCK_N=16, EVEN_K=False, GROUP_M=8, USE_FAST_ACCUM=False, num_stages=3, num_warps=1
  triton_bmm_195 inf ms 0.0% ACC_TYPE='tl.float32', ALLOW_TF32=True, BLOCK_K=16, BLOCK_M=16, BLOCK_N=16, EVEN_K=False, GROUP_M=8, USE_FAST_ACCUM=False, num_stages=4, num_warps=1
SingleProcess AUTOTUNE benchmarking takes 0.0746 seconds and 0.0001 seconds precompiling for 6 choices
skipping cudagraphs due to graph with symbolic shapes inputs and config.triton.cudagraph_skip_dynamic_graphs=True. Found from   File "/mnt/gs21/scratch/khanmd/nemo_v3_timing/src/gpu_nbody_moments.py", line 677, in forward
    s_a, v_a, Q = _moments_from_buf(buf_chunk)
  File "/mnt/gs21/scratch/khanmd/nemo_v3_timing/src/gpu_nbody_moments.py", line 582, in _moments_from_buf
    v_a = buf[:, :, 1:4]


[MobMoments] diag correction time: 33971.859 ms
[Mob_Nbody] Post-base path time: 45306.617 ms
[MobFMM] peak GPU memory: allocated 2259.33 MB, reserved 3402.00 MB
[MobFMM] near-field construction: 41.749 ms
[MobFMM] near-field operator time: 45345.992 ms
[MobFMM] overall Nearfield time: 45,406.199 ms
[MobFMM] near-field particles updates per sec: 22,023.42
[MobFMM] total GPU time: 45488.566 ms
[MobFMM] total particles updates per sec: 21,983.55


[MobFMM] far-field FMM GPU time: 62.277 ms
Building spatial grid for neighbor search...
Positions shape: (1000000,)
Counting neighbors per particle...
Total near-field pairs found: 49995572
Collecting neighbor edge indexes...
Warp::HashGrid took 4.69 ms
no of NN interactions: 49995572
[Mob_Nbody] Base velocity compute time: 8.404 ms
[MobMoments] pair moments time: 415.234 ms (24997786 pairs)
[MobMoments] diag correction time: 63.194 ms
[Mob_Nbody] Post-base path time: 478.458 ms
[MobFMM] peak GPU memory: allocated 2198.33 MB, reserved 3402.00 MB
[MobFMM] near-field construction: 4.934 ms
[MobFMM] near-field operator time: 487.002 ms
[MobFMM] overall Nearfield time: 492.195 ms
[MobFMM] near-field particles updates per sec: 2,031,713.91
[MobFMM] total GPU time: 555.209 ms
[MobFMM] total particles updates per sec: 1,801,122.60


[MobFMM] far-field FMM GPU time: 62.231 ms
Building spatial grid for neighbor search...
Positions shape: (1000000,)
Counting neighbors per particle...
Total near-field pairs found: 49995572
Collecting neighbor edge indexes...
Warp::HashGrid took 4.37 ms
no of NN interactions: 49995572
[Mob_Nbody] Base velocity compute time: 8.259 ms
[MobMoments] pair moments time: 415.045 ms (24997786 pairs)
[MobMoments] diag correction time: 62.797 ms
[Mob_Nbody] Post-base path time: 477.871 ms
[MobFMM] peak GPU memory: allocated 2198.33 MB, reserved 3402.00 MB
[MobFMM] near-field construction: 4.510 ms
[MobFMM] near-field operator time: 486.230 ms
[MobFMM] overall Nearfield time: 490.980 ms
[MobFMM] near-field particles updates per sec: 2,036,742.42
[MobFMM] total GPU time: 553.857 ms
[MobFMM] total particles updates per sec: 1,805,520.41


[MobFMM] far-field FMM GPU time: 62.349 ms
Building spatial grid for neighbor search...
Positions shape: (1000000,)
Counting neighbors per particle...
Total near-field pairs found: 49995572
Collecting neighbor edge indexes...
Warp::HashGrid took 4.35 ms
no of NN interactions: 49995572
[Mob_Nbody] Base velocity compute time: 8.329 ms
[MobMoments] pair moments time: 415.077 ms (24997786 pairs)
[MobMoments] diag correction time: 62.841 ms
[Mob_Nbody] Post-base path time: 477.946 ms
[MobFMM] peak GPU memory: allocated 2198.33 MB, reserved 3402.00 MB
[MobFMM] near-field construction: 4.451 ms
[MobFMM] near-field operator time: 486.385 ms
[MobFMM] overall Nearfield time: 491.070 ms
[MobFMM] near-field particles updates per sec: 2,036,370.16
[MobFMM] total GPU time: 554.062 ms
[MobFMM] total particles updates per sec: 1,804,850.54


[MobFMM] far-field FMM GPU time: 62.091 ms
Building spatial grid for neighbor search...
Positions shape: (1000000,)
Counting neighbors per particle...
Total near-field pairs found: 49995572
Collecting neighbor edge indexes...
Warp::HashGrid took 4.27 ms
no of NN interactions: 49995572
[Mob_Nbody] Base velocity compute time: 8.226 ms
[MobMoments] pair moments time: 414.924 ms (24997786 pairs)
[MobMoments] diag correction time: 62.919 ms
[Mob_Nbody] Post-base path time: 477.872 ms
[MobFMM] peak GPU memory: allocated 2198.33 MB, reserved 3402.00 MB
[MobFMM] near-field construction: 4.382 ms
[MobFMM] near-field operator time: 486.204 ms
[MobFMM] overall Nearfield time: 490.808 ms
[MobFMM] near-field particles updates per sec: 2,037,458.57
[MobFMM] total GPU time: 553.545 ms
[MobFMM] total particles updates per sec: 1,806,537.32


[MobFMM] far-field FMM GPU time: 62.182 ms
Building spatial grid for neighbor search...
Positions shape: (1000000,)
Counting neighbors per particle...
Total near-field pairs found: 49995572
Collecting neighbor edge indexes...
Warp::HashGrid took 4.26 ms
no of NN interactions: 49995572
[Mob_Nbody] Base velocity compute time: 8.214 ms
[MobMoments] pair moments time: 415.318 ms (24997786 pairs)
[MobMoments] diag correction time: 62.802 ms
[Mob_Nbody] Post-base path time: 478.150 ms
[MobFMM] peak GPU memory: allocated 2198.33 MB, reserved 3402.00 MB
[MobFMM] near-field construction: 4.361 ms
[MobFMM] near-field operator time: 486.464 ms
[MobFMM] overall Nearfield time: 491.041 ms
[MobFMM] near-field particles updates per sec: 2,036,489.51
[MobFMM] total GPU time: 553.882 ms
[MobFMM] total particles updates per sec: 1,805,437.25


[MobFMM] far-field FMM GPU time: 62.383 ms
Building spatial grid for neighbor search...
Positions shape: (1000000,)
Counting neighbors per particle...
Total near-field pairs found: 49995572
Collecting neighbor edge indexes...
Warp::HashGrid took 4.26 ms
no of NN interactions: 49995572
[Mob_Nbody] Base velocity compute time: 8.201 ms
[MobMoments] pair moments time: 415.032 ms (24997786 pairs)
[MobMoments] diag correction time: 63.270 ms
[Mob_Nbody] Post-base path time: 478.338 ms
[MobFMM] peak GPU memory: allocated 2198.33 MB, reserved 3402.00 MB
[MobFMM] near-field construction: 4.372 ms
[MobFMM] near-field operator time: 486.668 ms
[MobFMM] overall Nearfield time: 491.254 ms
[MobFMM] near-field particles updates per sec: 2,035,608.11
[MobFMM] total GPU time: 554.429 ms
[MobFMM] total particles updates per sec: 1,803,657.21


[MobFMM] far-field FMM GPU time: 62.157 ms
Building spatial grid for neighbor search...
Positions shape: (1000000,)
Counting neighbors per particle...
Total near-field pairs found: 49995572
Collecting neighbor edge indexes...
Warp::HashGrid took 4.39 ms
no of NN interactions: 49995572
[Mob_Nbody] Base velocity compute time: 8.265 ms
[MobMoments] pair moments time: 415.176 ms (24997786 pairs)
[MobMoments] diag correction time: 63.217 ms
[Mob_Nbody] Post-base path time: 478.423 ms
[MobFMM] peak GPU memory: allocated 2198.33 MB, reserved 3402.00 MB
[MobFMM] near-field construction: 4.605 ms
[MobFMM] near-field operator time: 486.826 ms
[MobFMM] overall Nearfield time: 491.645 ms
[MobFMM] near-field particles updates per sec: 2,033,988.49
[MobFMM] total GPU time: 554.629 ms
[MobFMM] total particles updates per sec: 1,803,005.97


[MobFMM] far-field FMM GPU time: 62.146 ms
Building spatial grid for neighbor search...
Positions shape: (1000000,)
Counting neighbors per particle...
Total near-field pairs found: 49995572
Collecting neighbor edge indexes...
Warp::HashGrid took 4.30 ms
no of NN interactions: 49995572
[Mob_Nbody] Base velocity compute time: 8.245 ms
[MobMoments] pair moments time: 414.906 ms (24997786 pairs)
[MobMoments] diag correction time: 62.981 ms
[Mob_Nbody] Post-base path time: 477.920 ms
[MobFMM] peak GPU memory: allocated 2198.33 MB, reserved 3402.00 MB
[MobFMM] near-field construction: 4.424 ms
[MobFMM] near-field operator time: 486.280 ms
[MobFMM] overall Nearfield time: 490.932 ms
[MobFMM] near-field particles updates per sec: 2,036,942.46
[MobFMM] total GPU time: 553.874 ms
[MobFMM] total particles updates per sec: 1,805,464.90


[MobFMM] far-field FMM GPU time: 62.405 ms
Building spatial grid for neighbor search...
Positions shape: (1000000,)
Counting neighbors per particle...
Total near-field pairs found: 49995572
Collecting neighbor edge indexes...
Warp::HashGrid took 4.36 ms
no of NN interactions: 49995572
[Mob_Nbody] Base velocity compute time: 8.243 ms
[MobMoments] pair moments time: 415.401 ms (24997786 pairs)
[MobMoments] diag correction time: 62.782 ms
[Mob_Nbody] Post-base path time: 478.214 ms
[MobFMM] peak GPU memory: allocated 2198.33 MB, reserved 3402.00 MB
[MobFMM] near-field construction: 4.501 ms
[MobFMM] near-field operator time: 486.611 ms
[MobFMM] overall Nearfield time: 491.340 ms
[MobFMM] near-field particles updates per sec: 2,035,252.58
[MobFMM] total GPU time: 554.523 ms
[MobFMM] total particles updates per sec: 1,803,350.88


[MobFMM] far-field FMM GPU time: 62.446 ms
Building spatial grid for neighbor search...
Positions shape: (1000000,)
Counting neighbors per particle...
Total near-field pairs found: 49995572
Collecting neighbor edge indexes...
Warp::HashGrid took 4.29 ms
no of NN interactions: 49995572
[Mob_Nbody] Base velocity compute time: 8.235 ms
[MobMoments] pair moments time: 414.933 ms (24997786 pairs)
[MobMoments] diag correction time: 62.754 ms
[Mob_Nbody] Post-base path time: 477.718 ms
[MobFMM] peak GPU memory: allocated 2198.33 MB, reserved 3402.00 MB
[MobFMM] near-field construction: 4.400 ms
[MobFMM] near-field operator time: 486.080 ms
[MobFMM] overall Nearfield time: 490.721 ms
[MobFMM] near-field particles updates per sec: 2,037,819.82
[MobFMM] total GPU time: 553.941 ms
[MobFMM] total particles updates per sec: 1,805,246.87


[MobFMM] far-field FMM GPU time: 62.134 ms
Building spatial grid for neighbor search...
Positions shape: (1000000,)
Counting neighbors per particle...
Total near-field pairs found: 49995572
Collecting neighbor edge indexes...
Warp::HashGrid took 4.25 ms
no of NN interactions: 49995572
[Mob_Nbody] Base velocity compute time: 8.242 ms
[MobMoments] pair moments time: 415.077 ms (24997786 pairs)
[MobMoments] diag correction time: 62.781 ms
[Mob_Nbody] Post-base path time: 477.887 ms
[MobFMM] peak GPU memory: allocated 2198.33 MB, reserved 3402.00 MB
[MobFMM] near-field construction: 4.363 ms
[MobFMM] near-field operator time: 486.264 ms
[MobFMM] overall Nearfield time: 490.856 ms
[MobFMM] near-field particles updates per sec: 2,037,258.30
[MobFMM] total GPU time: 553.720 ms
[MobFMM] total particles updates per sec: 1,805,968.40


@@ N=1,000,000  total=554.18 ms (+-0.28)  far=62.13 ms  1.804 M updates/s  VRAM 2.15 GB

########## widebvh  N=2,000,000 ##########
[NNMobTorch] 2b LUT self-check: max rel deviation 1.810e-06 (16384 intervals over [0, 8.01])
[MobFMM] far-field FMM GPU time: 124.750 ms
Building spatial grid for neighbor search...
Positions shape: (2000000,)
Counting neighbors per particle...
Total near-field pairs found: 100270826
Collecting neighbor edge indexes...
Warp::HashGrid took 8.84 ms
no of NN interactions: 100270826
[Mob_Nbody] Base velocity compute time: 16.768 ms
skipping cudagraphs due to graph with symbolic shapes inputs and config.triton.cudagraph_skip_dynamic_graphs=True. Found from   File "/mnt/gs21/scratch/khanmd/nemo_v3_timing/src/gpu_nbody_moments.py", line 648, in forward
    x = (X76 - m.inv_mean) / m.inv_std


[MobMoments] pair moments time: 1273.583 ms (50135413 pairs)
W0926 17:39:53.011000 2111079 /mnt/ffs24/home/khanmd/.conda/envs/torch_pyg/lib/python3.12/site-packages/torch/fx/experimental/symbolic_shapes.py:6823] [2/1] _maybe_guard_rel() was called on non-relation expression Eq(s30, 1) | Eq(s30, s81)
skipping cudagraphs due to graph with symbolic shapes inputs and config.triton.cudagraph_skip_dynamic_graphs=True. Found from   File "/mnt/gs21/scratch/khanmd/nemo_v3_timing/src/gpu_nbody_moments.py", line 677, in forward
    s_a, v_a, Q = _moments_from_buf(buf_chunk)
  File "/mnt/gs21/scratch/khanmd/nemo_v3_timing/src/gpu_nbody_moments.py", line 582, in _moments_from_buf
    v_a = buf[:, :, 1:4]


[MobMoments] diag correction time: 4358.976 ms
[Mob_Nbody] Post-base path time: 5632.610 ms
[MobFMM] peak GPU memory: allocated 3746.00 MB, reserved 4830.00 MB
[MobFMM] near-field construction: 8.945 ms
[MobFMM] near-field operator time: 5649.517 ms
[MobFMM] overall Nearfield time: 5,659.131 ms
[MobFMM] near-field particles updates per sec: 353,411.16
[MobFMM] total GPU time: 5784.959 ms
[MobFMM] total particles updates per sec: 345,724.12


[MobFMM] far-field FMM GPU time: 124.909 ms
Building spatial grid for neighbor search...
Positions shape: (2000000,)
Counting neighbors per particle...
Total near-field pairs found: 100270826
Collecting neighbor edge indexes...
Warp::HashGrid took 8.40 ms
no of NN interactions: 100270826
[Mob_Nbody] Base velocity compute time: 16.597 ms
[MobMoments] pair moments time: 882.520 ms (50135413 pairs)
[MobMoments] diag correction time: 125.516 ms
[Mob_Nbody] Post-base path time: 1008.076 ms
[MobFMM] peak GPU memory: allocated 3685.22 MB, reserved 5214.00 MB
[MobFMM] near-field construction: 8.653 ms
[MobFMM] near-field operator time: 1024.800 ms
[MobFMM] overall Nearfield time: 1,033.812 ms
[MobFMM] near-field particles updates per sec: 1,934,588.61
[MobFMM] total GPU time: 1159.527 ms
[MobFMM] total particles updates per sec: 1,724,841.65


[MobFMM] far-field FMM GPU time: 125.056 ms
Building spatial grid for neighbor search...
Positions shape: (2000000,)
Counting neighbors per particle...
Total near-field pairs found: 100270826
Collecting neighbor edge indexes...
Warp::HashGrid took 8.17 ms
no of NN interactions: 100270826
[Mob_Nbody] Base velocity compute time: 16.495 ms
[MobMoments] pair moments time: 882.009 ms (50135413 pairs)
[MobMoments] diag correction time: 125.297 ms
[Mob_Nbody] Post-base path time: 1007.342 ms
[MobFMM] peak GPU memory: allocated 3685.22 MB, reserved 5214.00 MB
[MobFMM] near-field construction: 8.275 ms
[MobFMM] near-field operator time: 1023.958 ms
[MobFMM] overall Nearfield time: 1,032.565 ms
[MobFMM] near-field particles updates per sec: 1,936,924.41
[MobFMM] total GPU time: 1158.374 ms
[MobFMM] total particles updates per sec: 1,726,558.42


[MobFMM] far-field FMM GPU time: 125.062 ms
Building spatial grid for neighbor search...
Positions shape: (2000000,)
Counting neighbors per particle...
Total near-field pairs found: 100270826
Collecting neighbor edge indexes...
Warp::HashGrid took 8.09 ms
no of NN interactions: 100270826
[Mob_Nbody] Base velocity compute time: 16.475 ms
[MobMoments] pair moments time: 881.399 ms (50135413 pairs)
[MobMoments] diag correction time: 125.266 ms
[Mob_Nbody] Post-base path time: 1006.719 ms
[MobFMM] peak GPU memory: allocated 3685.22 MB, reserved 5214.00 MB
[MobFMM] near-field construction: 8.198 ms
[MobFMM] near-field operator time: 1023.381 ms
[MobFMM] overall Nearfield time: 1,031.905 ms
[MobFMM] near-field particles updates per sec: 1,938,163.09
[MobFMM] total GPU time: 1158.024 ms
[MobFMM] total particles updates per sec: 1,727,080.58


[MobFMM] far-field FMM GPU time: 125.159 ms
Building spatial grid for neighbor search...
Positions shape: (2000000,)
Counting neighbors per particle...
Total near-field pairs found: 100270826
Collecting neighbor edge indexes...
Warp::HashGrid took 8.26 ms
no of NN interactions: 100270826
[Mob_Nbody] Base velocity compute time: 16.517 ms
[MobMoments] pair moments time: 882.433 ms (50135413 pairs)
[MobMoments] diag correction time: 125.612 ms
[Mob_Nbody] Post-base path time: 1008.081 ms
[MobFMM] peak GPU memory: allocated 3685.22 MB, reserved 5214.00 MB
[MobFMM] near-field construction: 8.470 ms
[MobFMM] near-field operator time: 1024.755 ms
[MobFMM] overall Nearfield time: 1,033.551 ms
[MobFMM] near-field particles updates per sec: 1,935,077.12
[MobFMM] total GPU time: 1159.512 ms
[MobFMM] total particles updates per sec: 1,724,863.44


[MobFMM] far-field FMM GPU time: 125.078 ms
Building spatial grid for neighbor search...
Positions shape: (2000000,)
Counting neighbors per particle...
Total near-field pairs found: 100270826
Collecting neighbor edge indexes...
Warp::HashGrid took 8.09 ms
no of NN interactions: 100270826
[Mob_Nbody] Base velocity compute time: 16.487 ms
[MobMoments] pair moments time: 882.331 ms (50135413 pairs)
[MobMoments] diag correction time: 125.902 ms
[Mob_Nbody] Post-base path time: 1008.266 ms
[MobFMM] peak GPU memory: allocated 3685.22 MB, reserved 5214.00 MB
[MobFMM] near-field construction: 8.206 ms
[MobFMM] near-field operator time: 1024.906 ms
[MobFMM] overall Nearfield time: 1,033.446 ms
[MobFMM] near-field particles updates per sec: 1,935,272.55
[MobFMM] total GPU time: 1159.285 ms
[MobFMM] total particles updates per sec: 1,725,201.26


[MobFMM] far-field FMM GPU time: 271.272 ms
Building spatial grid for neighbor search...
Positions shape: (2000000,)
Counting neighbors per particle...
Total near-field pairs found: 100270826
Collecting neighbor edge indexes...
Warp::HashGrid took 8.26 ms
no of NN interactions: 100270826
[Mob_Nbody] Base velocity compute time: 16.536 ms
[MobMoments] pair moments time: 882.244 ms (50135413 pairs)
[MobMoments] diag correction time: 125.319 ms
[Mob_Nbody] Post-base path time: 1007.596 ms
[MobFMM] peak GPU memory: allocated 3685.22 MB, reserved 5214.00 MB
[MobFMM] near-field construction: 8.423 ms
[MobFMM] near-field operator time: 1024.256 ms
[MobFMM] overall Nearfield time: 1,033.020 ms
[MobFMM] near-field particles updates per sec: 1,936,070.44
[MobFMM] total GPU time: 1305.062 ms
[MobFMM] total particles updates per sec: 1,532,494.80


[MobFMM] far-field FMM GPU time: 125.338 ms
Building spatial grid for neighbor search...
Positions shape: (2000000,)
Counting neighbors per particle...
Total near-field pairs found: 100270826
Collecting neighbor edge indexes...
Warp::HashGrid took 8.08 ms
no of NN interactions: 100270826
[Mob_Nbody] Base velocity compute time: 16.469 ms
[MobMoments] pair moments time: 882.029 ms (50135413 pairs)
[MobMoments] diag correction time: 125.273 ms
[Mob_Nbody] Post-base path time: 1007.339 ms
[MobFMM] peak GPU memory: allocated 3685.22 MB, reserved 5214.00 MB
[MobFMM] near-field construction: 8.189 ms
[MobFMM] near-field operator time: 1023.952 ms
[MobFMM] overall Nearfield time: 1,032.466 ms
[MobFMM] near-field particles updates per sec: 1,937,108.99
[MobFMM] total GPU time: 1158.675 ms
[MobFMM] total particles updates per sec: 1,726,108.95


[MobFMM] far-field FMM GPU time: 125.008 ms
Building spatial grid for neighbor search...
Positions shape: (2000000,)
Counting neighbors per particle...
Total near-field pairs found: 100270826
Collecting neighbor edge indexes...
Warp::HashGrid took 8.08 ms
no of NN interactions: 100270826
[Mob_Nbody] Base velocity compute time: 16.468 ms
[MobMoments] pair moments time: 882.020 ms (50135413 pairs)
[MobMoments] diag correction time: 125.383 ms
[Mob_Nbody] Post-base path time: 1007.440 ms
[MobFMM] peak GPU memory: allocated 3685.22 MB, reserved 5214.00 MB
[MobFMM] near-field construction: 8.181 ms
[MobFMM] near-field operator time: 1024.039 ms
[MobFMM] overall Nearfield time: 1,032.552 ms
[MobFMM] near-field particles updates per sec: 1,936,949.37
[MobFMM] total GPU time: 1158.428 ms
[MobFMM] total particles updates per sec: 1,726,478.18


[MobFMM] far-field FMM GPU time: 124.981 ms
Building spatial grid for neighbor search...
Positions shape: (2000000,)
Counting neighbors per particle...
Total near-field pairs found: 100270826
Collecting neighbor edge indexes...
Warp::HashGrid took 8.13 ms
no of NN interactions: 100270826
[Mob_Nbody] Base velocity compute time: 16.493 ms
[MobMoments] pair moments time: 881.714 ms (50135413 pairs)
[MobMoments] diag correction time: 125.946 ms
[Mob_Nbody] Post-base path time: 1007.700 ms
[MobFMM] peak GPU memory: allocated 3685.22 MB, reserved 5214.00 MB
[MobFMM] near-field construction: 8.235 ms
[MobFMM] near-field operator time: 1024.340 ms
[MobFMM] overall Nearfield time: 1,032.896 ms
[MobFMM] near-field particles updates per sec: 1,936,304.06
[MobFMM] total GPU time: 1158.851 ms
[MobFMM] total particles updates per sec: 1,725,847.85


[MobFMM] far-field FMM GPU time: 124.847 ms
Building spatial grid for neighbor search...
Positions shape: (2000000,)
Counting neighbors per particle...
Total near-field pairs found: 100270826
Collecting neighbor edge indexes...
Warp::HashGrid took 8.24 ms
no of NN interactions: 100270826
[Mob_Nbody] Base velocity compute time: 16.511 ms
[MobMoments] pair moments time: 881.958 ms (50135413 pairs)
[MobMoments] diag correction time: 125.670 ms
[Mob_Nbody] Post-base path time: 1007.664 ms
[MobFMM] peak GPU memory: allocated 3685.22 MB, reserved 5214.00 MB
[MobFMM] near-field construction: 8.461 ms
[MobFMM] near-field operator time: 1024.334 ms
[MobFMM] overall Nearfield time: 1,033.121 ms
[MobFMM] near-field particles updates per sec: 1,935,881.72
[MobFMM] total GPU time: 1158.857 ms
[MobFMM] total particles updates per sec: 1,725,838.21


[MobFMM] far-field FMM GPU time: 125.100 ms
Building spatial grid for neighbor search...
Positions shape: (2000000,)
Counting neighbors per particle...
Total near-field pairs found: 100270826
Collecting neighbor edge indexes...
Warp::HashGrid took 8.14 ms
no of NN interactions: 100270826
[Mob_Nbody] Base velocity compute time: 16.511 ms
[MobMoments] pair moments time: 881.959 ms (50135413 pairs)
[MobMoments] diag correction time: 125.461 ms
[Mob_Nbody] Post-base path time: 1007.457 ms
[MobFMM] peak GPU memory: allocated 3685.22 MB, reserved 5214.00 MB
[MobFMM] near-field construction: 8.256 ms
[MobFMM] near-field operator time: 1024.103 ms
[MobFMM] overall Nearfield time: 1,032.707 ms
[MobFMM] near-field particles updates per sec: 1,936,657.91
[MobFMM] total GPU time: 1158.689 ms
[MobFMM] total particles updates per sec: 1,726,088.76


@@ N=2,000,000  total=1158.85 ms (+-0.09)  far=125.10 ms  1.726 M updates/s  VRAM 3.60 GB

wrote 2 rows -> data/fp32_levels_fig12_h200.csv

 N          total ms    far ms   M updates/s   VRAM GB
 1,000,000    554.18     62.13        1.804      2.15
 2,000,000   1158.85    125.10        1.726      3.60
