host nfh-001 job 17620385 sha bc4b227 raw data -> artifacts/logs/h200_v3_f32l2/h200v3_fig11_17620385
Warp 1.12.0.dev0 initialized:
   CUDA Toolkit 12.6, Driver 13.0
   Devices:
     "cpu"      : "x86_64"
     "cuda:0"   : "NVIDIA H200" (140 GiB, sm_90, mempool enabled)
   Kernel cache:
     /mnt/home/khanmd/.cache/warp/1.12.0.dev0
torch current cudaStream_t : 0
warp current cudaStream_t  : 94795686580944

===== subprocess: widebvh N=10,000 FMM_2body_RPY =====
Warp 1.12.0.dev0 initialized:
   CUDA Toolkit 12.6, Driver 13.0
   Devices:
     "cpu"      : "x86_64"
     "cuda:0"   : "NVIDIA H200" (140 GiB, sm_90, mempool enabled)
   Kernel cache:
     /mnt/home/khanmd/.cache/warp/1.12.0.dev0
torch current cudaStream_t : 0
warp current cudaStream_t  : 94304656010112

########## widebvh  N=10,000 FMM_2body_RPY ##########
[NNMobTorch] 2b LUT self-check: max rel deviation 1.810e-06 (16384 intervals over [0, 8.01])
skipping cudagraphs due to graph with symbolic shapes inputs and config.triton.cudagraph_skip_dynamic_graphs=True. Found from   File "/mnt/gs21/scratch/khanmd/nemo_v3_timing/src/gpu_mob_2b.py", line 331, in forward
    return self.parent._rpy_velocity(rel_vecs, src_wrench, viscosity)
  File "/mnt/gs21/scratch/khanmd/nemo_v3_timing/src/gpu_mob_2b.py", line 399, in _rpy_velocity
    mobility_batch = two_body_rpy_batch(rel_vecs, radii)
  File "/mnt/gs21/scratch/khanmd/nemo_v3_timing/benchmarks/bench_rpy.py", line 344, in two_body_rpy_batch
    mu_tt = torch.zeros((batch, 2, 2, 3, 3), dtype=dtype, device=device)


  FMM_2body_RPY    far=    7.27 self+2b=   1.11 nbody=    0.00 nsearch= 0.72 | sum=    9.10 vs total=    9.62 (unaccounted +0.52 ms, +5.4%)

wrote 1 rows -> data/fig11_breakdown_h200_v3_f32l2.csv

         N  operator            far    self+2b     nbody  nsearch       sum     total   far share
    10,000  FMM_2body_RPY        7.27      1.11      0.00    0.72      9.10      9.62      75.5%

===== subprocess: widebvh N=10,000 FMM_2body_NN =====
Warp 1.12.0.dev0 initialized:
   CUDA Toolkit 12.6, Driver 13.0
   Devices:
     "cpu"      : "x86_64"
     "cuda:0"   : "NVIDIA H200" (140 GiB, sm_90, mempool enabled)
   Kernel cache:
     /mnt/home/khanmd/.cache/warp/1.12.0.dev0
torch current cudaStream_t : 0
warp current cudaStream_t  : 94006797305968

########## widebvh  N=10,000 FMM_2body_NN ##########
[NNMobTorch] 2b LUT self-check: max rel deviation 1.810e-06 (16384 intervals over [0, 8.01])
  FMM_2body_NN     far=    7.25 self+2b=   0.64 nbody=    0.00 nsearch= 0.72 | sum=    8.60 vs total=    9.13 (unaccounted +0.53 ms, +5.8%)

wrote 1 rows -> data/fig11_breakdown_h200_v3_f32l2.csv

         N  operator            far    self+2b     nbody  nsearch       sum     total   far share
    10,000  FMM_2body_NN         7.25      0.64      0.00    0.72      8.60      9.13      79.4%

===== subprocess: widebvh N=10,000 FMM_Nbody_Moments =====
Warp 1.12.0.dev0 initialized:
   CUDA Toolkit 12.6, Driver 13.0
   Devices:
     "cpu"      : "x86_64"
     "cuda:0"   : "NVIDIA H200" (140 GiB, sm_90, mempool enabled)
   Kernel cache:
     /mnt/home/khanmd/.cache/warp/1.12.0.dev0
torch current cudaStream_t : 0
warp current cudaStream_t  : 94697000683760

########## widebvh  N=10,000 FMM_Nbody_Moments ##########
[NNMobTorch] 2b LUT self-check: max rel deviation 1.810e-06 (16384 intervals over [0, 8.01])
skipping cudagraphs due to graph with symbolic shapes inputs and config.triton.cudagraph_skip_dynamic_graphs=True. Found from   File "/mnt/gs21/scratch/khanmd/nemo_v3_timing/src/gpu_nbody_moments.py", line 648, in forward
    x = (X76 - m.inv_mean) / m.inv_std


skipping cudagraphs due to graph with symbolic shapes inputs and config.triton.cudagraph_skip_dynamic_graphs=True. Found from   File "/mnt/gs21/scratch/khanmd/nemo_v3_timing/src/gpu_nbody_moments.py", line 658, in forward
    rel = pos[s_c] - pos[t_c]


W0923 01:53:17.985000 2572840 /mnt/ffs24/home/khanmd/.conda/envs/torch_pyg/lib/python3.12/site-packages/torch/fx/experimental/symbolic_shapes.py:6823] [2/0] _maybe_guard_rel() was called on non-relation expression Eq(s30, 1) | Eq(s30, s81)
skipping cudagraphs due to graph with symbolic shapes inputs and config.triton.cudagraph_skip_dynamic_graphs=True. Found from   File "/mnt/gs21/scratch/khanmd/nemo_v3_timing/src/gpu_nbody_moments.py", line 677, in forward
    s_a, v_a, Q = _moments_from_buf(buf_chunk)
  File "/mnt/gs21/scratch/khanmd/nemo_v3_timing/src/gpu_nbody_moments.py", line 582, in _moments_from_buf
    v_a = buf[:, :, 1:4]


  FMM_Nbody_Moments far=    7.28 self+2b=   0.51 nbody=    5.22 nsearch= 0.73 | sum=   13.73 vs total=   14.46 (unaccounted +0.73 ms, +5.1%)

wrote 1 rows -> data/fig11_breakdown_h200_v3_f32l2.csv

         N  operator            far    self+2b     nbody  nsearch       sum     total   far share
    10,000  FMM_Nbody_Moments     7.28      0.51      5.22    0.73     13.73     14.46      50.3%

===== subprocess: widebvh N=50,000 FMM_2body_RPY =====
Warp 1.12.0.dev0 initialized:
   CUDA Toolkit 12.6, Driver 13.0
   Devices:
     "cpu"      : "x86_64"
     "cuda:0"   : "NVIDIA H200" (140 GiB, sm_90, mempool enabled)
   Kernel cache:
     /mnt/home/khanmd/.cache/warp/1.12.0.dev0
torch current cudaStream_t : 0
warp current cudaStream_t  : 94020893524432

########## widebvh  N=50,000 FMM_2body_RPY ##########
[NNMobTorch] 2b LUT self-check: max rel deviation 1.810e-06 (16384 intervals over [0, 8.01])
skipping cudagraphs due to graph with symbolic shapes inputs and config.triton.cudagraph_skip_dynamic_graphs=True. Found from   File "/mnt/gs21/scratch/khanmd/nemo_v3_timing/src/gpu_mob_2b.py", line 331, in forward
    return self.parent._rpy_velocity(rel_vecs, src_wrench, viscosity)
  File "/mnt/gs21/scratch/khanmd/nemo_v3_timing/src/gpu_mob_2b.py", line 399, in _rpy_velocity
    mobility_batch = two_body_rpy_batch(rel_vecs, radii)
  File "/mnt/gs21/scratch/khanmd/nemo_v3_timing/benchmarks/bench_rpy.py", line 344, in two_body_rpy_batch
    mu_tt = torch.zeros((batch, 2, 2, 3, 3), dtype=dtype, device=device)


  FMM_2body_RPY    far=    9.95 self+2b=   2.82 nbody=    0.00 nsearch= 0.78 | sum=   13.54 vs total=   14.08 (unaccounted +0.54 ms, +3.8%)

wrote 1 rows -> data/fig11_breakdown_h200_v3_f32l2.csv

         N  operator            far    self+2b     nbody  nsearch       sum     total   far share
    50,000  FMM_2body_RPY        9.95      2.82      0.00    0.78     13.54     14.08      70.7%

===== subprocess: widebvh N=50,000 FMM_2body_NN =====
Warp 1.12.0.dev0 initialized:
   CUDA Toolkit 12.6, Driver 13.0
   Devices:
     "cpu"      : "x86_64"
     "cuda:0"   : "NVIDIA H200" (140 GiB, sm_90, mempool enabled)
   Kernel cache:
     /mnt/home/khanmd/.cache/warp/1.12.0.dev0
torch current cudaStream_t : 0
warp current cudaStream_t  : 94539261010992

########## widebvh  N=50,000 FMM_2body_NN ##########
[NNMobTorch] 2b LUT self-check: max rel deviation 1.810e-06 (16384 intervals over [0, 8.01])
  FMM_2body_NN     far=    9.82 self+2b=   0.93 nbody=    0.00 nsearch= 0.77 | sum=   11.52 vs total=   12.05 (unaccounted +0.53 ms, +4.4%)

wrote 1 rows -> data/fig11_breakdown_h200_v3_f32l2.csv

         N  operator            far    self+2b     nbody  nsearch       sum     total   far share
    50,000  FMM_2body_NN         9.82      0.93      0.00    0.77     11.52     12.05      81.5%

===== subprocess: widebvh N=50,000 FMM_Nbody_Moments =====
Warp 1.12.0.dev0 initialized:
   CUDA Toolkit 12.6, Driver 13.0
   Devices:
     "cpu"      : "x86_64"
     "cuda:0"   : "NVIDIA H200" (140 GiB, sm_90, mempool enabled)
   Kernel cache:
     /mnt/home/khanmd/.cache/warp/1.12.0.dev0
torch current cudaStream_t : 0
warp current cudaStream_t  : 94647379924368

########## widebvh  N=50,000 FMM_Nbody_Moments ##########
[NNMobTorch] 2b LUT self-check: max rel deviation 1.810e-06 (16384 intervals over [0, 8.01])
skipping cudagraphs due to graph with symbolic shapes inputs and config.triton.cudagraph_skip_dynamic_graphs=True. Found from   File "/mnt/gs21/scratch/khanmd/nemo_v3_timing/src/gpu_nbody_moments.py", line 648, in forward
    x = (X76 - m.inv_mean) / m.inv_std


skipping cudagraphs due to graph with symbolic shapes inputs and config.triton.cudagraph_skip_dynamic_graphs=True. Found from   File "/mnt/gs21/scratch/khanmd/nemo_v3_timing/src/gpu_nbody_moments.py", line 658, in forward
    rel = pos[s_c] - pos[t_c]


W0923 01:53:54.140000 2573793 /mnt/ffs24/home/khanmd/.conda/envs/torch_pyg/lib/python3.12/site-packages/torch/fx/experimental/symbolic_shapes.py:6823] [2/0] _maybe_guard_rel() was called on non-relation expression Eq(s30, 1) | Eq(s30, s81)
skipping cudagraphs due to graph with symbolic shapes inputs and config.triton.cudagraph_skip_dynamic_graphs=True. Found from   File "/mnt/gs21/scratch/khanmd/nemo_v3_timing/src/gpu_nbody_moments.py", line 677, in forward
    s_a, v_a, Q = _moments_from_buf(buf_chunk)
  File "/mnt/gs21/scratch/khanmd/nemo_v3_timing/src/gpu_nbody_moments.py", line 582, in _moments_from_buf
    v_a = buf[:, :, 1:4]


  FMM_Nbody_Moments far=   10.01 self+2b=   0.80 nbody=   21.06 nsearch= 0.79 | sum=   32.66 vs total=   33.39 (unaccounted +0.73 ms, +2.2%)

wrote 1 rows -> data/fig11_breakdown_h200_v3_f32l2.csv

         N  operator            far    self+2b     nbody  nsearch       sum     total   far share
    50,000  FMM_Nbody_Moments    10.01      0.80     21.06    0.79     32.66     33.39      30.0%

===== subprocess: widebvh N=100,000 FMM_2body_RPY =====
Warp 1.12.0.dev0 initialized:
   CUDA Toolkit 12.6, Driver 13.0
   Devices:
     "cpu"      : "x86_64"
     "cuda:0"   : "NVIDIA H200" (140 GiB, sm_90, mempool enabled)
   Kernel cache:
     /mnt/home/khanmd/.cache/warp/1.12.0.dev0
torch current cudaStream_t : 0
warp current cudaStream_t  : 94402919134560

########## widebvh  N=100,000 FMM_2body_RPY ##########
[NNMobTorch] 2b LUT self-check: max rel deviation 1.810e-06 (16384 intervals over [0, 8.01])
skipping cudagraphs due to graph with symbolic shapes inputs and config.triton.cudagraph_skip_dynamic_graphs=True. Found from   File "/mnt/gs21/scratch/khanmd/nemo_v3_timing/src/gpu_mob_2b.py", line 331, in forward
    return self.parent._rpy_velocity(rel_vecs, src_wrench, viscosity)
  File "/mnt/gs21/scratch/khanmd/nemo_v3_timing/src/gpu_mob_2b.py", line 399, in _rpy_velocity
    mobility_batch = two_body_rpy_batch(rel_vecs, radii)
  File "/mnt/gs21/scratch/khanmd/nemo_v3_timing/benchmarks/bench_rpy.py", line 344, in two_body_rpy_batch
    mu_tt = torch.zeros((batch, 2, 2, 3, 3), dtype=dtype, device=device)


  FMM_2body_RPY    far=   12.44 self+2b=   5.12 nbody=    0.00 nsearch= 0.99 | sum=   18.55 vs total=   19.09 (unaccounted +0.55 ms, +2.9%)

wrote 1 rows -> data/fig11_breakdown_h200_v3_f32l2.csv

         N  operator            far    self+2b     nbody  nsearch       sum     total   far share
   100,000  FMM_2body_RPY       12.44      5.12      0.00    0.99     18.55     19.09      65.1%

===== subprocess: widebvh N=100,000 FMM_2body_NN =====
Warp 1.12.0.dev0 initialized:
   CUDA Toolkit 12.6, Driver 13.0
   Devices:
     "cpu"      : "x86_64"
     "cuda:0"   : "NVIDIA H200" (140 GiB, sm_90, mempool enabled)
   Kernel cache:
     /mnt/home/khanmd/.cache/warp/1.12.0.dev0
torch current cudaStream_t : 0
warp current cudaStream_t  : 94378689204560

########## widebvh  N=100,000 FMM_2body_NN ##########
[NNMobTorch] 2b LUT self-check: max rel deviation 1.810e-06 (16384 intervals over [0, 8.01])
  FMM_2body_NN     far=   12.35 self+2b=   1.30 nbody=    0.00 nsearch= 0.97 | sum=   14.63 vs total=   15.18 (unaccounted +0.55 ms, +3.6%)

wrote 1 rows -> data/fig11_breakdown_h200_v3_f32l2.csv

         N  operator            far    self+2b     nbody  nsearch       sum     total   far share
   100,000  FMM_2body_NN        12.35      1.30      0.00    0.97     14.63     15.18      81.4%

===== subprocess: widebvh N=100,000 FMM_Nbody_Moments =====
Warp 1.12.0.dev0 initialized:
   CUDA Toolkit 12.6, Driver 13.0
   Devices:
     "cpu"      : "x86_64"
     "cuda:0"   : "NVIDIA H200" (140 GiB, sm_90, mempool enabled)
   Kernel cache:
     /mnt/home/khanmd/.cache/warp/1.12.0.dev0
torch current cudaStream_t : 0
warp current cudaStream_t  : 94311977752304

########## widebvh  N=100,000 FMM_Nbody_Moments ##########
[NNMobTorch] 2b LUT self-check: max rel deviation 1.810e-06 (16384 intervals over [0, 8.01])
skipping cudagraphs due to graph with symbolic shapes inputs and config.triton.cudagraph_skip_dynamic_graphs=True. Found from   File "/mnt/gs21/scratch/khanmd/nemo_v3_timing/src/gpu_nbody_moments.py", line 648, in forward
    x = (X76 - m.inv_mean) / m.inv_std


skipping cudagraphs due to graph with symbolic shapes inputs and config.triton.cudagraph_skip_dynamic_graphs=True. Found from   File "/mnt/gs21/scratch/khanmd/nemo_v3_timing/src/gpu_nbody_moments.py", line 658, in forward
    rel = pos[s_c] - pos[t_c]


W0923 01:54:29.959000 2574438 /mnt/ffs24/home/khanmd/.conda/envs/torch_pyg/lib/python3.12/site-packages/torch/fx/experimental/symbolic_shapes.py:6823] [2/0] _maybe_guard_rel() was called on non-relation expression Eq(s30, 1) | Eq(s30, s81)
skipping cudagraphs due to graph with symbolic shapes inputs and config.triton.cudagraph_skip_dynamic_graphs=True. Found from   File "/mnt/gs21/scratch/khanmd/nemo_v3_timing/src/gpu_nbody_moments.py", line 677, in forward
    s_a, v_a, Q = _moments_from_buf(buf_chunk)
  File "/mnt/gs21/scratch/khanmd/nemo_v3_timing/src/gpu_nbody_moments.py", line 582, in _moments_from_buf
    v_a = buf[:, :, 1:4]


  FMM_Nbody_Moments far=   12.45 self+2b=   1.17 nbody=   41.95 nsearch= 0.99 | sum=   56.55 vs total=   57.32 (unaccounted +0.77 ms, +1.3%)

wrote 1 rows -> data/fig11_breakdown_h200_v3_f32l2.csv

         N  operator            far    self+2b     nbody  nsearch       sum     total   far share
   100,000  FMM_Nbody_Moments    12.45      1.17     41.95    0.99     56.55     57.32      21.7%

===== subprocess: widebvh N=200,000 FMM_2body_RPY =====
Warp 1.12.0.dev0 initialized:
   CUDA Toolkit 12.6, Driver 13.0
   Devices:
     "cpu"      : "x86_64"
     "cuda:0"   : "NVIDIA H200" (140 GiB, sm_90, mempool enabled)
   Kernel cache:
     /mnt/home/khanmd/.cache/warp/1.12.0.dev0
torch current cudaStream_t : 0
warp current cudaStream_t  : 94526343053328

########## widebvh  N=200,000 FMM_2body_RPY ##########
[NNMobTorch] 2b LUT self-check: max rel deviation 1.810e-06 (16384 intervals over [0, 8.01])
skipping cudagraphs due to graph with symbolic shapes inputs and config.triton.cudagraph_skip_dynamic_graphs=True. Found from   File "/mnt/gs21/scratch/khanmd/nemo_v3_timing/src/gpu_mob_2b.py", line 331, in forward
    return self.parent._rpy_velocity(rel_vecs, src_wrench, viscosity)
  File "/mnt/gs21/scratch/khanmd/nemo_v3_timing/src/gpu_mob_2b.py", line 399, in _rpy_velocity
    mobility_batch = two_body_rpy_batch(rel_vecs, radii)
  File "/mnt/gs21/scratch/khanmd/nemo_v3_timing/benchmarks/bench_rpy.py", line 344, in two_body_rpy_batch
    mu_tt = torch.zeros((batch, 2, 2, 3, 3), dtype=dtype, device=device)


  FMM_2body_RPY    far=   17.82 self+2b=   9.82 nbody=    0.00 nsearch= 1.29 | sum=   28.94 vs total=   29.55 (unaccounted +0.62 ms, +2.1%)

wrote 1 rows -> data/fig11_breakdown_h200_v3_f32l2.csv

         N  operator            far    self+2b     nbody  nsearch       sum     total   far share
   200,000  FMM_2body_RPY       17.82      9.82      0.00    1.29     28.94     29.55      60.3%

===== subprocess: widebvh N=200,000 FMM_2body_NN =====
Warp 1.12.0.dev0 initialized:
   CUDA Toolkit 12.6, Driver 13.0
   Devices:
     "cpu"      : "x86_64"
     "cuda:0"   : "NVIDIA H200" (140 GiB, sm_90, mempool enabled)
   Kernel cache:
     /mnt/home/khanmd/.cache/warp/1.12.0.dev0
torch current cudaStream_t : 0
warp current cudaStream_t  : 93843016374656

########## widebvh  N=200,000 FMM_2body_NN ##########
[NNMobTorch] 2b LUT self-check: max rel deviation 1.810e-06 (16384 intervals over [0, 8.01])
  FMM_2body_NN     far=   17.74 self+2b=   2.08 nbody=    0.00 nsearch= 1.26 | sum=   21.09 vs total=   21.60 (unaccounted +0.52 ms, +2.4%)

wrote 1 rows -> data/fig11_breakdown_h200_v3_f32l2.csv

         N  operator            far    self+2b     nbody  nsearch       sum     total   far share
   200,000  FMM_2body_NN        17.74      2.08      0.00    1.26     21.09     21.60      82.1%

===== subprocess: widebvh N=200,000 FMM_Nbody_Moments =====
Warp 1.12.0.dev0 initialized:
   CUDA Toolkit 12.6, Driver 13.0
   Devices:
     "cpu"      : "x86_64"
     "cuda:0"   : "NVIDIA H200" (140 GiB, sm_90, mempool enabled)
   Kernel cache:
     /mnt/home/khanmd/.cache/warp/1.12.0.dev0
torch current cudaStream_t : 0
warp current cudaStream_t  : 94643878114128

########## widebvh  N=200,000 FMM_Nbody_Moments ##########
[NNMobTorch] 2b LUT self-check: max rel deviation 1.810e-06 (16384 intervals over [0, 8.01])
skipping cudagraphs due to graph with symbolic shapes inputs and config.triton.cudagraph_skip_dynamic_graphs=True. Found from   File "/mnt/gs21/scratch/khanmd/nemo_v3_timing/src/gpu_nbody_moments.py", line 648, in forward
    x = (X76 - m.inv_mean) / m.inv_std


skipping cudagraphs due to graph with symbolic shapes inputs and config.triton.cudagraph_skip_dynamic_graphs=True. Found from   File "/mnt/gs21/scratch/khanmd/nemo_v3_timing/src/gpu_nbody_moments.py", line 658, in forward
    rel = pos[s_c] - pos[t_c]


W0923 01:55:06.216000 2575098 /mnt/ffs24/home/khanmd/.conda/envs/torch_pyg/lib/python3.12/site-packages/torch/fx/experimental/symbolic_shapes.py:6823] [2/0] _maybe_guard_rel() was called on non-relation expression Eq(s30, 1) | Eq(s30, s81)
skipping cudagraphs due to graph with symbolic shapes inputs and config.triton.cudagraph_skip_dynamic_graphs=True. Found from   File "/mnt/gs21/scratch/khanmd/nemo_v3_timing/src/gpu_nbody_moments.py", line 677, in forward
    s_a, v_a, Q = _moments_from_buf(buf_chunk)
  File "/mnt/gs21/scratch/khanmd/nemo_v3_timing/src/gpu_nbody_moments.py", line 582, in _moments_from_buf
    v_a = buf[:, :, 1:4]


  FMM_Nbody_Moments far=   17.82 self+2b=   1.93 nbody=   85.87 nsearch= 1.34 | sum=  106.96 vs total=  107.75 (unaccounted +0.79 ms, +0.7%)

wrote 1 rows -> data/fig11_breakdown_h200_v3_f32l2.csv

         N  operator            far    self+2b     nbody  nsearch       sum     total   far share
   200,000  FMM_Nbody_Moments    17.82      1.93     85.87    1.34    106.96    107.75      16.5%

===== subprocess: widebvh N=1,000,000 FMM_2body_RPY =====
Warp 1.12.0.dev0 initialized:
   CUDA Toolkit 12.6, Driver 13.0
   Devices:
     "cpu"      : "x86_64"
     "cuda:0"   : "NVIDIA H200" (140 GiB, sm_90, mempool enabled)
   Kernel cache:
     /mnt/home/khanmd/.cache/warp/1.12.0.dev0
torch current cudaStream_t : 0
warp current cudaStream_t  : 94691080098688

########## widebvh  N=1,000,000 FMM_2body_RPY ##########
[NNMobTorch] 2b LUT self-check: max rel deviation 1.810e-06 (16384 intervals over [0, 8.01])
skipping cudagraphs due to graph with symbolic shapes inputs and config.triton.cudagraph_skip_dynamic_graphs=True. Found from   File "/mnt/gs21/scratch/khanmd/nemo_v3_timing/src/gpu_mob_2b.py", line 331, in forward
    return self.parent._rpy_velocity(rel_vecs, src_wrench, viscosity)
  File "/mnt/gs21/scratch/khanmd/nemo_v3_timing/src/gpu_mob_2b.py", line 399, in _rpy_velocity
    mobility_batch = two_body_rpy_batch(rel_vecs, radii)
  File "/mnt/gs21/scratch/khanmd/nemo_v3_timing/benchmarks/bench_rpy.py", line 344, in two_body_rpy_batch
    mu_tt = torch.zeros((batch, 2, 2, 3, 3), dtype=dtype, device=device)


  FMM_2body_RPY    far=   61.69 self+2b=  55.27 nbody=    0.00 nsearch= 4.30 | sum=  121.25 vs total=  121.94 (unaccounted +0.69 ms, +0.6%)

wrote 1 rows -> data/fig11_breakdown_h200_v3_f32l2.csv

         N  operator            far    self+2b     nbody  nsearch       sum     total   far share
 1,000,000  FMM_2body_RPY       61.69     55.27      0.00    4.30    121.25    121.94      50.6%

===== subprocess: widebvh N=1,000,000 FMM_2body_NN =====
Warp 1.12.0.dev0 initialized:
   CUDA Toolkit 12.6, Driver 13.0
   Devices:
     "cpu"      : "x86_64"
     "cuda:0"   : "NVIDIA H200" (140 GiB, sm_90, mempool enabled)
   Kernel cache:
     /mnt/home/khanmd/.cache/warp/1.12.0.dev0
torch current cudaStream_t : 0
warp current cudaStream_t  : 94454361370112

########## widebvh  N=1,000,000 FMM_2body_NN ##########
[NNMobTorch] 2b LUT self-check: max rel deviation 1.810e-06 (16384 intervals over [0, 8.01])
  FMM_2body_NN     far=   61.70 self+2b=   8.38 nbody=    0.00 nsearch= 4.30 | sum=   74.38 vs total=   75.02 (unaccounted +0.65 ms, +0.9%)

wrote 1 rows -> data/fig11_breakdown_h200_v3_f32l2.csv

         N  operator            far    self+2b     nbody  nsearch       sum     total   far share
 1,000,000  FMM_2body_NN        61.70      8.38      0.00    4.30     74.38     75.02      82.2%

===== subprocess: widebvh N=1,000,000 FMM_Nbody_Moments =====
Warp 1.12.0.dev0 initialized:
   CUDA Toolkit 12.6, Driver 13.0
   Devices:
     "cpu"      : "x86_64"
     "cuda:0"   : "NVIDIA H200" (140 GiB, sm_90, mempool enabled)
   Kernel cache:
     /mnt/home/khanmd/.cache/warp/1.12.0.dev0
torch current cudaStream_t : 0
warp current cudaStream_t  : 93935620626000

########## widebvh  N=1,000,000 FMM_Nbody_Moments ##########
[NNMobTorch] 2b LUT self-check: max rel deviation 1.810e-06 (16384 intervals over [0, 8.01])
skipping cudagraphs due to graph with symbolic shapes inputs and config.triton.cudagraph_skip_dynamic_graphs=True. Found from   File "/mnt/gs21/scratch/khanmd/nemo_v3_timing/src/gpu_nbody_moments.py", line 648, in forward
    x = (X76 - m.inv_mean) / m.inv_std


skipping cudagraphs due to graph with symbolic shapes inputs and config.triton.cudagraph_skip_dynamic_graphs=True. Found from   File "/mnt/gs21/scratch/khanmd/nemo_v3_timing/src/gpu_nbody_moments.py", line 658, in forward
    rel = pos[s_c] - pos[t_c]


W0923 01:55:51.382000 2575994 /mnt/ffs24/home/khanmd/.conda/envs/torch_pyg/lib/python3.12/site-packages/torch/fx/experimental/symbolic_shapes.py:6823] [2/0] _maybe_guard_rel() was called on non-relation expression Eq(s30, 1) | Eq(s30, s81)
skipping cudagraphs due to graph with symbolic shapes inputs and config.triton.cudagraph_skip_dynamic_graphs=True. Found from   File "/mnt/gs21/scratch/khanmd/nemo_v3_timing/src/gpu_nbody_moments.py", line 677, in forward
    s_a, v_a, Q = _moments_from_buf(buf_chunk)
  File "/mnt/gs21/scratch/khanmd/nemo_v3_timing/src/gpu_nbody_moments.py", line 582, in _moments_from_buf
    v_a = buf[:, :, 1:4]


  FMM_Nbody_Moments far=   61.84 self+2b=   8.21 nbody=  485.73 nsearch= 4.36 | sum=  560.14 vs total=  561.28 (unaccounted +1.14 ms, +0.2%)

wrote 1 rows -> data/fig11_breakdown_h200_v3_f32l2.csv

         N  operator            far    self+2b     nbody  nsearch       sum     total   far share
 1,000,000  FMM_Nbody_Moments    61.84      8.21    485.73    4.36    560.14    561.28      11.0%

         N  operator            far    self+2b     nbody  nsearch       sum     total   far share
    10,000  FMM_2body_RPY        7.27      1.11      0.00    0.72      9.10      9.62      75.5%
    10,000  FMM_2body_NN         7.25      0.64      0.00    0.72      8.60      9.13      79.4%
    10,000  FMM_Nbody_Moments     7.28      0.51      5.22    0.73     13.73     14.46      50.3%
    50,000  FMM_2body_RPY        9.95      2.82      0.00    0.78     13.54     14.08      70.7%
    50,000  FMM_2body_NN         9.82      0.93      0.00    0.77     11.52     12.05      81.5%
    50,000  FMM_Nbody_Moments    10.01      0.80     21.06    0.79     32.66     33.39      30.0%
   100,000  FMM_2body_RPY       12.44      5.12      0.00    0.99     18.55     19.09      65.1%
   100,000  FMM_2body_NN        12.35      1.30      0.00    0.97     14.63     15.18      81.4%
   100,000  FMM_Nbody_Moments    12.45      1.17     41.95    0.99     56.55     57.32      21.7%
   200,000  FMM_2body_RPY       17.82      9.82      0.00    1.29     28.94     29.55      60.3%
   200,000  FMM_2body_NN        17.74      2.08      0.00    1.26     21.09     21.60      82.1%
   200,000  FMM_Nbody_Moments    17.82      1.93     85.87    1.34    106.96    107.75      16.5%
 1,000,000  FMM_2body_RPY       61.69     55.27      0.00    4.30    121.25    121.94      50.6%
 1,000,000  FMM_2body_NN        61.70      8.38      0.00    4.30     74.38     75.02      82.2%
 1,000,000  FMM_Nbody_Moments    61.84      8.21    485.73    4.36    560.14    561.28      11.0%
finished Wed Sep 23 01:56:03 AM EDT 2026
