Warp 1.12.0.dev0 initialized:
   CUDA Toolkit 12.6, Driver 13.0
   Devices:
     "cpu"      : "x86_64"
     "cuda:0"   : "NVIDIA H200" (140 GiB, sm_90, mempool enabled)
   Kernel cache:
     /mnt/home/khanmd/.cache/warp/1.12.0.dev0
torch current cudaStream_t : 0
warp current cudaStream_t  : 94314649182448
n_side=250  N=15,625,000  phi=0.1  a=3.472931  fp32_level=2  mem_fraction=None  expandable_segments=True
gpu=NVIDIA H200  total=139.80 GiB
lattice built in 0.07 s, extent -432.6 .. 432.6
[NNMobTorch] 2b LUT self-check: max rel deviation 1.810e-06 (16384 intervals over [0, 8.01])
[MobFMM] far-field FMM GPU time: 1038.676 ms
Building spatial grid for neighbor search...
Positions shape: (15625000,)
Counting neighbors per particle...
    Module src.hashgrid_neighbors fa5b16d load on device 'cuda:0' took 4.00 ms  (cached)
Total near-field pairs found: 847058674
Collecting neighbor edge indexes...
Warp::HashGrid took 102.58 ms
no of NN interactions: 847058674
Module src.gpu_mob_2b c79e500 load on device 'cuda:0' took 3.55 ms  (cached)
[Mob_Nbody] Base velocity compute time: 131.334 ms
Module src.gpu_nbody_moments 96e48a8 load on device 'cuda:0' took 9.30 ms  (cached)
skipping cudagraphs due to graph with symbolic shapes inputs and config.triton.cudagraph_skip_dynamic_graphs=True. Found from   File "/mnt/gs21/scratch/khanmd/nemo_v3_timing/src/gpu_nbody_moments.py", line 648, in forward
    x = (X76 - m.inv_mean) / m.inv_std


[MobMoments] pair moments time: 7322.774 ms (423529337 pairs)
skipping cudagraphs due to graph with symbolic shapes inputs and config.triton.cudagraph_skip_dynamic_graphs=True. Found from   File "/mnt/gs21/scratch/khanmd/nemo_v3_timing/src/gpu_nbody_moments.py", line 658, in forward
    rel = pos[s_c] - pos[t_c]


W0923 01:57:28.863000 2576852 /mnt/ffs24/home/khanmd/.conda/envs/torch_pyg/lib/python3.12/site-packages/torch/fx/experimental/symbolic_shapes.py:6823] [2/0] _maybe_guard_rel() was called on non-relation expression Eq(s30, 1) | Eq(s30, s81)
skipping cudagraphs due to graph with symbolic shapes inputs and config.triton.cudagraph_skip_dynamic_graphs=True. Found from   File "/mnt/gs21/scratch/khanmd/nemo_v3_timing/src/gpu_nbody_moments.py", line 677, in forward
    s_a, v_a, Q = _moments_from_buf(buf_chunk)
  File "/mnt/gs21/scratch/khanmd/nemo_v3_timing/src/gpu_nbody_moments.py", line 582, in _moments_from_buf
    v_a = buf[:, :, 1:4]


[MobMoments] diag correction time: 4675.943 ms
[Mob_Nbody] Post-base path time: 11998.799 ms
[MobFMM] peak GPU memory: allocated 16209.75 MB, reserved 16846.00 MB
[MobFMM] near-field construction: 102.785 ms
[MobFMM] near-field operator time: 12130.418 ms
[MobFMM] overall Nearfield time: 12,249.587 ms
[MobFMM] near-field particles updates per sec: 1,275,553.22
[MobFMM] total GPU time: 13293.691 ms
[MobFMM] total particles updates per sec: 1,175,369.54


COLD apply: 13.29 s
[MobFMM] far-field FMM GPU time: 1026.990 ms
Building spatial grid for neighbor search...
Positions shape: (15625000,)
Counting neighbors per particle...
Total near-field pairs found: 847058674
Collecting neighbor edge indexes...
Warp::HashGrid took 58.65 ms
no of NN interactions: 847058674
[Mob_Nbody] Base velocity compute time: 118.848 ms
[MobMoments] pair moments time: 6228.522 ms (423529337 pairs)
[MobMoments] diag correction time: 940.998 ms
[Mob_Nbody] Post-base path time: 7169.591 ms
[MobFMM] peak GPU memory: allocated 21314.13 MB, reserved 21902.00 MB
[MobFMM] near-field construction: 58.944 ms
[MobFMM] near-field operator time: 7288.744 ms
[MobFMM] overall Nearfield time: 7,352.819 ms
[MobFMM] near-field particles updates per sec: 2,125,035.35
[MobFMM] total GPU time: 8382.207 ms
[MobFMM] total particles updates per sec: 1,864,067.54


WARM apply 1/3: 8.38 s
[MobFMM] far-field FMM GPU time: 1026.704 ms
Building spatial grid for neighbor search...
Positions shape: (15625000,)
Counting neighbors per particle...
Total near-field pairs found: 847058674
Collecting neighbor edge indexes...
Warp::HashGrid took 59.40 ms
no of NN interactions: 847058674
[Mob_Nbody] Base velocity compute time: 118.875 ms
[MobMoments] pair moments time: 6227.038 ms (423529337 pairs)
[MobMoments] diag correction time: 940.696 ms
[Mob_Nbody] Post-base path time: 7167.806 ms
[MobFMM] peak GPU memory: allocated 21314.13 MB, reserved 21902.00 MB
[MobFMM] near-field construction: 59.681 ms
[MobFMM] near-field operator time: 7286.966 ms
[MobFMM] overall Nearfield time: 7,351.797 ms
[MobFMM] near-field particles updates per sec: 2,125,330.61
[MobFMM] total GPU time: 8380.893 ms
[MobFMM] total particles updates per sec: 1,864,359.89


WARM apply 2/3: 8.38 s
[MobFMM] far-field FMM GPU time: 1027.188 ms
Building spatial grid for neighbor search...
Positions shape: (15625000,)
Counting neighbors per particle...
Total near-field pairs found: 847058674
Collecting neighbor edge indexes...
Warp::HashGrid took 58.59 ms
no of NN interactions: 847058674
[Mob_Nbody] Base velocity compute time: 118.948 ms
[MobMoments] pair moments time: 6231.211 ms (423529337 pairs)
[MobMoments] diag correction time: 940.586 ms
[Mob_Nbody] Post-base path time: 7171.864 ms
[MobFMM] peak GPU memory: allocated 21314.13 MB, reserved 21902.00 MB
[MobFMM] near-field construction: 58.881 ms
[MobFMM] near-field operator time: 7291.080 ms
[MobFMM] overall Nearfield time: 7,355.120 ms
[MobFMM] near-field particles updates per sec: 2,124,370.61
[MobFMM] total GPU time: 8384.620 ms
[MobFMM] total particles updates per sec: 1,863,531.06


WARM apply 3/3: 8.38 s
RESULT n_side=250 N=15625000 cold=ok warm_ok=3/3 warm_s=8.38,8.38,8.38 torch_alloc_gib=20.81 torch_reserved_gib=21.39 proc_mb=23448.0 gpu_used_mb_now=23459.0 fp32_level=2 mem_fraction=None empty_cache=1 near_op=moments-v3 cutoff=8.0 pair_budget_gb=8.388043212890624 finite=1 transverse/axial=6.00e-09 fail=""
